Archive member included because of file (symbol)

/opt/avrada/avr/lib/gnat/avr_lib/atmega328p/lib/libavrada.a(avr-real_time-delays.o)
                              /home/helipse/Dropbox/AdaProg/AdaProg/19_4 - I2C HMC5883L - twi complet/objects/main.o (ada__calendar__delays__delay_for)
/opt/avrada/avr/lib/gnat/avr_lib/atmega328p/lib/libavrada.a(avr-real_time-clock_impl.o)
                              b~main.o (avr__real_time__clock_impl___elabb)
/opt/avrada/avr/lib/gnat/avr_lib/atmega328p/lib/libavrada.a(avr-uart.o)
                              /home/helipse/Dropbox/AdaProg/AdaProg/19_4 - I2C HMC5883L - twi complet/objects/main.o (avr__uart__init)
/opt/avrada/avr/lib/gnat/avr_lib/atmega328p/lib/libavrada.a(avr-real_time-clock.o)
                              /opt/avrada/avr/lib/gnat/avr_lib/atmega328p/lib/libavrada.a(avr-real_time-delays.o) (_ada_avr__real_time__clock)
/opt/avrada/avr/lib/gnat/avr_lib/atmega328p/lib/libavrada.a(avr-timer0.o)
                              /opt/avrada/avr/lib/gnat/avr_lib/atmega328p/lib/libavrada.a(avr-real_time-clock_impl.o) (avr__timer0__init_ctc)
/opt/avrada/avr/lib/gnat/avr_lib/atmega328p/lib/libavrada.a(avr-real_time.o)
                              /opt/avrada/avr/lib/gnat/avr_lib/atmega328p/lib/libavrada.a(avr-real_time-delays.o) (avr__real_time__Oadd)
/opt/avrada/avr/lib/gnat/avr_lib/atmega328p/lib/libavrada.a(avr-int_img.o)
                              /opt/avrada/avr/lib/gnat/avr_lib/atmega328p/lib/libavrada.a(avr-uart.o) (avr__int_img__u8_hex_img)
/opt/avrada/avr/lib/gnat/avr_lib/atmega328p/lib/libavrada.a(avr-sleep.o)
                              /opt/avrada/avr/lib/gnat/avr_lib/atmega328p/lib/libavrada.a(avr-real_time-delays.o) (avr__sleep__set_mode)
/opt/avrada/lib/gcc/avr/4.7.0/avr5/libgcc.a(_usmulhisi3.o)
                              /opt/avrada/avr/lib/gnat/avr_lib/atmega328p/lib/libavrada.a(avr-real_time.o) (__usmulhisi3)
/opt/avrada/lib/gcc/avr/4.7.0/avr5/libgcc.a(_muluhisi3.o)
                              /opt/avrada/avr/lib/gnat/avr_lib/atmega328p/lib/libavrada.a(avr-real_time.o) (__muluhisi3)
/opt/avrada/lib/gcc/avr/4.7.0/avr5/libgcc.a(_mulshisi3.o)
                              /home/helipse/Dropbox/AdaProg/AdaProg/19_4 - I2C HMC5883L - twi complet/objects/i2c_hmc5883l.o (__mulshisi3)
/opt/avrada/lib/gcc/avr/4.7.0/avr5/libgcc.a(_mulsi3.o)
                              /opt/avrada/avr/lib/gnat/avr_lib/atmega328p/lib/libavrada.a(avr-real_time.o) (__mulsi3)
/opt/avrada/lib/gcc/avr/4.7.0/avr5/libgcc.a(_udivmodqi4.o)
                              /opt/avrada/avr/lib/gnat/avr_lib/atmega328p/lib/libavrada.a(avr-int_img.o) (__udivmodqi4)
/opt/avrada/lib/gcc/avr/4.7.0/avr5/libgcc.a(_udivmodhi4.o)
                              /opt/avrada/lib/gcc/avr/4.7.0/rts/avr5/adalib/s-stoele.o (__udivmodhi4)
/opt/avrada/lib/gcc/avr/4.7.0/avr5/libgcc.a(_divmodsi4.o)
                              /home/helipse/Dropbox/AdaProg/AdaProg/19_4 - I2C HMC5883L - twi complet/objects/main.o (__divmodsi4)
/opt/avrada/lib/gcc/avr/4.7.0/avr5/libgcc.a(_exit.o)
                              /opt/avrada/lib/gcc/avr/4.7.0/../../../../avr/lib/avr5/crtm328p.o (exit)
/opt/avrada/lib/gcc/avr/4.7.0/avr5/libgcc.a(_copy_data.o)
                              b~main.o (__do_copy_data)
/opt/avrada/lib/gcc/avr/4.7.0/avr5/libgcc.a(_clear_bss.o)
                              /home/helipse/Dropbox/AdaProg/AdaProg/19_4 - I2C HMC5883L - twi complet/objects/two_wire.o (__do_clear_bss)
/opt/avrada/lib/gcc/avr/4.7.0/avr5/libgcc.a(_umulhisi3.o)
                              /opt/avrada/lib/gcc/avr/4.7.0/avr5/libgcc.a(_usmulhisi3.o) (__umulhisi3)
/opt/avrada/lib/gcc/avr/4.7.0/avr5/libgcc.a(_udivmodsi4.o)
                              /opt/avrada/lib/gcc/avr/4.7.0/avr5/libgcc.a(_divmodsi4.o) (__udivmodsi4)
/opt/avrada/lib/gcc/avr/4.7.0/../../../../avr/lib/avr5/libc.a(itoa.o)
                              /opt/avrada/avr/lib/gnat/avr_lib/atmega328p/lib/libavrada.a(avr-int_img.o) (itoa)
/opt/avrada/lib/gcc/avr/4.7.0/../../../../avr/lib/avr5/libc.a(strrev.o)
                              /opt/avrada/lib/gcc/avr/4.7.0/../../../../avr/lib/avr5/libc.a(itoa.o) (strrev)

Discarded input sections

 .data          0x0000000000000000        0x0 /opt/avrada/lib/gcc/avr/4.7.0/../../../../avr/lib/avr5/crtm328p.o
 .bss           0x0000000000000000        0x0 /opt/avrada/lib/gcc/avr/4.7.0/../../../../avr/lib/avr5/crtm328p.o
 .text          0x0000000000000000        0x0 b~main.o
 .data          0x0000000000000000        0x0 b~main.o
 .bss           0x0000000000000000        0x0 b~main.o
 .rodata.two_wireS
                0x0000000000000000        0x4 b~main.o
 .rodata.two_wireB
                0x0000000000000000        0x4 b~main.o
 .rodata.i2c_hmc5883lS
                0x0000000000000000        0x4 b~main.o
 .rodata.i2c_hmc5883lB
                0x0000000000000000        0x4 b~main.o
 .rodata.system__storage_elementsS
                0x0000000000000000        0x4 b~main.o
 .rodata.system__storage_elementsB
[...]
Memory Configuration

Name             Origin             Length             Attributes
text             0x0000000000000000 0x0000000000020000 xr
data             0x0000000000800060 0x000000000000ffa0 rw !x
eeprom           0x0000000000810000 0x0000000000010000 rw !x
fuse             0x0000000000820000 0x0000000000000400 rw !x
lock             0x0000000000830000 0x0000000000000400 rw !x
signature        0x0000000000840000 0x0000000000000400 rw !x
*default*        0x0000000000000000 0xffffffffffffffff

Linker script and memory map

Address of section .data set to 0x800100
LOAD /opt/avrada/lib/gcc/avr/4.7.0/../../../../avr/lib/avr5/crtm328p.o
LOAD b~main.o
LOAD /opt/avrada/lib/gcc/avr/4.7.0/rts/avr5/adalib/ada.o
LOAD /opt/avrada/lib/gcc/avr/4.7.0/rts/avr5/adalib/a-calend.o
LOAD /opt/avrada/lib/gcc/avr/4.7.0/rts/avr5/adalib/interfac.o
LOAD /opt/avrada/lib/gcc/avr/4.7.0/rts/avr5/adalib/system.o
LOAD /opt/avrada/lib/gcc/avr/4.7.0/rts/avr5/adalib/a-except.o
LOAD /opt/avrada/lib/gcc/avr/4.7.0/rts/avr5/adalib/s-maccod.o
LOAD /opt/avrada/lib/gcc/avr/4.7.0/rts/avr5/adalib/s-stoele.o
LOAD /opt/avrada/lib/gcc/avr/4.7.0/rts/avr5/adalib/s-unstyp.o
LOAD /opt/avrada/lib/gcc/avr/4.7.0/rts/avr5/adalib/a-caldel.o
LOAD /home/helipse/Dropbox/AdaProg/AdaProg/19_4 - I2C HMC5883L - twi complet/objects/main.o
LOAD /home/helipse/Dropbox/AdaProg/AdaProg/19_4 - I2C HMC5883L - twi complet/objects/two_wire.o
LOAD /home/helipse/Dropbox/AdaProg/AdaProg/19_4 - I2C HMC5883L - twi complet/objects/i2c_hmc5883l.o
LOAD /opt/avrada/avr/lib/gnat/avr_lib/atmega328p/lib/libavrada.a
LOAD /opt/avrada/lib/gcc/avr/4.7.0/rts/avr5/adalib/libgnat.a
LOAD /opt/avrada/lib/gcc/avr/4.7.0/avr5/libgcc.a
LOAD /opt/avrada/lib/gcc/avr/4.7.0/../../../../avr/lib/avr5/libc.a
LOAD /opt/avrada/lib/gcc/avr/4.7.0/avr5/libgcc.a

.hash
 *(.hash)

.dynsym
 *(.dynsym)

.dynstr
 *(.dynstr)

.gnu.version
 *(.gnu.version)

.gnu.version_d
 *(.gnu.version_d)

.gnu.version_r
 *(.gnu.version_r)

.rel.init
 *(.rel.init)

.rela.init
 *(.rela.init)

.rel.text
 *(.rel.text)
 *(.rel.text.*)
 *(.rel.gnu.linkonce.t*)

.rela.text
 *(.rela.text)
 *(.rela.text.*)
 *(.rela.gnu.linkonce.t*)

.rel.fini
 *(.rel.fini)

.rela.fini
 *(.rela.fini)

.rel.rodata
 *(.rel.rodata)
 *(.rel.rodata.*)
 *(.rel.gnu.linkonce.r*)

.rela.rodata
 *(.rela.rodata)
 *(.rela.rodata.*)
 *(.rela.gnu.linkonce.r*)

.rel.data
 *(.rel.data)
 *(.rel.data.*)
 *(.rel.gnu.linkonce.d*)

.rela.data
 *(.rela.data)
 *(.rela.data.*)
 *(.rela.gnu.linkonce.d*)

.rel.ctors
 *(.rel.ctors)

.rela.ctors
 *(.rela.ctors)

.rel.dtors
 *(.rel.dtors)

.rela.dtors
 *(.rela.dtors)

.rel.got
 *(.rel.got)

.rela.got
 *(.rela.got)

.rel.bss
 *(.rel.bss)

.rela.bss
 *(.rela.bss)

.rel.plt
 *(.rel.plt)

.rela.plt
 *(.rela.plt)

.text           0x0000000000000000     0x1436
 *(.vectors)
 .vectors       0x0000000000000000       0x68 /opt/avrada/lib/gcc/avr/4.7.0/../../../../avr/lib/avr5/crtm328p.o
                0x0000000000000000                __vectors
                0x0000000000000000                __vector_default
 *(.vectors)
 *(.progmem.gcc*)
 *(.progmem*)
                0x0000000000000068                . = ALIGN (0x2)
                0x0000000000000068                __trampolines_start = .
 *(.trampolines)
 .trampolines   0x0000000000000068        0x0 linker stubs
 *(.trampolines*)
                0x0000000000000068                __trampolines_end = .
 *(.jumptables)
 *(.jumptables*)
 *(.lowtext)
 *(.lowtext*)
                0x0000000000000068                __ctors_start = .
 *(.ctors)
                0x0000000000000068                __ctors_end = .
                0x0000000000000068                __dtors_start = .
 *(.dtors)
                0x0000000000000068                __dtors_end = .
 SORT(*)(.ctors)
 SORT(*)(.dtors)
 *(.init0)
 .init0         0x0000000000000068        0x0 /opt/avrada/lib/gcc/avr/4.7.0/../../../../avr/lib/avr5/crtm328p.o
                0x0000000000000068                __init
 *(.init0)
 *(.init1)
 *(.init1)
 *(.init2)
 .init2         0x0000000000000068        0xc /opt/avrada/lib/gcc/avr/4.7.0/../../../../avr/lib/avr5/crtm328p.o
 *(.init2)
 *(.init3)
 *(.init3)
 *(.init4)
 .init4         0x0000000000000074       0x16 /opt/avrada/lib/gcc/avr/4.7.0/avr5/libgcc.a(_copy_data.o)
                0x0000000000000074                __do_copy_data
 .init4         0x000000000000008a       0x10 /opt/avrada/lib/gcc/avr/4.7.0/avr5/libgcc.a(_clear_bss.o)
                0x000000000000008a                __do_clear_bss
 *(.init4)
 *(.init5)
 *(.init5)
 *(.init6)
 *(.init6)
 *(.init7)
 *(.init7)
 *(.init8)
 *(.init8)
 *(.init9)
 .init9         0x000000000000009a        0x6 /opt/avrada/lib/gcc/avr/4.7.0/../../../../avr/lib/avr5/crtm328p.o
 *(.init9)
 *(.text)
 .text          0x00000000000000a0        0x2 /opt/avrada/lib/gcc/avr/4.7.0/../../../../avr/lib/avr5/crtm328p.o
                0x00000000000000a0                __vector_22
                0x00000000000000a0                __vector_1
                0x00000000000000a0                __vector_12
                0x00000000000000a0                __bad_interrupt
                0x00000000000000a0                __vector_6
                0x00000000000000a0                __vector_3
                0x00000000000000a0                __vector_23
                0x00000000000000a0                __vector_25
                0x00000000000000a0                __vector_11
                0x00000000000000a0                __vector_13
                0x00000000000000a0                __vector_17
                0x00000000000000a0                __vector_19
                0x00000000000000a0                __vector_7
                0x00000000000000a0                __vector_5
                0x00000000000000a0                __vector_4
                0x00000000000000a0                __vector_9
                0x00000000000000a0                __vector_2
                0x00000000000000a0                __vector_21
                0x00000000000000a0                __vector_15
                0x00000000000000a0                __vector_8
                0x00000000000000a0                __vector_10
                0x00000000000000a0                __vector_16
                0x00000000000000a0                __vector_20
                0x00000000000000a2                . = ALIGN (0x2)
 *(.text.*)
 .text.adainit  0x00000000000000a2       0x64 b~main.o
                0x00000000000000a2                adainit
 .text.startup.main
                0x0000000000000106        0x4 b~main.o
                0x0000000000000106                main
 .text.startup._ada_main
                0x000000000000010a      0x53c /home/helipse/Dropbox/AdaProg/AdaProg/19_4 - I2C HMC5883L - twi complet/objects/main.o
                0x000000000000010a                _ada_main
 .text.two_wire__stop
                0x0000000000000646       0x1a /home/helipse/Dropbox/AdaProg/AdaProg/19_4 - I2C HMC5883L - twi complet/objects/two_wire.o
 .text.two_wire__init
                0x0000000000000660       0x36 /home/helipse/Dropbox/AdaProg/AdaProg/19_4 - I2C HMC5883L - twi complet/objects/two_wire.o
                0x0000000000000660                two_wire__init
 .text.two_wire__request_data
                0x0000000000000696       0x2e /home/helipse/Dropbox/AdaProg/AdaProg/19_4 - I2C HMC5883L - twi complet/objects/two_wire.o
                0x0000000000000696                two_wire__request_data
 .text.two_wire__receive
                0x00000000000006c4       0x22 /home/helipse/Dropbox/AdaProg/AdaProg/19_4 - I2C HMC5883L - twi complet/objects/two_wire.o
                0x00000000000006c4                two_wire__receive
 .text.two_wire__write_data
                0x00000000000006e6       0x7e /home/helipse/Dropbox/AdaProg/AdaProg/19_4 - I2C HMC5883L - twi complet/objects/two_wire.o
                0x00000000000006e6                two_wire__write_data
 .text.__vector_24
                0x0000000000000764      0x150 /home/helipse/Dropbox/AdaProg/AdaProg/19_4 - I2C HMC5883L - twi complet/objects/two_wire.o
                0x0000000000000764                __vector_24
 .text.i2c_hmc5883l__fastregister8
                0x00000000000008b4       0x2c /home/helipse/Dropbox/AdaProg/AdaProg/19_4 - I2C HMC5883L - twi complet/objects/i2c_hmc5883l.o
 .text.i2c_hmc5883l__setrange
                0x00000000000008e0      0x128 /home/helipse/Dropbox/AdaProg/AdaProg/19_4 - I2C HMC5883L - twi complet/objects/i2c_hmc5883l.o
                0x00000000000008e0                i2c_hmc5883l__setrange
 .text.i2c_hmc5883l__setmeasurementmode
                0x0000000000000a08       0x54 /home/helipse/Dropbox/AdaProg/AdaProg/19_4 - I2C HMC5883L - twi complet/objects/i2c_hmc5883l.o
                0x0000000000000a08                i2c_hmc5883l__setmeasurementmode
 .text.i2c_hmc5883l__setdatarate
                0x0000000000000a5c       0x76 /home/helipse/Dropbox/AdaProg/AdaProg/19_4 - I2C HMC5883L - twi complet/objects/i2c_hmc5883l.o
                0x0000000000000a5c                i2c_hmc5883l__setdatarate
 .text.i2c_hmc5883l__setsamples
                0x0000000000000ad2       0x5a /home/helipse/Dropbox/AdaProg/AdaProg/19_4 - I2C HMC5883L - twi complet/objects/i2c_hmc5883l.o
                0x0000000000000ad2                i2c_hmc5883l__setsamples
 .text.i2c_hmc5883l__readraw
                0x0000000000000b2c       0xde /home/helipse/Dropbox/AdaProg/AdaProg/19_4 - I2C HMC5883L - twi complet/objects/i2c_hmc5883l.o
                0x0000000000000b2c                i2c_hmc5883l__readraw
 .text.i2c_hmc5883l__readnormalize
                0x0000000000000c0a       0xa2 /home/helipse/Dropbox/AdaProg/AdaProg/19_4 - I2C HMC5883L - twi complet/objects/i2c_hmc5883l.o
                0x0000000000000c0a                i2c_hmc5883l__readnormalize
 .text.i2c_hmc5883l__beginhmc5883l
                0x0000000000000cac       0x48 /home/helipse/Dropbox/AdaProg/AdaProg/19_4 - I2C HMC5883L - twi complet/objects/i2c_hmc5883l.o
                0x0000000000000cac                i2c_hmc5883l__beginhmc5883l
 .text.i2c_hmc5883l__getrange
                0x0000000000000cf4        0xa /home/helipse/Dropbox/AdaProg/AdaProg/19_4 - I2C HMC5883L - twi complet/objects/i2c_hmc5883l.o
                0x0000000000000cf4                i2c_hmc5883l__getrange
 .text.i2c_hmc5883l__getmeasurementmode
                0x0000000000000cfe        0x8 /home/helipse/Dropbox/AdaProg/AdaProg/19_4 - I2C HMC5883L - twi complet/objects/i2c_hmc5883l.o
                0x0000000000000cfe                i2c_hmc5883l__getmeasurementmode
 .text.i2c_hmc5883l__getdatarate
                0x0000000000000d06        0xa /home/helipse/Dropbox/AdaProg/AdaProg/19_4 - I2C HMC5883L - twi complet/objects/i2c_hmc5883l.o
                0x0000000000000d06                i2c_hmc5883l__getdatarate
 .text.i2c_hmc5883l__getsamples
                0x0000000000000d10        0xc /home/helipse/Dropbox/AdaProg/AdaProg/19_4 - I2C HMC5883L - twi complet/objects/i2c_hmc5883l.o
                0x0000000000000d10                i2c_hmc5883l__getsamples
 .text.ada__calendar__delays__delay_until
                0x0000000000000d1c       0x9c /opt/avrada/avr/lib/gnat/avr_lib/atmega328p/lib/libavrada.a(avr-real_time-delays.o)
                0x0000000000000d1c                ada__calendar__delays__delay_until
 .text.ada__calendar__delays__delay_for
                0x0000000000000db8       0xa0 /opt/avrada/avr/lib/gnat/avr_lib/atmega328p/lib/libavrada.a(avr-real_time-delays.o)
                0x0000000000000db8                ada__calendar__delays__delay_for
 .text.__vector_14
                0x0000000000000e58       0x76 /opt/avrada/avr/lib/gnat/avr_lib/atmega328p/lib/libavrada.a(avr-real_time-clock_impl.o)
                0x0000000000000e58                __vector_14
 .text.avr__real_time__clock_impl___elabb
                0x0000000000000ece        0xa /opt/avrada/avr/lib/gnat/avr_lib/atmega328p/lib/libavrada.a(avr-real_time-clock_impl.o)
                0x0000000000000ece                avr__real_time__clock_impl___elabb
 .text.avr__uart__init_common
                0x0000000000000ed8       0x20 /opt/avrada/avr/lib/gnat/avr_lib/atmega328p/lib/libavrada.a(avr-uart.o)
                0x0000000000000ed8                avr__uart__init_common
 .text.avr__uart__init
                0x0000000000000ef8        0xa /opt/avrada/avr/lib/gnat/avr_lib/atmega328p/lib/libavrada.a(avr-uart.o)
                0x0000000000000ef8                avr__uart__init
 .text.avr__uart__put_raw
                0x0000000000000f02        0xe /opt/avrada/avr/lib/gnat/avr_lib/atmega328p/lib/libavrada.a(avr-uart.o)
                0x0000000000000f02                avr__uart__put_raw
 .text.avr__uart__put__2
                0x0000000000000f10       0x60 /opt/avrada/avr/lib/gnat/avr_lib/atmega328p/lib/libavrada.a(avr-uart.o)
                0x0000000000000f10                avr__uart__put__2
 .text.avr__uart__new_line
                0x0000000000000f70        0x4 /opt/avrada/avr/lib/gnat/avr_lib/atmega328p/lib/libavrada.a(avr-uart.o)
                0x0000000000000f70                avr__uart__new_line
 .text.avr__uart__put_line
                0x0000000000000f74        0x4 /opt/avrada/avr/lib/gnat/avr_lib/atmega328p/lib/libavrada.a(avr-uart.o)
                0x0000000000000f74                avr__uart__put_line
 .text.avr__uart__crlf
                0x0000000000000f78        0x8 /opt/avrada/avr/lib/gnat/avr_lib/atmega328p/lib/libavrada.a(avr-uart.o)
                0x0000000000000f78                avr__uart__crlf
 .text.avr__uart__put__6
                0x0000000000000f80       0xa2 /opt/avrada/avr/lib/gnat/avr_lib/atmega328p/lib/libavrada.a(avr-uart.o)
                0x0000000000000f80                avr__uart__put__6
 .text.__vector_18
                0x0000000000001022       0x86 /opt/avrada/avr/lib/gnat/avr_lib/atmega328p/lib/libavrada.a(avr-uart.o)
                0x0000000000001022                __vector_18
 .text._ada_avr__real_time__clock
                0x00000000000010a8       0x42 /opt/avrada/avr/lib/gnat/avr_lib/atmega328p/lib/libavrada.a(avr-real_time-clock.o)
                0x00000000000010a8                _ada_avr__real_time__clock
 .text.avr__timer0__init_ctc
                0x00000000000010ea       0x1a /opt/avrada/avr/lib/gnat/avr_lib/atmega328p/lib/libavrada.a(avr-timer0.o)
                0x00000000000010ea                avr__timer0__init_ctc
 .text.avr__real_time__Oadd
                0x0000000000001104       0x9a /opt/avrada/avr/lib/gnat/avr_lib/atmega328p/lib/libavrada.a(avr-real_time.o)
                0x0000000000001104                avr__real_time__Oadd
 .text.avr__real_time__Ogt
                0x000000000000119e       0x82 /opt/avrada/avr/lib/gnat/avr_lib/atmega328p/lib/libavrada.a(avr-real_time.o)
                0x000000000000119e                avr__real_time__Ogt
 .text.avr__int_img__u32_img
                0x0000000000001220       0x80 /opt/avrada/avr/lib/gnat/avr_lib/atmega328p/lib/libavrada.a(avr-int_img.o)
                0x0000000000001220                avr__int_img__u32_img
 .text.avr__int_img__u16_img
                0x00000000000012a0       0x82 /opt/avrada/avr/lib/gnat/avr_lib/atmega328p/lib/libavrada.a(avr-int_img.o)
                0x00000000000012a0                avr__int_img__u16_img
 .text.avr__sleep__set_mode
                0x0000000000001322       0x5e /opt/avrada/avr/lib/gnat/avr_lib/atmega328p/lib/libavrada.a(avr-sleep.o)
                0x0000000000001322                avr__sleep__set_mode
 .text.libgcc.mul
                0x0000000000001380       0x14 /opt/avrada/lib/gcc/avr/4.7.0/avr5/libgcc.a(_muluhisi3.o)
                0x0000000000001380                __muluhisi3
 .text.libgcc.mul
                0x0000000000001394        0xc /opt/avrada/lib/gcc/avr/4.7.0/avr5/libgcc.a(_mulshisi3.o)
                0x0000000000001394                __mulshisi3
                0x0000000000001398                __mulohisi3
 .text.libgcc.div
                0x00000000000013a0       0x36 /opt/avrada/lib/gcc/avr/4.7.0/avr5/libgcc.a(_divmodsi4.o)
                0x00000000000013a0                __divmodsi4
 .text.libgcc.mul
                0x00000000000013d6       0x18 /opt/avrada/lib/gcc/avr/4.7.0/avr5/libgcc.a(_umulhisi3.o)
                0x00000000000013d6                __umulhisi3
 .text.libgcc.div
                0x00000000000013ee       0x44 /opt/avrada/lib/gcc/avr/4.7.0/avr5/libgcc.a(_udivmodsi4.o)
                0x00000000000013ee                __udivmodsi4
                0x0000000000001432                . = ALIGN (0x2)
 *(.fini9)
 .fini9         0x0000000000001432        0x0 /opt/avrada/lib/gcc/avr/4.7.0/avr5/libgcc.a(_exit.o)
                0x0000000000001432                exit
                0x0000000000001432                _exit
 *(.fini9)
 *(.fini8)
 *(.fini8)
 *(.fini7)
 *(.fini7)
 *(.fini6)
 *(.fini6)
 *(.fini5)
 *(.fini5)
 *(.fini4)
 *(.fini4)
 *(.fini3)
 *(.fini3)
 *(.fini2)
 *(.fini2)
 *(.fini1)
 *(.fini1)
 *(.fini0)
 .fini0         0x0000000000001432        0x4 /opt/avrada/lib/gcc/avr/4.7.0/avr5/libgcc.a(_exit.o)
 *(.fini0)
                0x0000000000001436                _etext = .

.data           0x0000000000800100      0x294 load address 0x0000000000001436
                0x0000000000800100                PROVIDE (__data_start, .)
 *(.data)
 *(.data*)
 .data.two_wire_E
                0x0000000000800100        0x2 /home/helipse/Dropbox/AdaProg/AdaProg/19_4 - I2C HMC5883L - twi complet/objects/two_wire.o
                0x0000000000800100                two_wire_E
 .data.i2c_hmc5883l__yoffset
                0x0000000000800102        0x1 /home/helipse/Dropbox/AdaProg/AdaProg/19_4 - I2C HMC5883L - twi complet/objects/i2c_hmc5883l.o
                0x0000000000800102                i2c_hmc5883l__yoffset
 .data.i2c_hmc5883l__xoffset
                0x0000000000800103        0x1 /home/helipse/Dropbox/AdaProg/AdaProg/19_4 - I2C HMC5883L - twi complet/objects/i2c_hmc5883l.o
                0x0000000000800103                i2c_hmc5883l__xoffset
 .data.i2c_hmc5883l_E
                0x0000000000800104        0x2 /home/helipse/Dropbox/AdaProg/AdaProg/19_4 - I2C HMC5883L - twi complet/objects/i2c_hmc5883l.o
                0x0000000000800104                i2c_hmc5883l_E
 .data.avr__real_time__delays_E
                0x0000000000800106        0x2 /opt/avrada/avr/lib/gnat/avr_lib/atmega328p/lib/libavrada.a(avr-real_time-delays.o)
                0x0000000000800106                avr__real_time__delays_E
 .data.avr__real_time__clock_impl_E
                0x0000000000800108        0x2 /opt/avrada/avr/lib/gnat/avr_lib/atmega328p/lib/libavrada.a(avr-real_time-clock_impl.o)
                0x0000000000800108                avr__real_time__clock_impl_E
 .data.avr__uart__rx_buf
                0x000000000080010a        0x4 /opt/avrada/avr/lib/gnat/avr_lib/atmega328p/lib/libavrada.a(avr-uart.o)
                0x000000000080010a                avr__uart__rx_buf
 .data.avr__real_time__clock_E
                0x000000000080010e        0x2 /opt/avrada/avr/lib/gnat/avr_lib/atmega328p/lib/libavrada.a(avr-real_time-clock.o)
                0x000000000080010e                avr__real_time__clock_E
 *(.rodata)
 .rodata        0x0000000000800110      0x20e /home/helipse/Dropbox/AdaProg/AdaProg/19_4 - I2C HMC5883L - twi complet/objects/main.o
 .rodata        0x000000000080031e        0x8 /home/helipse/Dropbox/AdaProg/AdaProg/19_4 - I2C HMC5883L - twi complet/objects/i2c_hmc5883l.o
 .rodata        0x0000000000800326       0x49 /opt/avrada/avr/lib/gnat/avr_lib/atmega328p/lib/libavrada.a(avr-uart.o)
 *(.rodata*)
 .rodata.avr__int_img__dig_32
                0x000000000080036f       0x24 /opt/avrada/avr/lib/gnat/avr_lib/atmega328p/lib/libavrada.a(avr-int_img.o)
 *(.gnu.linkonce.d*)
                0x0000000000800394                . = ALIGN (0x2)
 *fill*         0x0000000000800393        0x1 00
                0x0000000000800394                _edata = .
                0x0000000000800394                PROVIDE (__data_end, .)

.bss            0x0000000000800394       0x32
                0x0000000000800394                PROVIDE (__bss_start, .)
 *(.bss)
 *(.bss*)
 .bss.two_wire__twi_sla_rw
                0x0000000000800394        0x1 /home/helipse/Dropbox/AdaProg/AdaProg/19_4 - I2C HMC5883L - twi complet/objects/two_wire.o
 .bss.two_wire__twi_state
                0x0000000000800395        0x1 /home/helipse/Dropbox/AdaProg/AdaProg/19_4 - I2C HMC5883L - twi complet/objects/two_wire.o
 .bss.two_wire__twi_error_state
                0x0000000000800396        0x1 /home/helipse/Dropbox/AdaProg/AdaProg/19_4 - I2C HMC5883L - twi complet/objects/two_wire.o
 .bss.two_wire__data_index
                0x0000000000800397        0x1 /home/helipse/Dropbox/AdaProg/AdaProg/19_4 - I2C HMC5883L - twi complet/objects/two_wire.o
 .bss.two_wire__data_max
                0x0000000000800398        0x1 /home/helipse/Dropbox/AdaProg/AdaProg/19_4 - I2C HMC5883L - twi complet/objects/two_wire.o
 .bss.two_wire__data_sent
                0x0000000000800399        0x1 /home/helipse/Dropbox/AdaProg/AdaProg/19_4 - I2C HMC5883L - twi complet/objects/two_wire.o
 .bss.two_wire__data_received
                0x000000000080039a        0x1 /home/helipse/Dropbox/AdaProg/AdaProg/19_4 - I2C HMC5883L - twi complet/objects/two_wire.o
 .bss.two_wire__buffer
                0x000000000080039b       0x20 /home/helipse/Dropbox/AdaProg/AdaProg/19_4 - I2C HMC5883L - twi complet/objects/two_wire.o
 .bss.i2c_hmc5883l__mgperdigit
                0x00000000008003bb        0x4 /home/helipse/Dropbox/AdaProg/AdaProg/19_4 - I2C HMC5883L - twi complet/objects/i2c_hmc5883l.o
                0x00000000008003bb                i2c_hmc5883l__mgperdigit
 .bss.avr__real_time__clock_impl__now
                0x00000000008003bf        0x6 /opt/avrada/avr/lib/gnat/avr_lib/atmega328p/lib/libavrada.a(avr-real_time-clock_impl.o)
                0x00000000008003bf                avr__real_time__clock_impl__now
 .bss.avr__uart__rx_inx
                0x00000000008003c5        0x1 /opt/avrada/avr/lib/gnat/avr_lib/atmega328p/lib/libavrada.a(avr-uart.o)
                0x00000000008003c5                avr__uart__rx_inx
 *(COMMON)
                0x00000000008003c6                PROVIDE (__bss_end, .)
                0x0000000000001436                __data_load_start = LOADADDR (.data)
                0x00000000000016ca                __data_load_end = (__data_load_start + SIZEOF (.data))

.noinit         0x00000000008003c6        0x0
                0x00000000008003c6                PROVIDE (__noinit_start, .)
 *(.noinit*)
                0x00000000008003c6                PROVIDE (__noinit_end, .)
                0x00000000008003c6                _end = .
                0x00000000008003c6                PROVIDE (__heap_start, .)

.eeprom         0x0000000000810000        0x0
 *(.eeprom*)
                0x0000000000810000                __eeprom_end = .

.fuse
 *(.fuse)
 *(.lfuse)
 *(.hfuse)
 *(.efuse)

.lock
 *(.lock*)

.signature
 *(.signature*)

.stab           0x0000000000000000      0x7bc
 *(.stab)
 .stab          0x0000000000000000      0x6cc /opt/avrada/lib/gcc/avr/4.7.0/../../../../avr/lib/avr5/crtm328p.o
 .stab          0x00000000000006cc       0x18 /opt/avrada/lib/gcc/avr/4.7.0/../../../../avr/lib/avr5/libc.a(itoa.o)
                                        0x1bc (size before relaxing)
 .stab          0x00000000000006e4       0xd8 /opt/avrada/lib/gcc/avr/4.7.0/../../../../avr/lib/avr5/libc.a(strrev.o)
                                         0xe4 (size before relaxing)

.stabstr        0x0000000000000000       0xb4
 *(.stabstr)
 .stabstr       0x0000000000000000       0xb4 /opt/avrada/lib/gcc/avr/4.7.0/../../../../avr/lib/avr5/crtm328p.o

.stab.excl
 *(.stab.excl)

.stab.exclstr
 *(.stab.exclstr)

.stab.index
 *(.stab.index)

.stab.indexstr
 *(.stab.indexstr)

.comment        0x0000000000000000       0x11
 *(.comment)
 .comment       0x0000000000000000       0x11 b~main.o
                                         0x12 (size before relaxing)
 .comment       0x0000000000000000       0x12 /opt/avrada/lib/gcc/avr/4.7.0/rts/avr5/adalib/ada.o
 .comment       0x0000000000000000       0x12 /opt/avrada/lib/gcc/avr/4.7.0/rts/avr5/adalib/a-calend.o
 .comment       0x0000000000000000       0x12 /opt/avrada/lib/gcc/avr/4.7.0/rts/avr5/adalib/interfac.o
 .comment       0x0000000000000000       0x12 /opt/avrada/lib/gcc/avr/4.7.0/rts/avr5/adalib/system.o
 .comment       0x0000000000000000       0x12 /opt/avrada/lib/gcc/avr/4.7.0/rts/avr5/adalib/a-except.o
 .comment       0x0000000000000000       0x12 /opt/avrada/lib/gcc/avr/4.7.0/rts/avr5/adalib/s-maccod.o
 .comment       0x0000000000000000       0x12 /opt/avrada/lib/gcc/avr/4.7.0/rts/avr5/adalib/s-stoele.o
 .comment       0x0000000000000000       0x12 /opt/avrada/lib/gcc/avr/4.7.0/rts/avr5/adalib/s-unstyp.o
 .comment       0x0000000000000000       0x12 /opt/avrada/lib/gcc/avr/4.7.0/rts/avr5/adalib/a-caldel.o
 .comment       0x0000000000000000       0x12 /home/helipse/Dropbox/AdaProg/AdaProg/19_4 - I2C HMC5883L - twi complet/objects/main.o
 .comment       0x0000000000000000       0x12 /home/helipse/Dropbox/AdaProg/AdaProg/19_4 - I2C HMC5883L - twi complet/objects/two_wire.o
 .comment       0x0000000000000000       0x12 /home/helipse/Dropbox/AdaProg/AdaProg/19_4 - I2C HMC5883L - twi complet/objects/i2c_hmc5883l.o
 .comment       0x0000000000000000       0x12 /opt/avrada/avr/lib/gnat/avr_lib/atmega328p/lib/libavrada.a(avr-real_time-delays.o)
 .comment       0x0000000000000000       0x12 /opt/avrada/avr/lib/gnat/avr_lib/atmega328p/lib/libavrada.a(avr-real_time-clock_impl.o)
 .comment       0x0000000000000000       0x12 /opt/avrada/avr/lib/gnat/avr_lib/atmega328p/lib/libavrada.a(avr-uart.o)
 .comment       0x0000000000000000       0x12 /opt/avrada/avr/lib/gnat/avr_lib/atmega328p/lib/libavrada.a(avr-real_time-clock.o)
 .comment       0x0000000000000000       0x12 /opt/avrada/avr/lib/gnat/avr_lib/atmega328p/lib/libavrada.a(avr-timer0.o)
 .comment       0x0000000000000000       0x12 /opt/avrada/avr/lib/gnat/avr_lib/atmega328p/lib/libavrada.a(avr-real_time.o)
 .comment       0x0000000000000000       0x12 /opt/avrada/avr/lib/gnat/avr_lib/atmega328p/lib/libavrada.a(avr-int_img.o)
 .comment       0x0000000000000000       0x12 /opt/avrada/avr/lib/gnat/avr_lib/atmega328p/lib/libavrada.a(avr-sleep.o)

.debug
 *(.debug)

.line
 *(.line)

.debug_srcinfo
 *(.debug_srcinfo)

.debug_sfnames
 *(.debug_sfnames)

.debug_aranges  0x0000000000000000      0x7b0
 *(.debug_aranges)
 .debug_aranges
                0x0000000000000000       0x28 b~main.o
 .debug_aranges
                0x0000000000000028       0x18 /opt/avrada/lib/gcc/avr/4.7.0/rts/avr5/adalib/interfac.o
 .debug_aranges
                0x0000000000000040       0x18 /opt/avrada/lib/gcc/avr/4.7.0/rts/avr5/adalib/system.o
 .debug_aranges
                0x0000000000000058       0x28 /opt/avrada/lib/gcc/avr/4.7.0/rts/avr5/adalib/a-except.o
 .debug_aranges
                0x0000000000000080       0x18 /opt/avrada/lib/gcc/avr/4.7.0/rts/avr5/adalib/s-maccod.o
 .debug_aranges
                0x0000000000000098       0x60 /opt/avrada/lib/gcc/avr/4.7.0/rts/avr5/adalib/s-stoele.o
 .debug_aranges
                0x00000000000000f8       0x18 /opt/avrada/lib/gcc/avr/4.7.0/rts/avr5/adalib/s-unstyp.o
 .debug_aranges
                0x0000000000000110       0x18 /opt/avrada/lib/gcc/avr/4.7.0/rts/avr5/adalib/a-caldel.o
 .debug_aranges
                0x0000000000000128       0x20 /home/helipse/Dropbox/AdaProg/AdaProg/19_4 - I2C HMC5883L - twi complet/objects/main.o
 .debug_aranges
                0x0000000000000148       0x68 /home/helipse/Dropbox/AdaProg/AdaProg/19_4 - I2C HMC5883L - twi complet/objects/two_wire.o
 .debug_aranges
                0x00000000000001b0       0x90 /home/helipse/Dropbox/AdaProg/AdaProg/19_4 - I2C HMC5883L - twi complet/objects/i2c_hmc5883l.o
 .debug_aranges
                0x0000000000000240       0x28 /opt/avrada/avr/lib/gnat/avr_lib/atmega328p/lib/libavrada.a(avr-real_time-delays.o)
 .debug_aranges
                0x0000000000000268       0x28 /opt/avrada/avr/lib/gnat/avr_lib/atmega328p/lib/libavrada.a(avr-real_time-clock_impl.o)
 .debug_aranges
                0x0000000000000290       0xd8 /opt/avrada/avr/lib/gnat/avr_lib/atmega328p/lib/libavrada.a(avr-uart.o)
 .debug_aranges
                0x0000000000000368       0x20 /opt/avrada/avr/lib/gnat/avr_lib/atmega328p/lib/libavrada.a(avr-real_time-clock.o)
 .debug_aranges
                0x0000000000000388       0xa8 /opt/avrada/avr/lib/gnat/avr_lib/atmega328p/lib/libavrada.a(avr-timer0.o)
 .debug_aranges
                0x0000000000000430      0x160 /opt/avrada/avr/lib/gnat/avr_lib/atmega328p/lib/libavrada.a(avr-real_time.o)
 .debug_aranges
                0x0000000000000590       0x60 /opt/avrada/avr/lib/gnat/avr_lib/atmega328p/lib/libavrada.a(avr-int_img.o)
 .debug_aranges
                0x00000000000005f0       0x40 /opt/avrada/avr/lib/gnat/avr_lib/atmega328p/lib/libavrada.a(avr-sleep.o)
 .debug_aranges
                0x0000000000000630       0x20 /opt/avrada/lib/gcc/avr/4.7.0/avr5/libgcc.a(_usmulhisi3.o)
 .debug_aranges
                0x0000000000000650       0x20 /opt/avrada/lib/gcc/avr/4.7.0/avr5/libgcc.a(_muluhisi3.o)
 .debug_aranges
                0x0000000000000670       0x20 /opt/avrada/lib/gcc/avr/4.7.0/avr5/libgcc.a(_mulshisi3.o)
 .debug_aranges
                0x0000000000000690       0x20 /opt/avrada/lib/gcc/avr/4.7.0/avr5/libgcc.a(_mulsi3.o)
 .debug_aranges
                0x00000000000006b0       0x20 /opt/avrada/lib/gcc/avr/4.7.0/avr5/libgcc.a(_udivmodqi4.o)
 .debug_aranges
                0x00000000000006d0       0x20 /opt/avrada/lib/gcc/avr/4.7.0/avr5/libgcc.a(_udivmodhi4.o)
 .debug_aranges
                0x00000000000006f0       0x20 /opt/avrada/lib/gcc/avr/4.7.0/avr5/libgcc.a(_divmodsi4.o)
 .debug_aranges
                0x0000000000000710       0x20 /opt/avrada/lib/gcc/avr/4.7.0/avr5/libgcc.a(_exit.o)
 .debug_aranges
                0x0000000000000730       0x20 /opt/avrada/lib/gcc/avr/4.7.0/avr5/libgcc.a(_copy_data.o)
 .debug_aranges
                0x0000000000000750       0x20 /opt/avrada/lib/gcc/avr/4.7.0/avr5/libgcc.a(_clear_bss.o)
 .debug_aranges
                0x0000000000000770       0x20 /opt/avrada/lib/gcc/avr/4.7.0/avr5/libgcc.a(_umulhisi3.o)
 .debug_aranges
                0x0000000000000790       0x20 /opt/avrada/lib/gcc/avr/4.7.0/avr5/libgcc.a(_udivmodsi4.o)

.debug_pubnames
 *(.debug_pubnames)

.debug_info     0x0000000000000000     0x652a
 *(.debug_info)
 .debug_info    0x0000000000000000      0x53d b~main.o
 .debug_info    0x000000000000053d       0x61 /opt/avrada/lib/gcc/avr/4.7.0/rts/avr5/adalib/interfac.o
 .debug_info    0x000000000000059e      0x308 /opt/avrada/lib/gcc/avr/4.7.0/rts/avr5/adalib/system.o
 .debug_info    0x00000000000008a6      0x1bb /opt/avrada/lib/gcc/avr/4.7.0/rts/avr5/adalib/a-except.o
 .debug_info    0x0000000000000a61       0x8c /opt/avrada/lib/gcc/avr/4.7.0/rts/avr5/adalib/s-maccod.o
 .debug_info    0x0000000000000aed      0x1ff /opt/avrada/lib/gcc/avr/4.7.0/rts/avr5/adalib/s-stoele.o
 .debug_info    0x0000000000000cec       0x72 /opt/avrada/lib/gcc/avr/4.7.0/rts/avr5/adalib/s-unstyp.o
 .debug_info    0x0000000000000d5e       0x2e /opt/avrada/lib/gcc/avr/4.7.0/rts/avr5/adalib/a-caldel.o
 .debug_info    0x0000000000000d8c      0xa64 /home/helipse/Dropbox/AdaProg/AdaProg/19_4 - I2C HMC5883L - twi complet/objects/main.o
 .debug_info    0x00000000000017f0      0x494 /home/helipse/Dropbox/AdaProg/AdaProg/19_4 - I2C HMC5883L - twi complet/objects/two_wire.o
 .debug_info    0x0000000000001c84      0x96f /home/helipse/Dropbox/AdaProg/AdaProg/19_4 - I2C HMC5883L - twi complet/objects/i2c_hmc5883l.o
 .debug_info    0x00000000000025f3      0x24e /opt/avrada/avr/lib/gnat/avr_lib/atmega328p/lib/libavrada.a(avr-real_time-delays.o)
 .debug_info    0x0000000000002841      0x145 /opt/avrada/avr/lib/gnat/avr_lib/atmega328p/lib/libavrada.a(avr-real_time-clock_impl.o)
 .debug_info    0x0000000000002986     0x10a2 /opt/avrada/avr/lib/gnat/avr_lib/atmega328p/lib/libavrada.a(avr-uart.o)
 .debug_info    0x0000000000003a28       0xa9 /opt/avrada/avr/lib/gnat/avr_lib/atmega328p/lib/libavrada.a(avr-real_time-clock.o)
 .debug_info    0x0000000000003ad1      0x512 /opt/avrada/avr/lib/gnat/avr_lib/atmega328p/lib/libavrada.a(avr-timer0.o)
 .debug_info    0x0000000000003fe3     0x1409 /opt/avrada/avr/lib/gnat/avr_lib/atmega328p/lib/libavrada.a(avr-real_time.o)
 .debug_info    0x00000000000053ec      0x7e1 /opt/avrada/avr/lib/gnat/avr_lib/atmega328p/lib/libavrada.a(avr-int_img.o)
 .debug_info    0x0000000000005bcd      0x279 /opt/avrada/avr/lib/gnat/avr_lib/atmega328p/lib/libavrada.a(avr-sleep.o)
 .debug_info    0x0000000000005e46       0x93 /opt/avrada/lib/gcc/avr/4.7.0/avr5/libgcc.a(_usmulhisi3.o)
 .debug_info    0x0000000000005ed9       0x93 /opt/avrada/lib/gcc/avr/4.7.0/avr5/libgcc.a(_muluhisi3.o)
 .debug_info    0x0000000000005f6c       0x93 /opt/avrada/lib/gcc/avr/4.7.0/avr5/libgcc.a(_mulshisi3.o)
 .debug_info    0x0000000000005fff       0x93 /opt/avrada/lib/gcc/avr/4.7.0/avr5/libgcc.a(_mulsi3.o)
 .debug_info    0x0000000000006092       0x93 /opt/avrada/lib/gcc/avr/4.7.0/avr5/libgcc.a(_udivmodqi4.o)
 .debug_info    0x0000000000006125       0x93 /opt/avrada/lib/gcc/avr/4.7.0/avr5/libgcc.a(_udivmodhi4.o)
 .debug_info    0x00000000000061b8       0x93 /opt/avrada/lib/gcc/avr/4.7.0/avr5/libgcc.a(_divmodsi4.o)
 .debug_info    0x000000000000624b       0x93 /opt/avrada/lib/gcc/avr/4.7.0/avr5/libgcc.a(_exit.o)
 .debug_info    0x00000000000062de       0x93 /opt/avrada/lib/gcc/avr/4.7.0/avr5/libgcc.a(_copy_data.o)
 .debug_info    0x0000000000006371       0x93 /opt/avrada/lib/gcc/avr/4.7.0/avr5/libgcc.a(_clear_bss.o)
 .debug_info    0x0000000000006404       0x93 /opt/avrada/lib/gcc/avr/4.7.0/avr5/libgcc.a(_umulhisi3.o)
 .debug_info    0x0000000000006497       0x93 /opt/avrada/lib/gcc/avr/4.7.0/avr5/libgcc.a(_udivmodsi4.o)
 *(.gnu.linkonce.wi.*)

.debug_abbrev   0x0000000000000000     0x1e7e
 *(.debug_abbrev)
 .debug_abbrev  0x0000000000000000       0xf4 b~main.o
 .debug_abbrev  0x00000000000000f4       0x28 /opt/avrada/lib/gcc/avr/4.7.0/rts/avr5/adalib/interfac.o
 .debug_abbrev  0x000000000000011c       0x95 /opt/avrada/lib/gcc/avr/4.7.0/rts/avr5/adalib/system.o
 .debug_abbrev  0x00000000000001b1      0x149 /opt/avrada/lib/gcc/avr/4.7.0/rts/avr5/adalib/a-except.o
 .debug_abbrev  0x00000000000002fa       0x4d /opt/avrada/lib/gcc/avr/4.7.0/rts/avr5/adalib/s-maccod.o
 .debug_abbrev  0x0000000000000347       0x92 /opt/avrada/lib/gcc/avr/4.7.0/rts/avr5/adalib/s-stoele.o
 .debug_abbrev  0x00000000000003d9       0x1b /opt/avrada/lib/gcc/avr/4.7.0/rts/avr5/adalib/s-unstyp.o
 .debug_abbrev  0x00000000000003f4       0x1d /opt/avrada/lib/gcc/avr/4.7.0/rts/avr5/adalib/a-caldel.o
 .debug_abbrev  0x0000000000000411      0x212 /home/helipse/Dropbox/AdaProg/AdaProg/19_4 - I2C HMC5883L - twi complet/objects/main.o
 .debug_abbrev  0x0000000000000623      0x2aa /home/helipse/Dropbox/AdaProg/AdaProg/19_4 - I2C HMC5883L - twi complet/objects/two_wire.o
 .debug_abbrev  0x00000000000008cd      0x24e /home/helipse/Dropbox/AdaProg/AdaProg/19_4 - I2C HMC5883L - twi complet/objects/i2c_hmc5883l.o
 .debug_abbrev  0x0000000000000b1b      0x1af /opt/avrada/avr/lib/gnat/avr_lib/atmega328p/lib/libavrada.a(avr-real_time-delays.o)
 .debug_abbrev  0x0000000000000cca      0x12c /opt/avrada/avr/lib/gnat/avr_lib/atmega328p/lib/libavrada.a(avr-real_time-clock_impl.o)
 .debug_abbrev  0x0000000000000df6      0x50c /opt/avrada/avr/lib/gnat/avr_lib/atmega328p/lib/libavrada.a(avr-uart.o)
 .debug_abbrev  0x0000000000001302       0x8c /opt/avrada/avr/lib/gnat/avr_lib/atmega328p/lib/libavrada.a(avr-real_time-clock.o)
 .debug_abbrev  0x000000000000138e      0x22f /opt/avrada/avr/lib/gnat/avr_lib/atmega328p/lib/libavrada.a(avr-timer0.o)
 .debug_abbrev  0x00000000000015bd      0x372 /opt/avrada/avr/lib/gnat/avr_lib/atmega328p/lib/libavrada.a(avr-real_time.o)
 .debug_abbrev  0x000000000000192f      0x279 /opt/avrada/avr/lib/gnat/avr_lib/atmega328p/lib/libavrada.a(avr-int_img.o)
 .debug_abbrev  0x0000000000001ba8      0x1e6 /opt/avrada/avr/lib/gnat/avr_lib/atmega328p/lib/libavrada.a(avr-sleep.o)
 .debug_abbrev  0x0000000000001d8e       0x14 /opt/avrada/lib/gcc/avr/4.7.0/avr5/libgcc.a(_usmulhisi3.o)
 .debug_abbrev  0x0000000000001da2       0x14 /opt/avrada/lib/gcc/avr/4.7.0/avr5/libgcc.a(_muluhisi3.o)
 .debug_abbrev  0x0000000000001db6       0x14 /opt/avrada/lib/gcc/avr/4.7.0/avr5/libgcc.a(_mulshisi3.o)
 .debug_abbrev  0x0000000000001dca       0x14 /opt/avrada/lib/gcc/avr/4.7.0/avr5/libgcc.a(_mulsi3.o)
 .debug_abbrev  0x0000000000001dde       0x14 /opt/avrada/lib/gcc/avr/4.7.0/avr5/libgcc.a(_udivmodqi4.o)
 .debug_abbrev  0x0000000000001df2       0x14 /opt/avrada/lib/gcc/avr/4.7.0/avr5/libgcc.a(_udivmodhi4.o)
 .debug_abbrev  0x0000000000001e06       0x14 /opt/avrada/lib/gcc/avr/4.7.0/avr5/libgcc.a(_divmodsi4.o)
 .debug_abbrev  0x0000000000001e1a       0x14 /opt/avrada/lib/gcc/avr/4.7.0/avr5/libgcc.a(_exit.o)
 .debug_abbrev  0x0000000000001e2e       0x14 /opt/avrada/lib/gcc/avr/4.7.0/avr5/libgcc.a(_copy_data.o)
 .debug_abbrev  0x0000000000001e42       0x14 /opt/avrada/lib/gcc/avr/4.7.0/avr5/libgcc.a(_clear_bss.o)
 .debug_abbrev  0x0000000000001e56       0x14 /opt/avrada/lib/gcc/avr/4.7.0/avr5/libgcc.a(_umulhisi3.o)
 .debug_abbrev  0x0000000000001e6a       0x14 /opt/avrada/lib/gcc/avr/4.7.0/avr5/libgcc.a(_udivmodsi4.o)

.debug_line     0x0000000000000000     0x1fe2
 *(.debug_line)
 .debug_line    0x0000000000000000       0xb0 b~main.o
 .debug_line    0x00000000000000b0        0x0 /opt/avrada/lib/gcc/avr/4.7.0/rts/avr5/adalib/ada.o
 .debug_line    0x00000000000000b0        0x0 /opt/avrada/lib/gcc/avr/4.7.0/rts/avr5/adalib/a-calend.o
 .debug_line    0x00000000000000b0       0x1a /opt/avrada/lib/gcc/avr/4.7.0/rts/avr5/adalib/interfac.o
 .debug_line    0x00000000000000ca       0x36 /opt/avrada/lib/gcc/avr/4.7.0/rts/avr5/adalib/system.o
 .debug_line    0x0000000000000100       0x76 /opt/avrada/lib/gcc/avr/4.7.0/rts/avr5/adalib/a-except.o
 .debug_line    0x0000000000000176       0x38 /opt/avrada/lib/gcc/avr/4.7.0/rts/avr5/adalib/s-maccod.o
 .debug_line    0x00000000000001ae       0xc7 /opt/avrada/lib/gcc/avr/4.7.0/rts/avr5/adalib/s-stoele.o
 .debug_line    0x0000000000000275       0x1a /opt/avrada/lib/gcc/avr/4.7.0/rts/avr5/adalib/s-unstyp.o
 .debug_line    0x000000000000028f       0x1a /opt/avrada/lib/gcc/avr/4.7.0/rts/avr5/adalib/a-caldel.o
 .debug_line    0x00000000000002a9      0x205 /home/helipse/Dropbox/AdaProg/AdaProg/19_4 - I2C HMC5883L - twi complet/objects/main.o
 .debug_line    0x00000000000004ae      0x1f8 /home/helipse/Dropbox/AdaProg/AdaProg/19_4 - I2C HMC5883L - twi complet/objects/two_wire.o
 .debug_line    0x00000000000006a6      0x262 /home/helipse/Dropbox/AdaProg/AdaProg/19_4 - I2C HMC5883L - twi complet/objects/i2c_hmc5883l.o
 .debug_line    0x0000000000000908      0x18b /opt/avrada/avr/lib/gnat/avr_lib/atmega328p/lib/libavrada.a(avr-real_time-delays.o)
 .debug_line    0x0000000000000a93       0xf5 /opt/avrada/avr/lib/gnat/avr_lib/atmega328p/lib/libavrada.a(avr-real_time-clock_impl.o)
 .debug_line    0x0000000000000b88      0x462 /opt/avrada/avr/lib/gnat/avr_lib/atmega328p/lib/libavrada.a(avr-uart.o)
 .debug_line    0x0000000000000fea       0xb0 /opt/avrada/avr/lib/gnat/avr_lib/atmega328p/lib/libavrada.a(avr-real_time-clock.o)
 .debug_line    0x000000000000109a      0x29a /opt/avrada/avr/lib/gnat/avr_lib/atmega328p/lib/libavrada.a(avr-timer0.o)
 .debug_line    0x0000000000001334      0x473 /opt/avrada/avr/lib/gnat/avr_lib/atmega328p/lib/libavrada.a(avr-real_time.o)
 .debug_line    0x00000000000017a7      0x1ac /opt/avrada/avr/lib/gnat/avr_lib/atmega328p/lib/libavrada.a(avr-int_img.o)
 .debug_line    0x0000000000001953      0x16c /opt/avrada/avr/lib/gnat/avr_lib/atmega328p/lib/libavrada.a(avr-sleep.o)
 .debug_line    0x0000000000001abf       0x66 /opt/avrada/lib/gcc/avr/4.7.0/avr5/libgcc.a(_usmulhisi3.o)
 .debug_line    0x0000000000001b25       0x6a /opt/avrada/lib/gcc/avr/4.7.0/avr5/libgcc.a(_muluhisi3.o)
 .debug_line    0x0000000000001b8f       0x66 /opt/avrada/lib/gcc/avr/4.7.0/avr5/libgcc.a(_mulshisi3.o)
 .debug_line    0x0000000000001bf5       0x6f /opt/avrada/lib/gcc/avr/4.7.0/avr5/libgcc.a(_mulsi3.o)
 .debug_line    0x0000000000001c64       0x6c /opt/avrada/lib/gcc/avr/4.7.0/avr5/libgcc.a(_udivmodqi4.o)
 .debug_line    0x0000000000001cd0       0x74 /opt/avrada/lib/gcc/avr/4.7.0/avr5/libgcc.a(_udivmodhi4.o)
 .debug_line    0x0000000000001d44       0x7b /opt/avrada/lib/gcc/avr/4.7.0/avr5/libgcc.a(_divmodsi4.o)
 .debug_line    0x0000000000001dbf       0x62 /opt/avrada/lib/gcc/avr/4.7.0/avr5/libgcc.a(_exit.o)
 .debug_line    0x0000000000001e21       0x6b /opt/avrada/lib/gcc/avr/4.7.0/avr5/libgcc.a(_copy_data.o)
 .debug_line    0x0000000000001e8c       0x68 /opt/avrada/lib/gcc/avr/4.7.0/avr5/libgcc.a(_clear_bss.o)
 .debug_line    0x0000000000001ef4       0x6c /opt/avrada/lib/gcc/avr/4.7.0/avr5/libgcc.a(_umulhisi3.o)
 .debug_line    0x0000000000001f60       0x82 /opt/avrada/lib/gcc/avr/4.7.0/avr5/libgcc.a(_udivmodsi4.o)

.debug_frame    0x0000000000000000     0x12d8
 *(.debug_frame)
 .debug_frame   0x0000000000000000       0x34 b~main.o
 .debug_frame   0x0000000000000034       0x34 /opt/avrada/lib/gcc/avr/4.7.0/rts/avr5/adalib/a-except.o
 .debug_frame   0x0000000000000068       0x34 /opt/avrada/lib/gcc/avr/4.7.0/rts/avr5/adalib/s-maccod.o
 .debug_frame   0x000000000000009c       0xa4 /opt/avrada/lib/gcc/avr/4.7.0/rts/avr5/adalib/s-stoele.o
 .debug_frame   0x0000000000000140       0x24 /opt/avrada/lib/gcc/avr/4.7.0/rts/avr5/adalib/s-unstyp.o
 .debug_frame   0x0000000000000164       0x34 /opt/avrada/lib/gcc/avr/4.7.0/rts/avr5/adalib/a-caldel.o
 .debug_frame   0x0000000000000198       0x84 /home/helipse/Dropbox/AdaProg/AdaProg/19_4 - I2C HMC5883L - twi complet/objects/main.o
 .debug_frame   0x000000000000021c      0x108 /home/helipse/Dropbox/AdaProg/AdaProg/19_4 - I2C HMC5883L - twi complet/objects/two_wire.o
 .debug_frame   0x0000000000000324      0x1e0 /home/helipse/Dropbox/AdaProg/AdaProg/19_4 - I2C HMC5883L - twi complet/objects/i2c_hmc5883l.o
 .debug_frame   0x0000000000000504       0x90 /opt/avrada/avr/lib/gnat/avr_lib/atmega328p/lib/libavrada.a(avr-real_time-delays.o)
 .debug_frame   0x0000000000000594       0x58 /opt/avrada/avr/lib/gnat/avr_lib/atmega328p/lib/libavrada.a(avr-real_time-clock_impl.o)
 .debug_frame   0x00000000000005ec      0x2e4 /opt/avrada/avr/lib/gnat/avr_lib/atmega328p/lib/libavrada.a(avr-uart.o)
 .debug_frame   0x00000000000008d0       0x34 /opt/avrada/avr/lib/gnat/avr_lib/atmega328p/lib/libavrada.a(avr-real_time-clock.o)
 .debug_frame   0x0000000000000904      0x134 /opt/avrada/avr/lib/gnat/avr_lib/atmega328p/lib/libavrada.a(avr-timer0.o)
 .debug_frame   0x0000000000000a38      0x6f4 /opt/avrada/avr/lib/gnat/avr_lib/atmega328p/lib/libavrada.a(avr-real_time.o)
 .debug_frame   0x000000000000112c      0x148 /opt/avrada/avr/lib/gnat/avr_lib/atmega328p/lib/libavrada.a(avr-int_img.o)
 .debug_frame   0x0000000000001274       0x64 /opt/avrada/avr/lib/gnat/avr_lib/atmega328p/lib/libavrada.a(avr-sleep.o)

.debug_str      0x0000000000000000     0x4048
 *(.debug_str)
 .debug_str     0x0000000000000000      0x7f5 b~main.o
                                        0x811 (size before relaxing)
 .debug_str     0x00000000000007f5      0x13b /opt/avrada/lib/gcc/avr/4.7.0/rts/avr5/adalib/interfac.o
                                        0x149 (size before relaxing)
 .debug_str     0x0000000000000930      0x442 /opt/avrada/lib/gcc/avr/4.7.0/rts/avr5/adalib/system.o
                                        0x4b7 (size before relaxing)
 .debug_str     0x0000000000000d72      0x104 /opt/avrada/lib/gcc/avr/4.7.0/rts/avr5/adalib/a-except.o
                                        0x1ad (size before relaxing)
 .debug_str     0x0000000000000e76      0x133 /opt/avrada/lib/gcc/avr/4.7.0/rts/avr5/adalib/s-maccod.o
                                        0x196 (size before relaxing)
 .debug_str     0x0000000000000fa9      0x1bd /opt/avrada/lib/gcc/avr/4.7.0/rts/avr5/adalib/s-stoele.o
                                        0x23c (size before relaxing)
 .debug_str     0x0000000000001166      0x19b /opt/avrada/lib/gcc/avr/4.7.0/rts/avr5/adalib/s-unstyp.o
                                        0x1fe (size before relaxing)
 .debug_str     0x0000000000001301       0x1b /opt/avrada/lib/gcc/avr/4.7.0/rts/avr5/adalib/a-caldel.o
                                         0x9b (size before relaxing)
 .debug_str     0x000000000000131c      0x715 /home/helipse/Dropbox/AdaProg/AdaProg/19_4 - I2C HMC5883L - twi complet/objects/main.o
                                        0x845 (size before relaxing)
 .debug_str     0x0000000000001a31      0x449 /home/helipse/Dropbox/AdaProg/AdaProg/19_4 - I2C HMC5883L - twi complet/objects/two_wire.o
                                        0x540 (size before relaxing)
 .debug_str     0x0000000000001e7a      0x2eb /home/helipse/Dropbox/AdaProg/AdaProg/19_4 - I2C HMC5883L - twi complet/objects/i2c_hmc5883l.o
                                        0x93f (size before relaxing)
 .debug_str     0x0000000000002165      0x289 /opt/avrada/avr/lib/gnat/avr_lib/atmega328p/lib/libavrada.a(avr-real_time-delays.o)
                                        0x39f (size before relaxing)
 .debug_str     0x00000000000023ee      0x111 /opt/avrada/avr/lib/gnat/avr_lib/atmega328p/lib/libavrada.a(avr-real_time-clock_impl.o)
                                        0x1fb (size before relaxing)
 .debug_str     0x00000000000024ff      0x93f /opt/avrada/avr/lib/gnat/avr_lib/atmega328p/lib/libavrada.a(avr-uart.o)
                                        0xbae (size before relaxing)
 .debug_str     0x0000000000002e3e       0x4c /opt/avrada/avr/lib/gnat/avr_lib/atmega328p/lib/libavrada.a(avr-real_time-clock.o)
                                        0x14d (size before relaxing)
 .debug_str     0x0000000000002e8a      0x643 /opt/avrada/avr/lib/gnat/avr_lib/atmega328p/lib/libavrada.a(avr-timer0.o)
                                        0x7a6 (size before relaxing)
 .debug_str     0x00000000000034cd      0x786 /opt/avrada/avr/lib/gnat/avr_lib/atmega328p/lib/libavrada.a(avr-real_time.o)
                                        0xa12 (size before relaxing)
 .debug_str     0x0000000000003c53      0x2b4 /opt/avrada/avr/lib/gnat/avr_lib/atmega328p/lib/libavrada.a(avr-int_img.o)
                                        0x4b3 (size before relaxing)
 .debug_str     0x0000000000003f07      0x141 /opt/avrada/avr/lib/gnat/avr_lib/atmega328p/lib/libavrada.a(avr-sleep.o)
                                        0x363 (size before relaxing)

.debug_loc      0x0000000000000000     0x448e
 *(.debug_loc)
 .debug_loc     0x0000000000000000       0x90 /opt/avrada/lib/gcc/avr/4.7.0/rts/avr5/adalib/a-except.o
 .debug_loc     0x0000000000000090      0x17a /opt/avrada/lib/gcc/avr/4.7.0/rts/avr5/adalib/s-stoele.o
 .debug_loc     0x000000000000020a      0x219 /home/helipse/Dropbox/AdaProg/AdaProg/19_4 - I2C HMC5883L - twi complet/objects/main.o
 .debug_loc     0x0000000000000423      0x28a /home/helipse/Dropbox/AdaProg/AdaProg/19_4 - I2C HMC5883L - twi complet/objects/two_wire.o
 .debug_loc     0x00000000000006ad      0x63c /home/helipse/Dropbox/AdaProg/AdaProg/19_4 - I2C HMC5883L - twi complet/objects/i2c_hmc5883l.o
 .debug_loc     0x0000000000000ce9      0x15f /opt/avrada/avr/lib/gnat/avr_lib/atmega328p/lib/libavrada.a(avr-real_time-delays.o)
 .debug_loc     0x0000000000000e48       0xbf /opt/avrada/avr/lib/gnat/avr_lib/atmega328p/lib/libavrada.a(avr-real_time-clock_impl.o)
 .debug_loc     0x0000000000000f07      0xbe9 /opt/avrada/avr/lib/gnat/avr_lib/atmega328p/lib/libavrada.a(avr-uart.o)
 .debug_loc     0x0000000000001af0       0x48 /opt/avrada/avr/lib/gnat/avr_lib/atmega328p/lib/libavrada.a(avr-real_time-clock.o)
 .debug_loc     0x0000000000001b38       0x42 /opt/avrada/avr/lib/gnat/avr_lib/atmega328p/lib/libavrada.a(avr-timer0.o)
 .debug_loc     0x0000000000001b7a     0x2151 /opt/avrada/avr/lib/gnat/avr_lib/atmega328p/lib/libavrada.a(avr-real_time.o)
 .debug_loc     0x0000000000003ccb      0x736 /opt/avrada/avr/lib/gnat/avr_lib/atmega328p/lib/libavrada.a(avr-int_img.o)
 .debug_loc     0x0000000000004401       0x8d /opt/avrada/avr/lib/gnat/avr_lib/atmega328p/lib/libavrada.a(avr-sleep.o)

.debug_macinfo
 *(.debug_macinfo)
OUTPUT(/home/helipse/Dropbox/AdaProg/AdaProg/19_4 - I2C HMC5883L - twi complet/main.elf elf32-avr)
LOAD linker stubs

.debug_ranges   0x0000000000000000      0x598
 .debug_ranges  0x0000000000000000       0x18 b~main.o
 .debug_ranges  0x0000000000000018       0x18 /opt/avrada/lib/gcc/avr/4.7.0/rts/avr5/adalib/a-except.o
 .debug_ranges  0x0000000000000030       0x50 /opt/avrada/lib/gcc/avr/4.7.0/rts/avr5/adalib/s-stoele.o
 .debug_ranges  0x0000000000000080       0x10 /home/helipse/Dropbox/AdaProg/AdaProg/19_4 - I2C HMC5883L - twi complet/objects/main.o
 .debug_ranges  0x0000000000000090       0x58 /home/helipse/Dropbox/AdaProg/AdaProg/19_4 - I2C HMC5883L - twi complet/objects/two_wire.o
 .debug_ranges  0x00000000000000e8       0x80 /home/helipse/Dropbox/AdaProg/AdaProg/19_4 - I2C HMC5883L - twi complet/objects/i2c_hmc5883l.o
 .debug_ranges  0x0000000000000168       0x18 /opt/avrada/avr/lib/gnat/avr_lib/atmega328p/lib/libavrada.a(avr-real_time-delays.o)
 .debug_ranges  0x0000000000000180       0x18 /opt/avrada/avr/lib/gnat/avr_lib/atmega328p/lib/libavrada.a(avr-real_time-clock_impl.o)
 .debug_ranges  0x0000000000000198       0xf8 /opt/avrada/avr/lib/gnat/avr_lib/atmega328p/lib/libavrada.a(avr-uart.o)
 .debug_ranges  0x0000000000000290       0x10 /opt/avrada/avr/lib/gnat/avr_lib/atmega328p/lib/libavrada.a(avr-real_time-clock.o)
 .debug_ranges  0x00000000000002a0       0x98 /opt/avrada/avr/lib/gnat/avr_lib/atmega328p/lib/libavrada.a(avr-timer0.o)
 .debug_ranges  0x0000000000000338      0x168 /opt/avrada/avr/lib/gnat/avr_lib/atmega328p/lib/libavrada.a(avr-real_time.o)
 .debug_ranges  0x00000000000004a0       0xc8 /opt/avrada/avr/lib/gnat/avr_lib/atmega328p/lib/libavrada.a(avr-int_img.o)
 .debug_ranges  0x0000000000000568       0x30 /opt/avrada/avr/lib/gnat/avr_lib/atmega328p/lib/libavrada.a(avr-sleep.o)

Cross Reference Table

Symbol                                            File
__bad_interrupt                                   /opt/avrada/lib/gcc/avr/4.7.0/../../../../avr/lib/avr5/crtm328p.o
__bss_end                                         /opt/avrada/lib/gcc/avr/4.7.0/avr5/libgcc.a(_clear_bss.o)
__bss_start                                       /opt/avrada/lib/gcc/avr/4.7.0/avr5/libgcc.a(_clear_bss.o)
__data_end                                        /opt/avrada/lib/gcc/avr/4.7.0/avr5/libgcc.a(_copy_data.o)
__data_load_start                                 /opt/avrada/lib/gcc/avr/4.7.0/avr5/libgcc.a(_copy_data.o)
__data_start                                      /opt/avrada/lib/gcc/avr/4.7.0/avr5/libgcc.a(_copy_data.o)
__divmodsi4                                       /opt/avrada/lib/gcc/avr/4.7.0/avr5/libgcc.a(_divmodsi4.o)
                                                  /opt/avrada/avr/lib/gnat/avr_lib/atmega328p/lib/libavrada.a(avr-real_time.o)
                                                  /home/helipse/Dropbox/AdaProg/AdaProg/19_4 - I2C HMC5883L - twi complet/objects/main.o
__do_clear_bss                                    /opt/avrada/lib/gcc/avr/4.7.0/avr5/libgcc.a(_clear_bss.o)
                                                  /opt/avrada/avr/lib/gnat/avr_lib/atmega328p/lib/libavrada.a(avr-uart.o)
                                                  /opt/avrada/avr/lib/gnat/avr_lib/atmega328p/lib/libavrada.a(avr-real_time-clock_impl.o)
                                                  /home/helipse/Dropbox/AdaProg/AdaProg/19_4 - I2C HMC5883L - twi complet/objects/i2c_hmc5883l.o
                                                  /home/helipse/Dropbox/AdaProg/AdaProg/19_4 - I2C HMC5883L - twi complet/objects/two_wire.o
__do_copy_data                                    /opt/avrada/lib/gcc/avr/4.7.0/avr5/libgcc.a(_copy_data.o)
                                                  /opt/avrada/avr/lib/gnat/avr_lib/atmega328p/lib/libavrada.a(avr-sleep.o)
                                                  /opt/avrada/avr/lib/gnat/avr_lib/atmega328p/lib/libavrada.a(avr-int_img.o)
                                                  /opt/avrada/avr/lib/gnat/avr_lib/atmega328p/lib/libavrada.a(avr-real_time.o)
                                                  /opt/avrada/avr/lib/gnat/avr_lib/atmega328p/lib/libavrada.a(avr-timer0.o)
                                                  /opt/avrada/avr/lib/gnat/avr_lib/atmega328p/lib/libavrada.a(avr-real_time-clock.o)
                                                  /opt/avrada/avr/lib/gnat/avr_lib/atmega328p/lib/libavrada.a(avr-uart.o)
                                                  /opt/avrada/avr/lib/gnat/avr_lib/atmega328p/lib/libavrada.a(avr-real_time-clock_impl.o)
                                                  /opt/avrada/avr/lib/gnat/avr_lib/atmega328p/lib/libavrada.a(avr-real_time-delays.o)
                                                  /home/helipse/Dropbox/AdaProg/AdaProg/19_4 - I2C HMC5883L - twi complet/objects/i2c_hmc5883l.o
                                                  /home/helipse/Dropbox/AdaProg/AdaProg/19_4 - I2C HMC5883L - twi complet/objects/two_wire.o
                                                  /home/helipse/Dropbox/AdaProg/AdaProg/19_4 - I2C HMC5883L - twi complet/objects/main.o
                                                  /opt/avrada/lib/gcc/avr/4.7.0/rts/avr5/adalib/a-caldel.o
                                                  /opt/avrada/lib/gcc/avr/4.7.0/rts/avr5/adalib/s-unstyp.o
                                                  /opt/avrada/lib/gcc/avr/4.7.0/rts/avr5/adalib/s-stoele.o
                                                  /opt/avrada/lib/gcc/avr/4.7.0/rts/avr5/adalib/s-maccod.o
                                                  /opt/avrada/lib/gcc/avr/4.7.0/rts/avr5/adalib/a-except.o
                                                  /opt/avrada/lib/gcc/avr/4.7.0/rts/avr5/adalib/system.o
                                                  /opt/avrada/lib/gcc/avr/4.7.0/rts/avr5/adalib/interfac.o
                                                  /opt/avrada/lib/gcc/avr/4.7.0/rts/avr5/adalib/a-calend.o
                                                  /opt/avrada/lib/gcc/avr/4.7.0/rts/avr5/adalib/ada.o
                                                  b~main.o
__gnat_ada_main_program_name                      b~main.o
__gnat_last_chance_handler                        /opt/avrada/lib/gcc/avr/4.7.0/rts/avr5/adalib/a-except.o
                                                  /opt/avrada/avr/lib/gnat/avr_lib/atmega328p/lib/libavrada.a(avr-timer0.o)
__gnat_version                                    b~main.o
__heap_end                                        /opt/avrada/lib/gcc/avr/4.7.0/../../../../avr/lib/avr5/crtm328p.o
__init                                            /opt/avrada/lib/gcc/avr/4.7.0/../../../../avr/lib/avr5/crtm328p.o
__mulohisi3                                       /opt/avrada/lib/gcc/avr/4.7.0/avr5/libgcc.a(_mulshisi3.o)
                                                  /opt/avrada/avr/lib/gnat/avr_lib/atmega328p/lib/libavrada.a(avr-real_time.o)
__mulshisi3                                       /opt/avrada/lib/gcc/avr/4.7.0/avr5/libgcc.a(_mulshisi3.o)
                                                  /opt/avrada/avr/lib/gnat/avr_lib/atmega328p/lib/libavrada.a(avr-real_time.o)
                                                  /home/helipse/Dropbox/AdaProg/AdaProg/19_4 - I2C HMC5883L - twi complet/objects/i2c_hmc5883l.o
__mulsi3                                          /opt/avrada/lib/gcc/avr/4.7.0/avr5/libgcc.a(_mulsi3.o)
                                                  /opt/avrada/avr/lib/gnat/avr_lib/atmega328p/lib/libavrada.a(avr-real_time.o)
__muluhisi3                                       /opt/avrada/lib/gcc/avr/4.7.0/avr5/libgcc.a(_muluhisi3.o)
                                                  /opt/avrada/lib/gcc/avr/4.7.0/avr5/libgcc.a(_mulsi3.o)
                                                  /opt/avrada/lib/gcc/avr/4.7.0/avr5/libgcc.a(_mulshisi3.o)
                                                  /opt/avrada/avr/lib/gnat/avr_lib/atmega328p/lib/libavrada.a(avr-real_time.o)
__stack                                           /opt/avrada/lib/gcc/avr/4.7.0/../../../../avr/lib/avr5/crtm328p.o
__udivmodhi4                                      /opt/avrada/lib/gcc/avr/4.7.0/avr5/libgcc.a(_udivmodhi4.o)
                                                  /opt/avrada/lib/gcc/avr/4.7.0/../../../../avr/lib/avr5/libc.a(itoa.o)
                                                  /opt/avrada/avr/lib/gnat/avr_lib/atmega328p/lib/libavrada.a(avr-int_img.o)
                                                  /opt/avrada/lib/gcc/avr/4.7.0/rts/avr5/adalib/s-stoele.o
__udivmodqi4                                      /opt/avrada/lib/gcc/avr/4.7.0/avr5/libgcc.a(_udivmodqi4.o)
                                                  /opt/avrada/avr/lib/gnat/avr_lib/atmega328p/lib/libavrada.a(avr-int_img.o)
__udivmodsi4                                      /opt/avrada/lib/gcc/avr/4.7.0/avr5/libgcc.a(_udivmodsi4.o)
                                                  /opt/avrada/lib/gcc/avr/4.7.0/avr5/libgcc.a(_divmodsi4.o)
__umulhisi3                                       /opt/avrada/lib/gcc/avr/4.7.0/avr5/libgcc.a(_umulhisi3.o)
                                                  /opt/avrada/lib/gcc/avr/4.7.0/avr5/libgcc.a(_muluhisi3.o)
                                                  /opt/avrada/lib/gcc/avr/4.7.0/avr5/libgcc.a(_usmulhisi3.o)
__usmulhisi3                                      /opt/avrada/lib/gcc/avr/4.7.0/avr5/libgcc.a(_usmulhisi3.o)
                                                  /opt/avrada/avr/lib/gnat/avr_lib/atmega328p/lib/libavrada.a(avr-real_time.o)
__usmulhisi3_tail                                 /opt/avrada/lib/gcc/avr/4.7.0/avr5/libgcc.a(_usmulhisi3.o)
__vector_1                                        /opt/avrada/lib/gcc/avr/4.7.0/../../../../avr/lib/avr5/crtm328p.o
__vector_10                                       /opt/avrada/lib/gcc/avr/4.7.0/../../../../avr/lib/avr5/crtm328p.o
__vector_11                                       /opt/avrada/lib/gcc/avr/4.7.0/../../../../avr/lib/avr5/crtm328p.o
__vector_12                                       /opt/avrada/lib/gcc/avr/4.7.0/../../../../avr/lib/avr5/crtm328p.o
__vector_13                                       /opt/avrada/lib/gcc/avr/4.7.0/../../../../avr/lib/avr5/crtm328p.o
__vector_14                                       /opt/avrada/avr/lib/gnat/avr_lib/atmega328p/lib/libavrada.a(avr-real_time-clock_impl.o)
                                                  /opt/avrada/lib/gcc/avr/4.7.0/../../../../avr/lib/avr5/crtm328p.o
__vector_15                                       /opt/avrada/lib/gcc/avr/4.7.0/../../../../avr/lib/avr5/crtm328p.o
__vector_16                                       /opt/avrada/lib/gcc/avr/4.7.0/../../../../avr/lib/avr5/crtm328p.o
__vector_17                                       /opt/avrada/lib/gcc/avr/4.7.0/../../../../avr/lib/avr5/crtm328p.o
__vector_18                                       /opt/avrada/avr/lib/gnat/avr_lib/atmega328p/lib/libavrada.a(avr-uart.o)
                                                  /opt/avrada/lib/gcc/avr/4.7.0/../../../../avr/lib/avr5/crtm328p.o
__vector_19                                       /opt/avrada/lib/gcc/avr/4.7.0/../../../../avr/lib/avr5/crtm328p.o
__vector_2                                        /opt/avrada/lib/gcc/avr/4.7.0/../../../../avr/lib/avr5/crtm328p.o
__vector_20                                       /opt/avrada/lib/gcc/avr/4.7.0/../../../../avr/lib/avr5/crtm328p.o
__vector_21                                       /opt/avrada/lib/gcc/avr/4.7.0/../../../../avr/lib/avr5/crtm328p.o
__vector_22                                       /opt/avrada/lib/gcc/avr/4.7.0/../../../../avr/lib/avr5/crtm328p.o
__vector_23                                       /opt/avrada/lib/gcc/avr/4.7.0/../../../../avr/lib/avr5/crtm328p.o
__vector_24                                       /home/helipse/Dropbox/AdaProg/AdaProg/19_4 - I2C HMC5883L - twi complet/objects/two_wire.o
                                                  /opt/avrada/lib/gcc/avr/4.7.0/../../../../avr/lib/avr5/crtm328p.o
__vector_25                                       /opt/avrada/lib/gcc/avr/4.7.0/../../../../avr/lib/avr5/crtm328p.o
__vector_3                                        /opt/avrada/lib/gcc/avr/4.7.0/../../../../avr/lib/avr5/crtm328p.o
__vector_4                                        /opt/avrada/lib/gcc/avr/4.7.0/../../../../avr/lib/avr5/crtm328p.o
__vector_5                                        /opt/avrada/lib/gcc/avr/4.7.0/../../../../avr/lib/avr5/crtm328p.o
__vector_6                                        /opt/avrada/lib/gcc/avr/4.7.0/../../../../avr/lib/avr5/crtm328p.o
__vector_7                                        /opt/avrada/lib/gcc/avr/4.7.0/../../../../avr/lib/avr5/crtm328p.o
__vector_8                                        /opt/avrada/lib/gcc/avr/4.7.0/../../../../avr/lib/avr5/crtm328p.o
__vector_9                                        /opt/avrada/lib/gcc/avr/4.7.0/../../../../avr/lib/avr5/crtm328p.o
__vector_default                                  /opt/avrada/lib/gcc/avr/4.7.0/../../../../avr/lib/avr5/crtm328p.o
__vectors                                         /opt/avrada/lib/gcc/avr/4.7.0/../../../../avr/lib/avr5/crtm328p.o
_ada_avr__real_time__clock                        /opt/avrada/avr/lib/gnat/avr_lib/atmega328p/lib/libavrada.a(avr-real_time-clock.o)
                                                  /opt/avrada/avr/lib/gnat/avr_lib/atmega328p/lib/libavrada.a(avr-real_time-delays.o)
_ada_main                                         /home/helipse/Dropbox/AdaProg/AdaProg/19_4 - I2C HMC5883L - twi complet/objects/main.o
                                                  b~main.o
_exit                                             /opt/avrada/lib/gcc/avr/4.7.0/avr5/libgcc.a(_exit.o)
_hex_img::avr__int_img(void) __restrict           /opt/avrada/avr/lib/gnat/avr_lib/atmega328p/lib/libavrada.a(avr-int_img.o)
                                                  /opt/avrada/avr/lib/gnat/avr_lib/atmega328p/lib/libavrada.a(avr-uart.o)
adaS                                              b~main.o
ada_E                                             /opt/avrada/lib/gcc/avr/4.7.0/rts/avr5/adalib/ada.o
ada__calendarS                                    b~main.o
ada__calendar_E                                   /opt/avrada/lib/gcc/avr/4.7.0/rts/avr5/adalib/a-calend.o
ada__calendar__delaysS                            b~main.o
ada__calendar__delays_E                           /opt/avrada/lib/gcc/avr/4.7.0/rts/avr5/adalib/a-caldel.o
ada__calendar__delays__delay_for                  /opt/avrada/avr/lib/gnat/avr_lib/atmega328p/lib/libavrada.a(avr-real_time-delays.o)
                                                  /home/helipse/Dropbox/AdaProg/AdaProg/19_4 - I2C HMC5883L - twi complet/objects/main.o
ada__calendar__delays__delay_until                /opt/avrada/avr/lib/gnat/avr_lib/atmega328p/lib/libavrada.a(avr-real_time-delays.o)
ada__calendar__delays__timeIP                     /opt/avrada/lib/gcc/avr/4.7.0/rts/avr5/adalib/a-caldel.o
ada__exceptionsB                                  b~main.o
ada__exceptionsS                                  b~main.o
ada__exceptions_E                                 /opt/avrada/lib/gcc/avr/4.7.0/rts/avr5/adalib/a-except.o
ada__exceptions__null_id                          /opt/avrada/lib/gcc/avr/4.7.0/rts/avr5/adalib/a-except.o
ada__exceptions__raise_exception                  /opt/avrada/lib/gcc/avr/4.7.0/rts/avr5/adalib/a-except.o
ada__exceptions__reset                            /opt/avrada/lib/gcc/avr/4.7.0/rts/avr5/adalib/a-except.o
ada_main_E                                        b~main.o
adainit                                           b~main.o
avr(short, long,...)(...)(signed *)               b~main.o
avrB                                              b~main.o
avrS                                              b~main.o
avr__atmega328pS                                  b~main.o
avr__configS                                      b~main.o
avr__int_imgB                                     b~main.o
avr__int_imgS                                     b~main.o
avr__int_img_E                                    /opt/avrada/avr/lib/gnat/avr_lib/atmega328p/lib/libavrada.a(avr-int_img.o)
avr__int_img__nibble_hex_img                      /opt/avrada/avr/lib/gnat/avr_lib/atmega328p/lib/libavrada.a(avr-int_img.o)
avr__int_img__u16_img                             /opt/avrada/avr/lib/gnat/avr_lib/atmega328p/lib/libavrada.a(avr-int_img.o)
                                                  /opt/avrada/avr/lib/gnat/avr_lib/atmega328p/lib/libavrada.a(avr-uart.o)
avr__int_img__u16_img_right                       /opt/avrada/avr/lib/gnat/avr_lib/atmega328p/lib/libavrada.a(avr-int_img.o)
avr__int_img__u32_img                             /opt/avrada/avr/lib/gnat/avr_lib/atmega328p/lib/libavrada.a(avr-int_img.o)
                                                  /opt/avrada/avr/lib/gnat/avr_lib/atmega328p/lib/libavrada.a(avr-real_time.o)
avr__int_img__u8_img                              /opt/avrada/avr/lib/gnat/avr_lib/atmega328p/lib/libavrada.a(avr-int_img.o)
                                                  /opt/avrada/avr/lib/gnat/avr_lib/atmega328p/lib/libavrada.a(avr-uart.o)
avr__int_img__u8_img_99_right                     /opt/avrada/avr/lib/gnat/avr_lib/atmega328p/lib/libavrada.a(avr-int_img.o)
avr__int_img__u8_img_c                            /opt/avrada/avr/lib/gnat/avr_lib/atmega328p/lib/libavrada.a(avr-int_img.o)
avr__int_img__u8_img_right                        /opt/avrada/avr/lib/gnat/avr_lib/atmega328p/lib/libavrada.a(avr-int_img.o)
avr__interruptsB                                  b~main.o
avr__interruptsS                                  b~main.o
avr__mcuS                                         b~main.o
avr__programspaceB                                b~main.o
avr__programspaceS                                b~main.o
avr__real_timeB                                   b~main.o
avr__real_timeS                                   b~main.o
avr__real_time_E                                  /opt/avrada/avr/lib/gnat/avr_lib/atmega328p/lib/libavrada.a(avr-real_time.o)
avr__real_time__Oadd                              /opt/avrada/avr/lib/gnat/avr_lib/atmega328p/lib/libavrada.a(avr-real_time.o)
                                                  /opt/avrada/avr/lib/gnat/avr_lib/atmega328p/lib/libavrada.a(avr-real_time-delays.o)
avr__real_time__Oadd__2                           /opt/avrada/avr/lib/gnat/avr_lib/atmega328p/lib/libavrada.a(avr-real_time.o)
avr__real_time__Oge                               /opt/avrada/avr/lib/gnat/avr_lib/atmega328p/lib/libavrada.a(avr-real_time.o)
avr__real_time__Ogt                               /opt/avrada/avr/lib/gnat/avr_lib/atmega328p/lib/libavrada.a(avr-real_time.o)
                                                  /opt/avrada/avr/lib/gnat/avr_lib/atmega328p/lib/libavrada.a(avr-real_time-delays.o)
avr__real_time__Ole                               /opt/avrada/avr/lib/gnat/avr_lib/atmega328p/lib/libavrada.a(avr-real_time.o)
avr__real_time__Olt                               /opt/avrada/avr/lib/gnat/avr_lib/atmega328p/lib/libavrada.a(avr-real_time.o)
avr__real_time__Osubtract                         /opt/avrada/avr/lib/gnat/avr_lib/atmega328p/lib/libavrada.a(avr-real_time.o)
avr__real_time__Osubtract__2                      /opt/avrada/avr/lib/gnat/avr_lib/atmega328p/lib/libavrada.a(avr-real_time.o)
avr__real_time__clockB                            b~main.o
avr__real_time__clockS                            b~main.o
avr__real_time__clock_E                           /opt/avrada/avr/lib/gnat/avr_lib/atmega328p/lib/libavrada.a(avr-real_time-clock.o)
                                                  b~main.o
avr__real_time__clock_implB                       b~main.o
avr__real_time__clock_implS                       b~main.o
avr__real_time__clock_impl_E                      /opt/avrada/avr/lib/gnat/avr_lib/atmega328p/lib/libavrada.a(avr-real_time-clock_impl.o)
                                                  b~main.o
avr__real_time__clock_impl___elabb                /opt/avrada/avr/lib/gnat/avr_lib/atmega328p/lib/libavrada.a(avr-real_time-clock_impl.o)
                                                  b~main.o
avr__real_time__clock_impl__now                   /opt/avrada/avr/lib/gnat/avr_lib/atmega328p/lib/libavrada.a(avr-real_time-clock_impl.o)
                                                  /opt/avrada/avr/lib/gnat/avr_lib/atmega328p/lib/libavrada.a(avr-real_time-clock.o)
avr__real_time__date_image                        /opt/avrada/avr/lib/gnat/avr_lib/atmega328p/lib/libavrada.a(avr-real_time.o)
avr__real_time__date_image_short                  /opt/avrada/avr/lib/gnat/avr_lib/atmega328p/lib/libavrada.a(avr-real_time.o)
avr__real_time__day                               /opt/avrada/avr/lib/gnat/avr_lib/atmega328p/lib/libavrada.a(avr-real_time.o)
avr__real_time__day_nameN                         /opt/avrada/avr/lib/gnat/avr_lib/atmega328p/lib/libavrada.a(avr-real_time.o)
avr__real_time__day_nameS                         /opt/avrada/avr/lib/gnat/avr_lib/atmega328p/lib/libavrada.a(avr-real_time.o)
avr__real_time__day_of_week                       /opt/avrada/avr/lib/gnat/avr_lib/atmega328p/lib/libavrada.a(avr-real_time.o)
avr__real_time__delaysB                           b~main.o
avr__real_time__delaysS                           b~main.o
avr__real_time__delays_E                          /opt/avrada/avr/lib/gnat/avr_lib/atmega328p/lib/libavrada.a(avr-real_time-delays.o)
                                                  b~main.o
avr__real_time__fract_image                       /opt/avrada/avr/lib/gnat/avr_lib/atmega328p/lib/libavrada.a(avr-real_time.o)
avr__real_time__hour                              /opt/avrada/avr/lib/gnat/avr_lib/atmega328p/lib/libavrada.a(avr-real_time.o)
avr__real_time__hours                             /opt/avrada/avr/lib/gnat/avr_lib/atmega328p/lib/libavrada.a(avr-real_time.o)
avr__real_time__image                             /opt/avrada/avr/lib/gnat/avr_lib/atmega328p/lib/libavrada.a(avr-real_time.o)
avr__real_time__image__2                          /opt/avrada/avr/lib/gnat/avr_lib/atmega328p/lib/libavrada.a(avr-real_time.o)
avr__real_time__julian_date                       /opt/avrada/avr/lib/gnat/avr_lib/atmega328p/lib/libavrada.a(avr-real_time.o)
avr__real_time__julian_day                        /opt/avrada/avr/lib/gnat/avr_lib/atmega328p/lib/libavrada.a(avr-real_time.o)
avr__real_time__microseconds                      /opt/avrada/avr/lib/gnat/avr_lib/atmega328p/lib/libavrada.a(avr-real_time.o)
avr__real_time__millisec_image                    /opt/avrada/avr/lib/gnat/avr_lib/atmega328p/lib/libavrada.a(avr-real_time.o)
avr__real_time__millisec_image__2                 /opt/avrada/avr/lib/gnat/avr_lib/atmega328p/lib/libavrada.a(avr-real_time.o)
avr__real_time__milliseconds                      /opt/avrada/avr/lib/gnat/avr_lib/atmega328p/lib/libavrada.a(avr-real_time.o)
avr__real_time__minute                            /opt/avrada/avr/lib/gnat/avr_lib/atmega328p/lib/libavrada.a(avr-real_time.o)
avr__real_time__minutes                           /opt/avrada/avr/lib/gnat/avr_lib/atmega328p/lib/libavrada.a(avr-real_time.o)
avr__real_time__month                             /opt/avrada/avr/lib/gnat/avr_lib/atmega328p/lib/libavrada.a(avr-real_time.o)
avr__real_time__second                            /opt/avrada/avr/lib/gnat/avr_lib/atmega328p/lib/libavrada.a(avr-real_time.o)
avr__real_time__seconds                           /opt/avrada/avr/lib/gnat/avr_lib/atmega328p/lib/libavrada.a(avr-real_time.o)
avr__real_time__seconds__2                        /opt/avrada/avr/lib/gnat/avr_lib/atmega328p/lib/libavrada.a(avr-real_time.o)
avr__real_time__seconds_of                        /opt/avrada/avr/lib/gnat/avr_lib/atmega328p/lib/libavrada.a(avr-real_time.o)
avr__real_time__split                             /opt/avrada/avr/lib/gnat/avr_lib/atmega328p/lib/libavrada.a(avr-real_time.o)
avr__real_time__split__2                          /opt/avrada/avr/lib/gnat/avr_lib/atmega328p/lib/libavrada.a(avr-real_time.o)
avr__real_time__split__3                          /opt/avrada/avr/lib/gnat/avr_lib/atmega328p/lib/libavrada.a(avr-real_time.o)
avr__real_time__sub_second                        /opt/avrada/avr/lib/gnat/avr_lib/atmega328p/lib/libavrada.a(avr-real_time.o)
avr__real_time__sum_days_in_month                 /opt/avrada/avr/lib/gnat/avr_lib/atmega328p/lib/libavrada.a(avr-real_time.o)
avr__real_time__tick                              /opt/avrada/avr/lib/gnat/avr_lib/atmega328p/lib/libavrada.a(avr-real_time.o)
avr__real_time__timeIP                            /opt/avrada/avr/lib/gnat/avr_lib/atmega328p/lib/libavrada.a(avr-real_time.o)
avr__real_time__time_first                        /opt/avrada/avr/lib/gnat/avr_lib/atmega328p/lib/libavrada.a(avr-real_time.o)
avr__real_time__time_image                        /opt/avrada/avr/lib/gnat/avr_lib/atmega328p/lib/libavrada.a(avr-real_time.o)
avr__real_time__time_image_short                  /opt/avrada/avr/lib/gnat/avr_lib/atmega328p/lib/libavrada.a(avr-real_time.o)
avr__real_time__time_last                         /opt/avrada/avr/lib/gnat/avr_lib/atmega328p/lib/libavrada.a(avr-real_time.o)
avr__real_time__time_of                           /opt/avrada/avr/lib/gnat/avr_lib/atmega328p/lib/libavrada.a(avr-real_time.o)
avr__real_time__value                             /opt/avrada/avr/lib/gnat/avr_lib/atmega328p/lib/libavrada.a(avr-real_time.o)
avr__real_time__value__2                          /opt/avrada/avr/lib/gnat/avr_lib/atmega328p/lib/libavrada.a(avr-real_time.o)
avr__real_time__year                              /opt/avrada/avr/lib/gnat/avr_lib/atmega328p/lib/libavrada.a(avr-real_time.o)
avr__sleepB                                       b~main.o
avr__sleep_E                                      /opt/avrada/avr/lib/gnat/avr_lib/atmega328p/lib/libavrada.a(avr-sleep.o)
avr__sleep__disable                               /opt/avrada/avr/lib/gnat/avr_lib/atmega328p/lib/libavrada.a(avr-sleep.o)
avr__sleep__enable                                /opt/avrada/avr/lib/gnat/avr_lib/atmega328p/lib/libavrada.a(avr-sleep.o)
avr__sleep__go_sleeping                           /opt/avrada/avr/lib/gnat/avr_lib/atmega328p/lib/libavrada.a(avr-sleep.o)
avr__sleep__go_sleeping_if                        /opt/avrada/avr/lib/gnat/avr_lib/atmega328p/lib/libavrada.a(avr-sleep.o)
avr__sleep__set_mode                              /opt/avrada/avr/lib/gnat/avr_lib/atmega328p/lib/libavrada.a(avr-sleep.o)
                                                  /opt/avrada/avr/lib/gnat/avr_lib/atmega328p/lib/libavrada.a(avr-real_time-delays.o)
avr__sleep__sleep_ctrl_bits                       /opt/avrada/avr/lib/gnat/avr_lib/atmega328p/lib/libavrada.a(avr-sleep.o)
avr__sleep__sleep_mode_tN                         /opt/avrada/avr/lib/gnat/avr_lib/atmega328p/lib/libavrada.a(avr-sleep.o)
avr__sleep__sleep_mode_tS                         /opt/avrada/avr/lib/gnat/avr_lib/atmega328p/lib/libavrada.a(avr-sleep.o)
avr__stringsS                                     b~main.o
avr__timer0B                                      b~main.o
avr__timer0S                                      b~main.o
avr__timer0_E                                     /opt/avrada/avr/lib/gnat/avr_lib/atmega328p/lib/libavrada.a(avr-timer0.o)
avr__timer0__count                                /opt/avrada/avr/lib/gnat/avr_lib/atmega328p/lib/libavrada.a(avr-timer0.o)
avr__timer0__ctrl_reg                             /opt/avrada/avr/lib/gnat/avr_lib/atmega328p/lib/libavrada.a(avr-timer0.o)
avr__timer0__enable_interrupt_compare             /opt/avrada/avr/lib/gnat/avr_lib/atmega328p/lib/libavrada.a(avr-timer0.o)
avr__timer0__enable_interrupt_overflow            /opt/avrada/avr/lib/gnat/avr_lib/atmega328p/lib/libavrada.a(avr-timer0.o)
avr__timer0__init_ctc                             /opt/avrada/avr/lib/gnat/avr_lib/atmega328p/lib/libavrada.a(avr-timer0.o)
                                                  /opt/avrada/avr/lib/gnat/avr_lib/atmega328p/lib/libavrada.a(avr-real_time-clock_impl.o)
avr__timer0__init_normal                          /opt/avrada/avr/lib/gnat/avr_lib/atmega328p/lib/libavrada.a(avr-timer0.o)
avr__timer0__interrupt_mask                       /opt/avrada/avr/lib/gnat/avr_lib/atmega328p/lib/libavrada.a(avr-timer0.o)
avr__timer0__no_clock_source                      /opt/avrada/avr/lib/gnat/avr_lib/atmega328p/lib/libavrada.a(avr-timer0.o)
avr__timer0__no_prescaling                        /opt/avrada/avr/lib/gnat/avr_lib/atmega328p/lib/libavrada.a(avr-timer0.o)
avr__timer0__output_compare_reg                   /opt/avrada/avr/lib/gnat/avr_lib/atmega328p/lib/libavrada.a(avr-timer0.o)
avr__timer0__prescale_reg                         /opt/avrada/avr/lib/gnat/avr_lib/atmega328p/lib/libavrada.a(avr-timer0.o)
avr__timer0__scale_by_1024                        /opt/avrada/avr/lib/gnat/avr_lib/atmega328p/lib/libavrada.a(avr-timer0.o)
avr__timer0__scale_by_128                         /opt/avrada/avr/lib/gnat/avr_lib/atmega328p/lib/libavrada.a(avr-timer0.o)
avr__timer0__scale_by_256                         /opt/avrada/avr/lib/gnat/avr_lib/atmega328p/lib/libavrada.a(avr-timer0.o)
avr__timer0__scale_by_32                          /opt/avrada/avr/lib/gnat/avr_lib/atmega328p/lib/libavrada.a(avr-timer0.o)
avr__timer0__scale_by_64                          /opt/avrada/avr/lib/gnat/avr_lib/atmega328p/lib/libavrada.a(avr-timer0.o)
avr__timer0__scale_by_8                           /opt/avrada/avr/lib/gnat/avr_lib/atmega328p/lib/libavrada.a(avr-timer0.o)
avr__timer0__set_output_compare_mode_clear        /opt/avrada/avr/lib/gnat/avr_lib/atmega328p/lib/libavrada.a(avr-timer0.o)
avr__timer0__set_output_compare_mode_normal       /opt/avrada/avr/lib/gnat/avr_lib/atmega328p/lib/libavrada.a(avr-timer0.o)
avr__timer0__set_output_compare_mode_set          /opt/avrada/avr/lib/gnat/avr_lib/atmega328p/lib/libavrada.a(avr-timer0.o)
avr__timer0__set_output_compare_mode_toggle       /opt/avrada/avr/lib/gnat/avr_lib/atmega328p/lib/libavrada.a(avr-timer0.o)
avr__timer0__set_overflow_at                      /opt/avrada/avr/lib/gnat/avr_lib/atmega328p/lib/libavrada.a(avr-timer0.o)
avr__timer0__signal_compare                       /opt/avrada/avr/lib/gnat/avr_lib/atmega328p/lib/libavrada.a(avr-timer0.o)
avr__timer0__signal_overflow                      /opt/avrada/avr/lib/gnat/avr_lib/atmega328p/lib/libavrada.a(avr-timer0.o)
avr__timer0__stop                                 /opt/avrada/avr/lib/gnat/avr_lib/atmega328p/lib/libavrada.a(avr-timer0.o)
avr__uart(char, long double, long, float)         /opt/avrada/avr/lib/gnat/avr_lib/atmega328p/lib/libavrada.a(avr-uart.o)
                                                  /home/helipse/Dropbox/AdaProg/AdaProg/19_4 - I2C HMC5883L - twi complet/objects/main.o
avr__uartB                                        b~main.o
avr__uartS                                        b~main.o
avr__uart_E                                       /opt/avrada/avr/lib/gnat/avr_lib/atmega328p/lib/libavrada.a(avr-uart.o)
avr__uart__Oadd                                   /opt/avrada/avr/lib/gnat/avr_lib/atmega328p/lib/libavrada.a(avr-uart.o)
avr__uart__baud_115200_14_7mhz                    /opt/avrada/avr/lib/gnat/avr_lib/atmega328p/lib/libavrada.a(avr-uart.o)
avr__uart__baud_115200_16mhz                      /opt/avrada/avr/lib/gnat/avr_lib/atmega328p/lib/libavrada.a(avr-uart.o)
avr__uart__baud_115200_20mhz                      /opt/avrada/avr/lib/gnat/avr_lib/atmega328p/lib/libavrada.a(avr-uart.o)
avr__uart__baud_1200_1mhz                         /opt/avrada/avr/lib/gnat/avr_lib/atmega328p/lib/libavrada.a(avr-uart.o)
avr__uart__baud_19200_12mhz                       /opt/avrada/avr/lib/gnat/avr_lib/atmega328p/lib/libavrada.a(avr-uart.o)
avr__uart__baud_19200_16mhz                       /opt/avrada/avr/lib/gnat/avr_lib/atmega328p/lib/libavrada.a(avr-uart.o)
avr__uart__baud_19200_20mhz                       /opt/avrada/avr/lib/gnat/avr_lib/atmega328p/lib/libavrada.a(avr-uart.o)
avr__uart__baud_19200_4mhz                        /opt/avrada/avr/lib/gnat/avr_lib/atmega328p/lib/libavrada.a(avr-uart.o)
avr__uart__baud_19200_8mhz                        /opt/avrada/avr/lib/gnat/avr_lib/atmega328p/lib/libavrada.a(avr-uart.o)
avr__uart__baud_2400_4mhz                         /opt/avrada/avr/lib/gnat/avr_lib/atmega328p/lib/libavrada.a(avr-uart.o)
avr__uart__baud_38400_16mhz                       /opt/avrada/avr/lib/gnat/avr_lib/atmega328p/lib/libavrada.a(avr-uart.o)
avr__uart__baud_38400_20mhz                       /opt/avrada/avr/lib/gnat/avr_lib/atmega328p/lib/libavrada.a(avr-uart.o)
avr__uart__baud_38400_8mhz                        /opt/avrada/avr/lib/gnat/avr_lib/atmega328p/lib/libavrada.a(avr-uart.o)
avr__uart__baud_4800_12mhz                        /opt/avrada/avr/lib/gnat/avr_lib/atmega328p/lib/libavrada.a(avr-uart.o)
avr__uart__baud_4800_1mhz                         /opt/avrada/avr/lib/gnat/avr_lib/atmega328p/lib/libavrada.a(avr-uart.o)
avr__uart__baud_4800_4mhz                         /opt/avrada/avr/lib/gnat/avr_lib/atmega328p/lib/libavrada.a(avr-uart.o)
avr__uart__baud_4800_8mhz                         /opt/avrada/avr/lib/gnat/avr_lib/atmega328p/lib/libavrada.a(avr-uart.o)
avr__uart__baud_57600_12mhz                       /opt/avrada/avr/lib/gnat/avr_lib/atmega328p/lib/libavrada.a(avr-uart.o)
avr__uart__baud_57600_16mhz                       /opt/avrada/avr/lib/gnat/avr_lib/atmega328p/lib/libavrada.a(avr-uart.o)
avr__uart__baud_76800_16mhz                       /opt/avrada/avr/lib/gnat/avr_lib/atmega328p/lib/libavrada.a(avr-uart.o)
avr__uart__baud_76800_20mhz                       /opt/avrada/avr/lib/gnat/avr_lib/atmega328p/lib/libavrada.a(avr-uart.o)
avr__uart__baud_9600_12mhz                        /opt/avrada/avr/lib/gnat/avr_lib/atmega328p/lib/libavrada.a(avr-uart.o)
avr__uart__baud_9600_16mhz                        /opt/avrada/avr/lib/gnat/avr_lib/atmega328p/lib/libavrada.a(avr-uart.o)
avr__uart__baud_9600_20mhz                        /opt/avrada/avr/lib/gnat/avr_lib/atmega328p/lib/libavrada.a(avr-uart.o)
avr__uart__baud_9600_8mhz                         /opt/avrada/avr/lib/gnat/avr_lib/atmega328p/lib/libavrada.a(avr-uart.o)
avr__uart__get                                    /opt/avrada/avr/lib/gnat/avr_lib/atmega328p/lib/libavrada.a(avr-uart.o)
avr__uart__get_line                               /opt/avrada/avr/lib/gnat/avr_lib/atmega328p/lib/libavrada.a(avr-uart.o)
avr__uart__get_raw                                /opt/avrada/avr/lib/gnat/avr_lib/atmega328p/lib/libavrada.a(avr-uart.o)
avr__uart__get_raw__2                             /opt/avrada/avr/lib/gnat/avr_lib/atmega328p/lib/libavrada.a(avr-uart.o)
avr__uart__have_input                             /opt/avrada/avr/lib/gnat/avr_lib/atmega328p/lib/libavrada.a(avr-uart.o)
avr__uart__init                                   /opt/avrada/avr/lib/gnat/avr_lib/atmega328p/lib/libavrada.a(avr-uart.o)
                                                  /home/helipse/Dropbox/AdaProg/AdaProg/19_4 - I2C HMC5883L - twi complet/objects/main.o
avr__uart__init_common                            /opt/avrada/avr/lib/gnat/avr_lib/atmega328p/lib/libavrada.a(avr-uart.o)
avr__uart__init_interrupt_read                    /opt/avrada/avr/lib/gnat/avr_lib/atmega328p/lib/libavrada.a(avr-uart.o)
avr__uart__new_line                               /opt/avrada/avr/lib/gnat/avr_lib/atmega328p/lib/libavrada.a(avr-uart.o)
avr__uart__put                                    /opt/avrada/avr/lib/gnat/avr_lib/atmega328p/lib/libavrada.a(avr-uart.o)
avr__uart__put__2                                 /opt/avrada/avr/lib/gnat/avr_lib/atmega328p/lib/libavrada.a(avr-uart.o)
                                                  /home/helipse/Dropbox/AdaProg/AdaProg/19_4 - I2C HMC5883L - twi complet/objects/main.o
avr__uart__put__3                                 /opt/avrada/avr/lib/gnat/avr_lib/atmega328p/lib/libavrada.a(avr-uart.o)
avr__uart__put__5                                 /opt/avrada/avr/lib/gnat/avr_lib/atmega328p/lib/libavrada.a(avr-uart.o)
avr__uart__put__6                                 /opt/avrada/avr/lib/gnat/avr_lib/atmega328p/lib/libavrada.a(avr-uart.o)
                                                  /home/helipse/Dropbox/AdaProg/AdaProg/19_4 - I2C HMC5883L - twi complet/objects/main.o
avr__uart__put__7                                 /opt/avrada/avr/lib/gnat/avr_lib/atmega328p/lib/libavrada.a(avr-uart.o)
avr__uart__put__8                                 /opt/avrada/avr/lib/gnat/avr_lib/atmega328p/lib/libavrada.a(avr-uart.o)
avr__uart__put_c                                  /opt/avrada/avr/lib/gnat/avr_lib/atmega328p/lib/libavrada.a(avr-uart.o)
avr__uart__put_line                               /opt/avrada/avr/lib/gnat/avr_lib/atmega328p/lib/libavrada.a(avr-uart.o)
avr__uart__put_line__2                            /opt/avrada/avr/lib/gnat/avr_lib/atmega328p/lib/libavrada.a(avr-uart.o)
avr__uart__put_raw                                /opt/avrada/avr/lib/gnat/avr_lib/atmega328p/lib/libavrada.a(avr-uart.o)
avr__uart__receive_mode                           /opt/avrada/avr/lib/gnat/avr_lib/atmega328p/lib/libavrada.a(avr-uart.o)
avr__uart__receive_mode_tN                        /opt/avrada/avr/lib/gnat/avr_lib/atmega328p/lib/libavrada.a(avr-uart.o)
avr__uart__receive_mode_tS                        /opt/avrada/avr/lib/gnat/avr_lib/atmega328p/lib/libavrada.a(avr-uart.o)
avr__uart__rx_buf                                 /opt/avrada/avr/lib/gnat/avr_lib/atmega328p/lib/libavrada.a(avr-uart.o)
avr__uart__rx_inx                                 /opt/avrada/avr/lib/gnat/avr_lib/atmega328p/lib/libavrada.a(avr-uart.o)
avr__uart__rx_outx                                /opt/avrada/avr/lib/gnat/avr_lib/atmega328p/lib/libavrada.a(avr-uart.o)
avr__uart_configS                                 b~main.o
exit                                              /opt/avrada/lib/gcc/avr/4.7.0/avr5/libgcc.a(_exit.o)
                                                  /opt/avrada/lib/gcc/avr/4.7.0/../../../../avr/lib/avr5/crtm328p.o
i2c_hmc5883l(void)                                /home/helipse/Dropbox/AdaProg/AdaProg/19_4 - I2C HMC5883L - twi complet/objects/i2c_hmc5883l.o
i2c_hmc5883lB                                     b~main.o
i2c_hmc5883lS                                     b~main.o
i2c_hmc5883l_E                                    /home/helipse/Dropbox/AdaProg/AdaProg/19_4 - I2C HMC5883L - twi complet/objects/i2c_hmc5883l.o
                                                  b~main.o
i2c_hmc5883l__beginhmc5883l                       /home/helipse/Dropbox/AdaProg/AdaProg/19_4 - I2C HMC5883L - twi complet/objects/i2c_hmc5883l.o
                                                  /home/helipse/Dropbox/AdaProg/AdaProg/19_4 - I2C HMC5883L - twi complet/objects/main.o
i2c_hmc5883l__getdatarate                         /home/helipse/Dropbox/AdaProg/AdaProg/19_4 - I2C HMC5883L - twi complet/objects/i2c_hmc5883l.o
                                                  /home/helipse/Dropbox/AdaProg/AdaProg/19_4 - I2C HMC5883L - twi complet/objects/main.o
i2c_hmc5883l__getmeasurementmode                  /home/helipse/Dropbox/AdaProg/AdaProg/19_4 - I2C HMC5883L - twi complet/objects/i2c_hmc5883l.o
                                                  /home/helipse/Dropbox/AdaProg/AdaProg/19_4 - I2C HMC5883L - twi complet/objects/main.o
i2c_hmc5883l__getrange                            /home/helipse/Dropbox/AdaProg/AdaProg/19_4 - I2C HMC5883L - twi complet/objects/i2c_hmc5883l.o
                                                  /home/helipse/Dropbox/AdaProg/AdaProg/19_4 - I2C HMC5883L - twi complet/objects/main.o
i2c_hmc5883l__getsamples                          /home/helipse/Dropbox/AdaProg/AdaProg/19_4 - I2C HMC5883L - twi complet/objects/i2c_hmc5883l.o
                                                  /home/helipse/Dropbox/AdaProg/AdaProg/19_4 - I2C HMC5883L - twi complet/objects/main.o
i2c_hmc5883l__hmc5883l_reg_ident_a                /home/helipse/Dropbox/AdaProg/AdaProg/19_4 - I2C HMC5883L - twi complet/objects/i2c_hmc5883l.o
i2c_hmc5883l__hmc5883l_reg_ident_b                /home/helipse/Dropbox/AdaProg/AdaProg/19_4 - I2C HMC5883L - twi complet/objects/i2c_hmc5883l.o
i2c_hmc5883l__hmc5883l_reg_ident_c                /home/helipse/Dropbox/AdaProg/AdaProg/19_4 - I2C HMC5883L - twi complet/objects/i2c_hmc5883l.o
i2c_hmc5883l__mgperdigit                          /home/helipse/Dropbox/AdaProg/AdaProg/19_4 - I2C HMC5883L - twi complet/objects/i2c_hmc5883l.o
i2c_hmc5883l__readnormalize                       /home/helipse/Dropbox/AdaProg/AdaProg/19_4 - I2C HMC5883L - twi complet/objects/i2c_hmc5883l.o
                                                  /home/helipse/Dropbox/AdaProg/AdaProg/19_4 - I2C HMC5883L - twi complet/objects/main.o
i2c_hmc5883l__readraw                             /home/helipse/Dropbox/AdaProg/AdaProg/19_4 - I2C HMC5883L - twi complet/objects/i2c_hmc5883l.o
                                                  /home/helipse/Dropbox/AdaProg/AdaProg/19_4 - I2C HMC5883L - twi complet/objects/main.o
i2c_hmc5883l__setdatarate                         /home/helipse/Dropbox/AdaProg/AdaProg/19_4 - I2C HMC5883L - twi complet/objects/i2c_hmc5883l.o
i2c_hmc5883l__setmeasurementmode                  /home/helipse/Dropbox/AdaProg/AdaProg/19_4 - I2C HMC5883L - twi complet/objects/i2c_hmc5883l.o
i2c_hmc5883l__setoffset                           /home/helipse/Dropbox/AdaProg/AdaProg/19_4 - I2C HMC5883L - twi complet/objects/i2c_hmc5883l.o
i2c_hmc5883l__setrange                            /home/helipse/Dropbox/AdaProg/AdaProg/19_4 - I2C HMC5883L - twi complet/objects/i2c_hmc5883l.o
i2c_hmc5883l__setsamples                          /home/helipse/Dropbox/AdaProg/AdaProg/19_4 - I2C HMC5883L - twi complet/objects/i2c_hmc5883l.o
i2c_hmc5883l__t_hmc5883l_datarateN                /home/helipse/Dropbox/AdaProg/AdaProg/19_4 - I2C HMC5883L - twi complet/objects/i2c_hmc5883l.o
i2c_hmc5883l__t_hmc5883l_datarateS                /home/helipse/Dropbox/AdaProg/AdaProg/19_4 - I2C HMC5883L - twi complet/objects/i2c_hmc5883l.o
i2c_hmc5883l__t_hmc5883l_modeN                    /home/helipse/Dropbox/AdaProg/AdaProg/19_4 - I2C HMC5883L - twi complet/objects/i2c_hmc5883l.o
i2c_hmc5883l__t_hmc5883l_modeS                    /home/helipse/Dropbox/AdaProg/AdaProg/19_4 - I2C HMC5883L - twi complet/objects/i2c_hmc5883l.o
i2c_hmc5883l__t_hmc5883l_rangeN                   /home/helipse/Dropbox/AdaProg/AdaProg/19_4 - I2C HMC5883L - twi complet/objects/i2c_hmc5883l.o
i2c_hmc5883l__t_hmc5883l_rangeS                   /home/helipse/Dropbox/AdaProg/AdaProg/19_4 - I2C HMC5883L - twi complet/objects/i2c_hmc5883l.o
i2c_hmc5883l__t_hmc5883l_sampleN                  /home/helipse/Dropbox/AdaProg/AdaProg/19_4 - I2C HMC5883L - twi complet/objects/i2c_hmc5883l.o
i2c_hmc5883l__t_hmc5883l_sampleS                  /home/helipse/Dropbox/AdaProg/AdaProg/19_4 - I2C HMC5883L - twi complet/objects/i2c_hmc5883l.o
i2c_hmc5883l__vectorIP                            /home/helipse/Dropbox/AdaProg/AdaProg/19_4 - I2C HMC5883L - twi complet/objects/i2c_hmc5883l.o
i2c_hmc5883l__vectorfIP                           /home/helipse/Dropbox/AdaProg/AdaProg/19_4 - I2C HMC5883L - twi complet/objects/i2c_hmc5883l.o
i2c_hmc5883l__xoffset                             /home/helipse/Dropbox/AdaProg/AdaProg/19_4 - I2C HMC5883L - twi complet/objects/i2c_hmc5883l.o
i2c_hmc5883l__yoffset                             /home/helipse/Dropbox/AdaProg/AdaProg/19_4 - I2C HMC5883L - twi complet/objects/i2c_hmc5883l.o
interfacesS                                       b~main.o
interfaces_E                                      /opt/avrada/lib/gcc/avr/4.7.0/rts/avr5/adalib/interfac.o
itoa                                              /opt/avrada/lib/gcc/avr/4.7.0/../../../../avr/lib/avr5/libc.a(itoa.o)
                                                  /opt/avrada/avr/lib/gnat/avr_lib/atmega328p/lib/libavrada.a(avr-int_img.o)
main                                              b~main.o
                                                  /opt/avrada/lib/gcc/avr/4.7.0/../../../../avr/lib/avr5/crtm328p.o
mainB                                             b~main.o
strrev                                            /opt/avrada/lib/gcc/avr/4.7.0/../../../../avr/lib/avr5/libc.a(strrev.o)
                                                  /opt/avrada/lib/gcc/avr/4.7.0/../../../../avr/lib/avr5/libc.a(itoa.o)
systemS                                           b~main.o
system_E                                          /opt/avrada/lib/gcc/avr/4.7.0/rts/avr5/adalib/system.o
system__always_compatible_rep                     /opt/avrada/lib/gcc/avr/4.7.0/rts/avr5/adalib/system.o
system__backend_divide_checks                     /opt/avrada/lib/gcc/avr/4.7.0/rts/avr5/adalib/system.o
system__backend_overflow_checks                   /opt/avrada/lib/gcc/avr/4.7.0/rts/avr5/adalib/system.o
system__bit_orderN                                /opt/avrada/lib/gcc/avr/4.7.0/rts/avr5/adalib/system.o
system__bit_orderS                                /opt/avrada/lib/gcc/avr/4.7.0/rts/avr5/adalib/system.o
system__command_line_args                         /opt/avrada/lib/gcc/avr/4.7.0/rts/avr5/adalib/system.o
system__configurable_run_time                     /opt/avrada/lib/gcc/avr/4.7.0/rts/avr5/adalib/system.o
system__default_bit_order                         /opt/avrada/lib/gcc/avr/4.7.0/rts/avr5/adalib/system.o
system__default_priority                          /opt/avrada/lib/gcc/avr/4.7.0/rts/avr5/adalib/system.o
system__denorm                                    /opt/avrada/lib/gcc/avr/4.7.0/rts/avr5/adalib/system.o
system__duration_32_bits                          /opt/avrada/lib/gcc/avr/4.7.0/rts/avr5/adalib/system.o
system__exit_status_supported                     /opt/avrada/lib/gcc/avr/4.7.0/rts/avr5/adalib/system.o
system__fractional_fixed_ops                      /opt/avrada/lib/gcc/avr/4.7.0/rts/avr5/adalib/system.o
system__frontend_layout                           /opt/avrada/lib/gcc/avr/4.7.0/rts/avr5/adalib/system.o
system__gcc_zcx_support                           /opt/avrada/lib/gcc/avr/4.7.0/rts/avr5/adalib/system.o
system__machine_codeS                             b~main.o
system__machine_code_E                            /opt/avrada/lib/gcc/avr/4.7.0/rts/avr5/adalib/s-maccod.o