Archive member included because of file (symbol)

/opt/avr-ada/avr-ada-122/avr/lib/gnat/avr_lib/atmega328p/lib/libavrada.a(avr-real_time-clock_impl.o)
                              b~relay.o (avr__real_time__clock_impl___elabb)
/opt/avr-ada/avr-ada-122/avr/lib/gnat/avr_lib/atmega328p/lib/libavrada.a(avr-real_time-delays.o)
                              /home/touneseb/Dropbox/AdaProg/AdaProg/33_1 - Relay Simple/objects/relay.o (ada__calendar__delays__delay_for)
/opt/avr-ada/avr-ada-122/avr/lib/gnat/avr_lib/atmega328p/lib/libavrada.a(avr-real_time.o)
                              /opt/avr-ada/avr-ada-122/avr/lib/gnat/avr_lib/atmega328p/lib/libavrada.a(avr-real_time-delays.o) (avr__real_time__Oadd)
/opt/avr-ada/avr-ada-122/avr/lib/gnat/avr_lib/atmega328p/lib/libavrada.a(avr-real_time-clock.o)
                              /opt/avr-ada/avr-ada-122/avr/lib/gnat/avr_lib/atmega328p/lib/libavrada.a(avr-real_time-delays.o) (_ada_avr__real_time__clock)
/opt/avr-ada/avr-ada-122/avr/lib/gnat/avr_lib/atmega328p/lib/libavrada.a(avr-int_img.o)
                              /opt/avr-ada/avr-ada-122/avr/lib/gnat/avr_lib/atmega328p/lib/libavrada.a(avr-real_time.o) (avr__int_img__u32_img)
/opt/avr-ada/avr-ada-122/avr/lib/gnat/avr_lib/atmega328p/lib/libavrada.a(avr-timer0.o)
                              /opt/avr-ada/avr-ada-122/avr/lib/gnat/avr_lib/atmega328p/lib/libavrada.a(avr-real_time-clock_impl.o) (avr__timer0__init_ctc)
/opt/avr-ada/avr-ada-122/avr/lib/gnat/avr_lib/atmega328p/lib/libavrada.a(avr-sleep.o)
                              /opt/avr-ada/avr-ada-122/avr/lib/gnat/avr_lib/atmega328p/lib/libavrada.a(avr-real_time-delays.o) (avr__sleep__set_mode)
/opt/avr-ada/avr-ada-122/lib/gcc/avr/4.7.2/avr5/libgcc.a(_usmulhisi3.o)
                              /opt/avr-ada/avr-ada-122/avr/lib/gnat/avr_lib/atmega328p/lib/libavrada.a(avr-real_time.o) (__usmulhisi3)
/opt/avr-ada/avr-ada-122/lib/gcc/avr/4.7.2/avr5/libgcc.a(_muluhisi3.o)
                              /opt/avr-ada/avr-ada-122/avr/lib/gnat/avr_lib/atmega328p/lib/libavrada.a(avr-real_time.o) (__muluhisi3)
/opt/avr-ada/avr-ada-122/lib/gcc/avr/4.7.2/avr5/libgcc.a(_mulshisi3.o)
                              /opt/avr-ada/avr-ada-122/avr/lib/gnat/avr_lib/atmega328p/lib/libavrada.a(avr-real_time.o) (__mulshisi3)
/opt/avr-ada/avr-ada-122/lib/gcc/avr/4.7.2/avr5/libgcc.a(_mulsi3.o)
                              /opt/avr-ada/avr-ada-122/avr/lib/gnat/avr_lib/atmega328p/lib/libavrada.a(avr-real_time.o) (__mulsi3)
/opt/avr-ada/avr-ada-122/lib/gcc/avr/4.7.2/avr5/libgcc.a(_udivmodqi4.o)
                              /opt/avr-ada/avr-ada-122/avr/lib/gnat/avr_lib/atmega328p/lib/libavrada.a(avr-int_img.o) (__udivmodqi4)
/opt/avr-ada/avr-ada-122/lib/gcc/avr/4.7.2/avr5/libgcc.a(_udivmodhi4.o)
                              /opt/avr-ada/avr-ada-122/avr/lib/gnat/avr_lib/atmega328p/lib/libavrada.a(avr-int_img.o) (__udivmodhi4)
/opt/avr-ada/avr-ada-122/lib/gcc/avr/4.7.2/avr5/libgcc.a(_divmodsi4.o)
                              /opt/avr-ada/avr-ada-122/avr/lib/gnat/avr_lib/atmega328p/lib/libavrada.a(avr-real_time.o) (__divmodsi4)
/opt/avr-ada/avr-ada-122/lib/gcc/avr/4.7.2/avr5/libgcc.a(_exit.o)
                              /opt/avr-ada/avr-ada-122/lib/gcc/avr/4.7.2/../../../../avr/lib/avr5/crtm328p.o (exit)
/opt/avr-ada/avr-ada-122/lib/gcc/avr/4.7.2/avr5/libgcc.a(_copy_data.o)
                              b~relay.o (__do_copy_data)
/opt/avr-ada/avr-ada-122/lib/gcc/avr/4.7.2/avr5/libgcc.a(_clear_bss.o)
                              /opt/avr-ada/avr-ada-122/avr/lib/gnat/avr_lib/atmega328p/lib/libavrada.a(avr-real_time-clock_impl.o) (__do_clear_bss)
/opt/avr-ada/avr-ada-122/lib/gcc/avr/4.7.2/avr5/libgcc.a(_umulhisi3.o)
                              /opt/avr-ada/avr-ada-122/lib/gcc/avr/4.7.2/avr5/libgcc.a(_usmulhisi3.o) (__umulhisi3)
/opt/avr-ada/avr-ada-122/lib/gcc/avr/4.7.2/avr5/libgcc.a(_udivmodsi4.o)
                              /opt/avr-ada/avr-ada-122/lib/gcc/avr/4.7.2/avr5/libgcc.a(_divmodsi4.o) (__udivmodsi4)
/opt/avr-ada/avr-ada-122/lib/gcc/avr/4.7.2/../../../../avr/lib/avr5/libc.a(itoa.o)
                              /opt/avr-ada/avr-ada-122/avr/lib/gnat/avr_lib/atmega328p/lib/libavrada.a(avr-int_img.o) (itoa)
/opt/avr-ada/avr-ada-122/lib/gcc/avr/4.7.2/../../../../avr/lib/avr5/libc.a(strrev.o)
                              /opt/avr-ada/avr-ada-122/lib/gcc/avr/4.7.2/../../../../avr/lib/avr5/libc.a(itoa.o) (strrev)

Discarded input sections

 .data          0x0000000000000000        0x0 /opt/avr-ada/avr-ada-122/lib/gcc/avr/4.7.2/../../../../avr/lib/avr5/crtm328p.o
 .bss           0x0000000000000000        0x0 /opt/avr-ada/avr-ada-122/lib/gcc/avr/4.7.2/../../../../avr/lib/avr5/crtm328p.o
 .text          0x0000000000000000        0x0 b~relay.o
 .data          0x0000000000000000        0x0 b~relay.o
 .bss           0x0000000000000000        0x0 b~relay.o
 .rodata.avr__sleepS
                0x0000000000000000        0x4 b~relay.o
 .rodata.avr__sleepB
[...]
Memory Configuration

Name             Origin             Length             Attributes
text             0x0000000000000000 0x0000000000020000 xr
data             0x0000000000800060 0x000000000000ffa0 rw !x
eeprom           0x0000000000810000 0x0000000000010000 rw !x
fuse             0x0000000000820000 0x0000000000000400 rw !x
lock             0x0000000000830000 0x0000000000000400 rw !x
signature        0x0000000000840000 0x0000000000000400 rw !x
*default*        0x0000000000000000 0xffffffffffffffff

Linker script and memory map

Address of section .data set to 0x800100
LOAD /opt/avr-ada/avr-ada-122/lib/gcc/avr/4.7.2/../../../../avr/lib/avr5/crtm328p.o
LOAD b~relay.o
LOAD /opt/avr-ada/avr-ada-122/lib/gcc/avr/4.7.2/rts/avr5/adalib/ada.o
LOAD /opt/avr-ada/avr-ada-122/lib/gcc/avr/4.7.2/rts/avr5/adalib/a-calend.o
LOAD /opt/avr-ada/avr-ada-122/lib/gcc/avr/4.7.2/rts/avr5/adalib/interfac.o
LOAD /opt/avr-ada/avr-ada-122/lib/gcc/avr/4.7.2/rts/avr5/adalib/system.o
LOAD /opt/avr-ada/avr-ada-122/lib/gcc/avr/4.7.2/rts/avr5/adalib/a-except.o
LOAD /opt/avr-ada/avr-ada-122/lib/gcc/avr/4.7.2/rts/avr5/adalib/s-unstyp.o
LOAD /opt/avr-ada/avr-ada-122/lib/gcc/avr/4.7.2/rts/avr5/adalib/a-caldel.o
LOAD /home/touneseb/Dropbox/AdaProg/AdaProg/33_1 - Relay Simple/objects/relay.o
LOAD /opt/avr-ada/avr-ada-122/avr/lib/gnat/avr_lib/atmega328p/lib/libavrada.a
LOAD /opt/avr-ada/avr-ada-122/lib/gcc/avr/4.7.2/rts/avr5/adalib/libgnat.a
LOAD /opt/avr-ada/avr-ada-122/lib/gcc/avr/4.7.2/avr5/libgcc.a
LOAD /opt/avr-ada/avr-ada-122/lib/gcc/avr/4.7.2/../../../../avr/lib/avr5/libc.a
LOAD /opt/avr-ada/avr-ada-122/lib/gcc/avr/4.7.2/avr5/libgcc.a

.hash
 *(.hash)

.dynsym
 *(.dynsym)

.dynstr
 *(.dynstr)

.gnu.version
 *(.gnu.version)

.gnu.version_d
 *(.gnu.version_d)

.gnu.version_r
 *(.gnu.version_r)

.rel.init
 *(.rel.init)

.rela.init
 *(.rela.init)

.rel.text
 *(.rel.text)
 *(.rel.text.*)
 *(.rel.gnu.linkonce.t*)

.rela.text
 *(.rela.text)
 *(.rela.text.*)
 *(.rela.gnu.linkonce.t*)

.rel.fini
 *(.rel.fini)

.rela.fini
 *(.rela.fini)

.rel.rodata
 *(.rel.rodata)
 *(.rel.rodata.*)
 *(.rel.gnu.linkonce.r*)

.rela.rodata
 *(.rela.rodata)
 *(.rela.rodata.*)
 *(.rela.gnu.linkonce.r*)

.rel.data
 *(.rel.data)
 *(.rel.data.*)
 *(.rel.gnu.linkonce.d*)

.rela.data
 *(.rela.data)
 *(.rela.data.*)
 *(.rela.gnu.linkonce.d*)

.rel.ctors
 *(.rel.ctors)

.rela.ctors
 *(.rela.ctors)

.rel.dtors
 *(.rel.dtors)

.rela.dtors
 *(.rela.dtors)

.rel.got
 *(.rel.got)

.rela.got
 *(.rela.got)

.rel.bss
 *(.rel.bss)

.rela.bss
 *(.rela.bss)

.rel.plt
 *(.rel.plt)

.rela.plt
 *(.rela.plt)

.text           0x0000000000000000      0x4aa
 *(.vectors)
 .vectors       0x0000000000000000       0x68 /opt/avr-ada/avr-ada-122/lib/gcc/avr/4.7.2/../../../../avr/lib/avr5/crtm328p.o
                0x0000000000000000                __vectors
                0x0000000000000000                __vector_default
 *(.vectors)
 *(.progmem.gcc*)
 *(.progmem*)
                0x0000000000000068                . = ALIGN (0x2)
                0x0000000000000068                __trampolines_start = .
 *(.trampolines)
 .trampolines   0x0000000000000068        0x0 linker stubs
 *(.trampolines*)
                0x0000000000000068                __trampolines_end = .
 *(.jumptables)
 *(.jumptables*)
 *(.lowtext)
 *(.lowtext*)
                0x0000000000000068                __ctors_start = .
 *(.ctors)
                0x0000000000000068                __ctors_end = .
                0x0000000000000068                __dtors_start = .
 *(.dtors)
                0x0000000000000068                __dtors_end = .
 SORT(*)(.ctors)
 SORT(*)(.dtors)
 *(.init0)
 .init0         0x0000000000000068        0x0 /opt/avr-ada/avr-ada-122/lib/gcc/avr/4.7.2/../../../../avr/lib/avr5/crtm328p.o
                0x0000000000000068                __init
 *(.init0)
 *(.init1)
 *(.init1)
 *(.init2)
 .init2         0x0000000000000068        0xc /opt/avr-ada/avr-ada-122/lib/gcc/avr/4.7.2/../../../../avr/lib/avr5/crtm328p.o
 *(.init2)
 *(.init3)
 *(.init3)
 *(.init4)
 .init4         0x0000000000000074       0x16 /opt/avr-ada/avr-ada-122/lib/gcc/avr/4.7.2/avr5/libgcc.a(_copy_data.o)
                0x0000000000000074                __do_copy_data
 .init4         0x000000000000008a       0x10 /opt/avr-ada/avr-ada-122/lib/gcc/avr/4.7.2/avr5/libgcc.a(_clear_bss.o)
                0x000000000000008a                __do_clear_bss
 *(.init4)
 *(.init5)
 *(.init5)
 *(.init6)
 *(.init6)
 *(.init7)
 *(.init7)
 *(.init8)
 *(.init8)
 *(.init9)
 .init9         0x000000000000009a        0x4 /opt/avr-ada/avr-ada-122/lib/gcc/avr/4.7.2/../../../../avr/lib/avr5/crtm328p.o
 *(.init9)
 *(.text)
 .text          0x000000000000009e        0x2 /opt/avr-ada/avr-ada-122/lib/gcc/avr/4.7.2/../../../../avr/lib/avr5/crtm328p.o
                0x000000000000009e                __vector_22
                0x000000000000009e                __vector_1
                0x000000000000009e                __vector_24
                0x000000000000009e                __vector_12
                0x000000000000009e                __bad_interrupt
                0x000000000000009e                __vector_6
                0x000000000000009e                __vector_3
                0x000000000000009e                __vector_23
                0x000000000000009e                __vector_25
                0x000000000000009e                __vector_11
                0x000000000000009e                __vector_13
                0x000000000000009e                __vector_17
                0x000000000000009e                __vector_19
                0x000000000000009e                __vector_7
                0x000000000000009e                __vector_5
                0x000000000000009e                __vector_4
                0x000000000000009e                __vector_9
                0x000000000000009e                __vector_2
                0x000000000000009e                __vector_21
                0x000000000000009e                __vector_15
                0x000000000000009e                __vector_8
                0x000000000000009e                __vector_10
                0x000000000000009e                __vector_16
                0x000000000000009e                __vector_18
                0x000000000000009e                __vector_20
                0x00000000000000a0                . = ALIGN (0x2)
 *(.text.*)
 .text.adainit  0x00000000000000a0       0x3a b~relay.o
                0x00000000000000a0                adainit
 .text.startup.main
                0x00000000000000da        0x4 b~relay.o
                0x00000000000000da                main
 .text._ada_relay
                0x00000000000000de       0x36 /home/touneseb/Dropbox/AdaProg/AdaProg/33_1 - Relay Simple/objects/relay.o
                0x00000000000000de                _ada_relay
 .text.__vector_14
                0x0000000000000114       0x76 /opt/avr-ada/avr-ada-122/avr/lib/gnat/avr_lib/atmega328p/lib/libavrada.a(avr-real_time-clock_impl.o)
                0x0000000000000114                __vector_14
 .text.avr__real_time__clock_impl___elabb
                0x000000000000018a        0xa /opt/avr-ada/avr-ada-122/avr/lib/gnat/avr_lib/atmega328p/lib/libavrada.a(avr-real_time-clock_impl.o)
                0x000000000000018a                avr__real_time__clock_impl___elabb
 .text.ada__calendar__delays__delay_until
                0x0000000000000194       0x9c /opt/avr-ada/avr-ada-122/avr/lib/gnat/avr_lib/atmega328p/lib/libavrada.a(avr-real_time-delays.o)
                0x0000000000000194                ada__calendar__delays__delay_until
 .text.ada__calendar__delays__delay_for
                0x0000000000000230       0xa0 /opt/avr-ada/avr-ada-122/avr/lib/gnat/avr_lib/atmega328p/lib/libavrada.a(avr-real_time-delays.o)
                0x0000000000000230                ada__calendar__delays__delay_for
 .text.avr__real_time__Oadd
                0x00000000000002d0       0x9a /opt/avr-ada/avr-ada-122/avr/lib/gnat/avr_lib/atmega328p/lib/libavrada.a(avr-real_time.o)
                0x00000000000002d0                avr__real_time__Oadd
 .text.avr__real_time__Ogt
                0x000000000000036a       0x82 /opt/avr-ada/avr-ada-122/avr/lib/gnat/avr_lib/atmega328p/lib/libavrada.a(avr-real_time.o)
                0x000000000000036a                avr__real_time__Ogt
 .text._ada_avr__real_time__clock
                0x00000000000003ec       0x42 /opt/avr-ada/avr-ada-122/avr/lib/gnat/avr_lib/atmega328p/lib/libavrada.a(avr-real_time-clock.o)
                0x00000000000003ec                _ada_avr__real_time__clock
 .text.avr__timer0__init_ctc
                0x000000000000042e       0x1a /opt/avr-ada/avr-ada-122/avr/lib/gnat/avr_lib/atmega328p/lib/libavrada.a(avr-timer0.o)
                0x000000000000042e                avr__timer0__init_ctc
 .text.avr__sleep__set_mode
                0x0000000000000448       0x5e /opt/avr-ada/avr-ada-122/avr/lib/gnat/avr_lib/atmega328p/lib/libavrada.a(avr-sleep.o)
                0x0000000000000448                avr__sleep__set_mode
                0x00000000000004a6                . = ALIGN (0x2)
 *(.fini9)
 .fini9         0x00000000000004a6        0x0 /opt/avr-ada/avr-ada-122/lib/gcc/avr/4.7.2/avr5/libgcc.a(_exit.o)
                0x00000000000004a6                exit
                0x00000000000004a6                _exit
 *(.fini9)
 *(.fini8)
 *(.fini8)
 *(.fini7)
 *(.fini7)
 *(.fini6)
 *(.fini6)
 *(.fini5)
 *(.fini5)
 *(.fini4)
 *(.fini4)
 *(.fini3)
 *(.fini3)
 *(.fini2)
 *(.fini2)
 *(.fini1)
 *(.fini1)
 *(.fini0)
 .fini0         0x00000000000004a6        0x4 /opt/avr-ada/avr-ada-122/lib/gcc/avr/4.7.2/avr5/libgcc.a(_exit.o)
 *(.fini0)
                0x00000000000004aa                _etext = .

.data           0x0000000000800100        0x6 load address 0x00000000000004aa
                0x0000000000800100                PROVIDE (__data_start, .)
 *(.data)
 *(.data*)
 .data.avr__real_time__clock_impl_E
                0x0000000000800100        0x2 /opt/avr-ada/avr-ada-122/avr/lib/gnat/avr_lib/atmega328p/lib/libavrada.a(avr-real_time-clock_impl.o)
                0x0000000000800100                avr__real_time__clock_impl_E
 .data.avr__real_time__delays_E
                0x0000000000800102        0x2 /opt/avr-ada/avr-ada-122/avr/lib/gnat/avr_lib/atmega328p/lib/libavrada.a(avr-real_time-delays.o)
                0x0000000000800102                avr__real_time__delays_E
 .data.avr__real_time__clock_E
                0x0000000000800104        0x2 /opt/avr-ada/avr-ada-122/avr/lib/gnat/avr_lib/atmega328p/lib/libavrada.a(avr-real_time-clock.o)
                0x0000000000800104                avr__real_time__clock_E
 *(.rodata)
 *(.rodata*)
 *(.gnu.linkonce.d*)
                0x0000000000800106                . = ALIGN (0x2)
                0x0000000000800106                _edata = .
                0x0000000000800106                PROVIDE (__data_end, .)

.bss            0x0000000000800106        0x6
                0x0000000000800106                PROVIDE (__bss_start, .)
 *(.bss)
 *(.bss*)
 .bss.avr__real_time__clock_impl__now
                0x0000000000800106        0x6 /opt/avr-ada/avr-ada-122/avr/lib/gnat/avr_lib/atmega328p/lib/libavrada.a(avr-real_time-clock_impl.o)
                0x0000000000800106                avr__real_time__clock_impl__now
 *(COMMON)
                0x000000000080010c                PROVIDE (__bss_end, .)
                0x00000000000004aa                __data_load_start = LOADADDR (.data)
                0x00000000000004b0                __data_load_end = (__data_load_start + SIZEOF (.data))

.noinit         0x000000000080010c        0x0
                0x000000000080010c                PROVIDE (__noinit_start, .)
 *(.noinit*)
                0x000000000080010c                PROVIDE (__noinit_end, .)
                0x000000000080010c                _end = .
                0x000000000080010c                PROVIDE (__heap_start, .)

.eeprom         0x0000000000810000        0x0
 *(.eeprom*)
                0x0000000000810000                __eeprom_end = .

.fuse
 *(.fuse)
 *(.lfuse)
 *(.hfuse)
 *(.efuse)

.lock
 *(.lock*)

.signature
 *(.signature*)

.stab           0x0000000000000000      0x7bc
 *(.stab)
 .stab          0x0000000000000000      0x6cc /opt/avr-ada/avr-ada-122/lib/gcc/avr/4.7.2/../../../../avr/lib/avr5/crtm328p.o
 .stab          0x00000000000006cc       0x18 /opt/avr-ada/avr-ada-122/lib/gcc/avr/4.7.2/../../../../avr/lib/avr5/libc.a(itoa.o)
                                        0x1bc (size before relaxing)
 .stab          0x00000000000006e4       0xd8 /opt/avr-ada/avr-ada-122/lib/gcc/avr/4.7.2/../../../../avr/lib/avr5/libc.a(strrev.o)
                                         0xe4 (size before relaxing)

.stabstr        0x0000000000000000       0xb4
 *(.stabstr)
 .stabstr       0x0000000000000000       0xb4 /opt/avr-ada/avr-ada-122/lib/gcc/avr/4.7.2/../../../../avr/lib/avr5/crtm328p.o

.stab.excl
 *(.stab.excl)

.stab.exclstr
 *(.stab.exclstr)

.stab.index
 *(.stab.index)

.stab.indexstr
 *(.stab.indexstr)

.comment        0x0000000000000000       0x11
 *(.comment)
 .comment       0x0000000000000000       0x11 b~relay.o
                                         0x12 (size before relaxing)
 .comment       0x0000000000000000       0x12 /opt/avr-ada/avr-ada-122/lib/gcc/avr/4.7.2/rts/avr5/adalib/ada.o
 .comment       0x0000000000000000       0x12 /opt/avr-ada/avr-ada-122/lib/gcc/avr/4.7.2/rts/avr5/adalib/a-calend.o
 .comment       0x0000000000000000       0x12 /opt/avr-ada/avr-ada-122/lib/gcc/avr/4.7.2/rts/avr5/adalib/interfac.o
 .comment       0x0000000000000000       0x12 /opt/avr-ada/avr-ada-122/lib/gcc/avr/4.7.2/rts/avr5/adalib/system.o
 .comment       0x0000000000000000       0x12 /opt/avr-ada/avr-ada-122/lib/gcc/avr/4.7.2/rts/avr5/adalib/a-except.o
 .comment       0x0000000000000000       0x12 /opt/avr-ada/avr-ada-122/lib/gcc/avr/4.7.2/rts/avr5/adalib/s-unstyp.o
 .comment       0x0000000000000000       0x12 /opt/avr-ada/avr-ada-122/lib/gcc/avr/4.7.2/rts/avr5/adalib/a-caldel.o
 .comment       0x0000000000000000       0x12 /home/touneseb/Dropbox/AdaProg/AdaProg/33_1 - Relay Simple/objects/relay.o
 .comment       0x0000000000000000       0x12 /opt/avr-ada/avr-ada-122/avr/lib/gnat/avr_lib/atmega328p/lib/libavrada.a(avr-real_time-clock_impl.o)
 .comment       0x0000000000000000       0x12 /opt/avr-ada/avr-ada-122/avr/lib/gnat/avr_lib/atmega328p/lib/libavrada.a(avr-real_time-delays.o)
 .comment       0x0000000000000000       0x12 /opt/avr-ada/avr-ada-122/avr/lib/gnat/avr_lib/atmega328p/lib/libavrada.a(avr-real_time.o)
 .comment       0x0000000000000000       0x12 /opt/avr-ada/avr-ada-122/avr/lib/gnat/avr_lib/atmega328p/lib/libavrada.a(avr-real_time-clock.o)
 .comment       0x0000000000000000       0x12 /opt/avr-ada/avr-ada-122/avr/lib/gnat/avr_lib/atmega328p/lib/libavrada.a(avr-int_img.o)
 .comment       0x0000000000000000       0x12 /opt/avr-ada/avr-ada-122/avr/lib/gnat/avr_lib/atmega328p/lib/libavrada.a(avr-timer0.o)
 .comment       0x0000000000000000       0x12 /opt/avr-ada/avr-ada-122/avr/lib/gnat/avr_lib/atmega328p/lib/libavrada.a(avr-sleep.o)

.debug
 *(.debug)

.line
 *(.line)

.debug_srcinfo
 *(.debug_srcinfo)

.debug_sfnames
 *(.debug_sfnames)

.debug_aranges  0x0000000000000000      0x568
 *(.debug_aranges)
 .debug_aranges
                0x0000000000000000       0x28 b~relay.o
 .debug_aranges
                0x0000000000000028       0x18 /opt/avr-ada/avr-ada-122/lib/gcc/avr/4.7.2/rts/avr5/adalib/interfac.o
 .debug_aranges
                0x0000000000000040       0x18 /opt/avr-ada/avr-ada-122/lib/gcc/avr/4.7.2/rts/avr5/adalib/system.o
 .debug_aranges
                0x0000000000000058       0x28 /opt/avr-ada/avr-ada-122/lib/gcc/avr/4.7.2/rts/avr5/adalib/a-except.o
 .debug_aranges
                0x0000000000000080       0x18 /opt/avr-ada/avr-ada-122/lib/gcc/avr/4.7.2/rts/avr5/adalib/s-unstyp.o
 .debug_aranges
                0x0000000000000098       0x18 /opt/avr-ada/avr-ada-122/lib/gcc/avr/4.7.2/rts/avr5/adalib/a-caldel.o
 .debug_aranges
                0x00000000000000b0       0x20 /home/touneseb/Dropbox/AdaProg/AdaProg/33_1 - Relay Simple/objects/relay.o
 .debug_aranges
                0x00000000000000d0       0x28 /opt/avr-ada/avr-ada-122/avr/lib/gnat/avr_lib/atmega328p/lib/libavrada.a(avr-real_time-clock_impl.o)
 .debug_aranges
                0x00000000000000f8       0x28 /opt/avr-ada/avr-ada-122/avr/lib/gnat/avr_lib/atmega328p/lib/libavrada.a(avr-real_time-delays.o)
 .debug_aranges
                0x0000000000000120      0x160 /opt/avr-ada/avr-ada-122/avr/lib/gnat/avr_lib/atmega328p/lib/libavrada.a(avr-real_time.o)
 .debug_aranges
                0x0000000000000280       0x20 /opt/avr-ada/avr-ada-122/avr/lib/gnat/avr_lib/atmega328p/lib/libavrada.a(avr-real_time-clock.o)
 .debug_aranges
                0x00000000000002a0       0x60 /opt/avr-ada/avr-ada-122/avr/lib/gnat/avr_lib/atmega328p/lib/libavrada.a(avr-int_img.o)
 .debug_aranges
                0x0000000000000300       0xa8 /opt/avr-ada/avr-ada-122/avr/lib/gnat/avr_lib/atmega328p/lib/libavrada.a(avr-timer0.o)
 .debug_aranges
                0x00000000000003a8       0x40 /opt/avr-ada/avr-ada-122/avr/lib/gnat/avr_lib/atmega328p/lib/libavrada.a(avr-sleep.o)
 .debug_aranges
                0x00000000000003e8       0x20 /opt/avr-ada/avr-ada-122/lib/gcc/avr/4.7.2/avr5/libgcc.a(_usmulhisi3.o)
 .debug_aranges
                0x0000000000000408       0x20 /opt/avr-ada/avr-ada-122/lib/gcc/avr/4.7.2/avr5/libgcc.a(_muluhisi3.o)
 .debug_aranges
                0x0000000000000428       0x20 /opt/avr-ada/avr-ada-122/lib/gcc/avr/4.7.2/avr5/libgcc.a(_mulshisi3.o)
 .debug_aranges
                0x0000000000000448       0x20 /opt/avr-ada/avr-ada-122/lib/gcc/avr/4.7.2/avr5/libgcc.a(_mulsi3.o)
 .debug_aranges
                0x0000000000000468       0x20 /opt/avr-ada/avr-ada-122/lib/gcc/avr/4.7.2/avr5/libgcc.a(_udivmodqi4.o)
 .debug_aranges
                0x0000000000000488       0x20 /opt/avr-ada/avr-ada-122/lib/gcc/avr/4.7.2/avr5/libgcc.a(_udivmodhi4.o)
 .debug_aranges
                0x00000000000004a8       0x20 /opt/avr-ada/avr-ada-122/lib/gcc/avr/4.7.2/avr5/libgcc.a(_divmodsi4.o)
 .debug_aranges
                0x00000000000004c8       0x20 /opt/avr-ada/avr-ada-122/lib/gcc/avr/4.7.2/avr5/libgcc.a(_exit.o)
 .debug_aranges
                0x00000000000004e8       0x20 /opt/avr-ada/avr-ada-122/lib/gcc/avr/4.7.2/avr5/libgcc.a(_copy_data.o)
 .debug_aranges
                0x0000000000000508       0x20 /opt/avr-ada/avr-ada-122/lib/gcc/avr/4.7.2/avr5/libgcc.a(_clear_bss.o)
 .debug_aranges
                0x0000000000000528       0x20 /opt/avr-ada/avr-ada-122/lib/gcc/avr/4.7.2/avr5/libgcc.a(_umulhisi3.o)
 .debug_aranges
                0x0000000000000548       0x20 /opt/avr-ada/avr-ada-122/lib/gcc/avr/4.7.2/avr5/libgcc.a(_udivmodsi4.o)

.debug_pubnames
 *(.debug_pubnames)

.debug_info     0x0000000000000000     0x3a5c
 *(.debug_info)
 .debug_info    0x0000000000000000      0x413 b~relay.o
 .debug_info    0x0000000000000413       0x61 /opt/avr-ada/avr-ada-122/lib/gcc/avr/4.7.2/rts/avr5/adalib/interfac.o
 .debug_info    0x0000000000000474      0x308 /opt/avr-ada/avr-ada-122/lib/gcc/avr/4.7.2/rts/avr5/adalib/system.o
 .debug_info    0x000000000000077c      0x1bb /opt/avr-ada/avr-ada-122/lib/gcc/avr/4.7.2/rts/avr5/adalib/a-except.o
 .debug_info    0x0000000000000937       0x72 /opt/avr-ada/avr-ada-122/lib/gcc/avr/4.7.2/rts/avr5/adalib/s-unstyp.o
 .debug_info    0x00000000000009a9       0x2e /opt/avr-ada/avr-ada-122/lib/gcc/avr/4.7.2/rts/avr5/adalib/a-caldel.o
 .debug_info    0x00000000000009d7      0x113 /home/touneseb/Dropbox/AdaProg/AdaProg/33_1 - Relay Simple/objects/relay.o
 .debug_info    0x0000000000000aea      0x145 /opt/avr-ada/avr-ada-122/avr/lib/gnat/avr_lib/atmega328p/lib/libavrada.a(avr-real_time-clock_impl.o)
 .debug_info    0x0000000000000c2f      0x24e /opt/avr-ada/avr-ada-122/avr/lib/gnat/avr_lib/atmega328p/lib/libavrada.a(avr-real_time-delays.o)
 .debug_info    0x0000000000000e7d     0x13bb /opt/avr-ada/avr-ada-122/avr/lib/gnat/avr_lib/atmega328p/lib/libavrada.a(avr-real_time.o)
 .debug_info    0x0000000000002238       0xa9 /opt/avr-ada/avr-ada-122/avr/lib/gnat/avr_lib/atmega328p/lib/libavrada.a(avr-real_time-clock.o)
 .debug_info    0x00000000000022e1      0x7d4 /opt/avr-ada/avr-ada-122/avr/lib/gnat/avr_lib/atmega328p/lib/libavrada.a(avr-int_img.o)
 .debug_info    0x0000000000002ab5      0x512 /opt/avr-ada/avr-ada-122/avr/lib/gnat/avr_lib/atmega328p/lib/libavrada.a(avr-timer0.o)
 .debug_info    0x0000000000002fc7      0x279 /opt/avr-ada/avr-ada-122/avr/lib/gnat/avr_lib/atmega328p/lib/libavrada.a(avr-sleep.o)
 .debug_info    0x0000000000003240       0xad /opt/avr-ada/avr-ada-122/lib/gcc/avr/4.7.2/avr5/libgcc.a(_usmulhisi3.o)
 .debug_info    0x00000000000032ed       0xad /opt/avr-ada/avr-ada-122/lib/gcc/avr/4.7.2/avr5/libgcc.a(_muluhisi3.o)
 .debug_info    0x000000000000339a       0xad /opt/avr-ada/avr-ada-122/lib/gcc/avr/4.7.2/avr5/libgcc.a(_mulshisi3.o)
 .debug_info    0x0000000000003447       0xad /opt/avr-ada/avr-ada-122/lib/gcc/avr/4.7.2/avr5/libgcc.a(_mulsi3.o)
 .debug_info    0x00000000000034f4       0xad /opt/avr-ada/avr-ada-122/lib/gcc/avr/4.7.2/avr5/libgcc.a(_udivmodqi4.o)
 .debug_info    0x00000000000035a1       0xad /opt/avr-ada/avr-ada-122/lib/gcc/avr/4.7.2/avr5/libgcc.a(_udivmodhi4.o)
 .debug_info    0x000000000000364e       0xad /opt/avr-ada/avr-ada-122/lib/gcc/avr/4.7.2/avr5/libgcc.a(_divmodsi4.o)
 .debug_info    0x00000000000036fb       0xad /opt/avr-ada/avr-ada-122/lib/gcc/avr/4.7.2/avr5/libgcc.a(_exit.o)
 .debug_info    0x00000000000037a8       0xad /opt/avr-ada/avr-ada-122/lib/gcc/avr/4.7.2/avr5/libgcc.a(_copy_data.o)
 .debug_info    0x0000000000003855       0xad /opt/avr-ada/avr-ada-122/lib/gcc/avr/4.7.2/avr5/libgcc.a(_clear_bss.o)
 .debug_info    0x0000000000003902       0xad /opt/avr-ada/avr-ada-122/lib/gcc/avr/4.7.2/avr5/libgcc.a(_umulhisi3.o)
 .debug_info    0x00000000000039af       0xad /opt/avr-ada/avr-ada-122/lib/gcc/avr/4.7.2/avr5/libgcc.a(_udivmodsi4.o)
 *(.gnu.linkonce.wi.*)

.debug_abbrev   0x0000000000000000     0x1276
 *(.debug_abbrev)
 .debug_abbrev  0x0000000000000000       0xf4 b~relay.o
 .debug_abbrev  0x00000000000000f4       0x28 /opt/avr-ada/avr-ada-122/lib/gcc/avr/4.7.2/rts/avr5/adalib/interfac.o
 .debug_abbrev  0x000000000000011c       0x95 /opt/avr-ada/avr-ada-122/lib/gcc/avr/4.7.2/rts/avr5/adalib/system.o
 .debug_abbrev  0x00000000000001b1      0x149 /opt/avr-ada/avr-ada-122/lib/gcc/avr/4.7.2/rts/avr5/adalib/a-except.o
 .debug_abbrev  0x00000000000002fa       0x1b /opt/avr-ada/avr-ada-122/lib/gcc/avr/4.7.2/rts/avr5/adalib/s-unstyp.o
 .debug_abbrev  0x0000000000000315       0x1d /opt/avr-ada/avr-ada-122/lib/gcc/avr/4.7.2/rts/avr5/adalib/a-caldel.o
 .debug_abbrev  0x0000000000000332       0xed /home/touneseb/Dropbox/AdaProg/AdaProg/33_1 - Relay Simple/objects/relay.o
 .debug_abbrev  0x000000000000041f      0x12c /opt/avr-ada/avr-ada-122/avr/lib/gnat/avr_lib/atmega328p/lib/libavrada.a(avr-real_time-clock_impl.o)
 .debug_abbrev  0x000000000000054b      0x1af /opt/avr-ada/avr-ada-122/avr/lib/gnat/avr_lib/atmega328p/lib/libavrada.a(avr-real_time-delays.o)
 .debug_abbrev  0x00000000000006fa      0x372 /opt/avr-ada/avr-ada-122/avr/lib/gnat/avr_lib/atmega328p/lib/libavrada.a(avr-real_time.o)
 .debug_abbrev  0x0000000000000a6c       0x8c /opt/avr-ada/avr-ada-122/avr/lib/gnat/avr_lib/atmega328p/lib/libavrada.a(avr-real_time-clock.o)
 .debug_abbrev  0x0000000000000af8      0x279 /opt/avr-ada/avr-ada-122/avr/lib/gnat/avr_lib/atmega328p/lib/libavrada.a(avr-int_img.o)
 .debug_abbrev  0x0000000000000d71      0x22f /opt/avr-ada/avr-ada-122/avr/lib/gnat/avr_lib/atmega328p/lib/libavrada.a(avr-timer0.o)
 .debug_abbrev  0x0000000000000fa0      0x1e6 /opt/avr-ada/avr-ada-122/avr/lib/gnat/avr_lib/atmega328p/lib/libavrada.a(avr-sleep.o)
 .debug_abbrev  0x0000000000001186       0x14 /opt/avr-ada/avr-ada-122/lib/gcc/avr/4.7.2/avr5/libgcc.a(_usmulhisi3.o)
 .debug_abbrev  0x000000000000119a       0x14 /opt/avr-ada/avr-ada-122/lib/gcc/avr/4.7.2/avr5/libgcc.a(_muluhisi3.o)
 .debug_abbrev  0x00000000000011ae       0x14 /opt/avr-ada/avr-ada-122/lib/gcc/avr/4.7.2/avr5/libgcc.a(_mulshisi3.o)
 .debug_abbrev  0x00000000000011c2       0x14 /opt/avr-ada/avr-ada-122/lib/gcc/avr/4.7.2/avr5/libgcc.a(_mulsi3.o)
 .debug_abbrev  0x00000000000011d6       0x14 /opt/avr-ada/avr-ada-122/lib/gcc/avr/4.7.2/avr5/libgcc.a(_udivmodqi4.o)
 .debug_abbrev  0x00000000000011ea       0x14 /opt/avr-ada/avr-ada-122/lib/gcc/avr/4.7.2/avr5/libgcc.a(_udivmodhi4.o)
 .debug_abbrev  0x00000000000011fe       0x14 /opt/avr-ada/avr-ada-122/lib/gcc/avr/4.7.2/avr5/libgcc.a(_divmodsi4.o)
 .debug_abbrev  0x0000000000001212       0x14 /opt/avr-ada/avr-ada-122/lib/gcc/avr/4.7.2/avr5/libgcc.a(_exit.o)
 .debug_abbrev  0x0000000000001226       0x14 /opt/avr-ada/avr-ada-122/lib/gcc/avr/4.7.2/avr5/libgcc.a(_copy_data.o)
 .debug_abbrev  0x000000000000123a       0x14 /opt/avr-ada/avr-ada-122/lib/gcc/avr/4.7.2/avr5/libgcc.a(_clear_bss.o)
 .debug_abbrev  0x000000000000124e       0x14 /opt/avr-ada/avr-ada-122/lib/gcc/avr/4.7.2/avr5/libgcc.a(_umulhisi3.o)
 .debug_abbrev  0x0000000000001262       0x14 /opt/avr-ada/avr-ada-122/lib/gcc/avr/4.7.2/avr5/libgcc.a(_udivmodsi4.o)

.debug_line     0x0000000000000000     0x1630
 *(.debug_line)
 .debug_line    0x0000000000000000       0xa1 b~relay.o
 .debug_line    0x00000000000000a1        0x0 /opt/avr-ada/avr-ada-122/lib/gcc/avr/4.7.2/rts/avr5/adalib/ada.o
 .debug_line    0x00000000000000a1        0x0 /opt/avr-ada/avr-ada-122/lib/gcc/avr/4.7.2/rts/avr5/adalib/a-calend.o
 .debug_line    0x00000000000000a1       0x1a /opt/avr-ada/avr-ada-122/lib/gcc/avr/4.7.2/rts/avr5/adalib/interfac.o
 .debug_line    0x00000000000000bb       0x36 /opt/avr-ada/avr-ada-122/lib/gcc/avr/4.7.2/rts/avr5/adalib/system.o
 .debug_line    0x00000000000000f1       0x76 /opt/avr-ada/avr-ada-122/lib/gcc/avr/4.7.2/rts/avr5/adalib/a-except.o
 .debug_line    0x0000000000000167       0x1a /opt/avr-ada/avr-ada-122/lib/gcc/avr/4.7.2/rts/avr5/adalib/s-unstyp.o
 .debug_line    0x0000000000000181       0x1a /opt/avr-ada/avr-ada-122/lib/gcc/avr/4.7.2/rts/avr5/adalib/a-caldel.o
 .debug_line    0x000000000000019b      0x162 /home/touneseb/Dropbox/AdaProg/AdaProg/33_1 - Relay Simple/objects/relay.o
 .debug_line    0x00000000000002fd      0x106 /opt/avr-ada/avr-ada-122/avr/lib/gnat/avr_lib/atmega328p/lib/libavrada.a(avr-real_time-clock_impl.o)
 .debug_line    0x0000000000000403      0x1ad /opt/avr-ada/avr-ada-122/avr/lib/gnat/avr_lib/atmega328p/lib/libavrada.a(avr-real_time-delays.o)
 .debug_line    0x00000000000005b0      0x484 /opt/avr-ada/avr-ada-122/avr/lib/gnat/avr_lib/atmega328p/lib/libavrada.a(avr-real_time.o)
 .debug_line    0x0000000000000a34       0xc1 /opt/avr-ada/avr-ada-122/avr/lib/gnat/avr_lib/atmega328p/lib/libavrada.a(avr-real_time-clock.o)
 .debug_line    0x0000000000000af5      0x1bd /opt/avr-ada/avr-ada-122/avr/lib/gnat/avr_lib/atmega328p/lib/libavrada.a(avr-int_img.o)
 .debug_line    0x0000000000000cb2      0x2cd /opt/avr-ada/avr-ada-122/avr/lib/gnat/avr_lib/atmega328p/lib/libavrada.a(avr-timer0.o)
 .debug_line    0x0000000000000f7f      0x18e /opt/avr-ada/avr-ada-122/avr/lib/gnat/avr_lib/atmega328p/lib/libavrada.a(avr-sleep.o)
 .debug_line    0x000000000000110d       0x66 /opt/avr-ada/avr-ada-122/lib/gcc/avr/4.7.2/avr5/libgcc.a(_usmulhisi3.o)
 .debug_line    0x0000000000001173       0x6a /opt/avr-ada/avr-ada-122/lib/gcc/avr/4.7.2/avr5/libgcc.a(_muluhisi3.o)
 .debug_line    0x00000000000011dd       0x66 /opt/avr-ada/avr-ada-122/lib/gcc/avr/4.7.2/avr5/libgcc.a(_mulshisi3.o)
 .debug_line    0x0000000000001243       0x6f /opt/avr-ada/avr-ada-122/lib/gcc/avr/4.7.2/avr5/libgcc.a(_mulsi3.o)
 .debug_line    0x00000000000012b2       0x6c /opt/avr-ada/avr-ada-122/lib/gcc/avr/4.7.2/avr5/libgcc.a(_udivmodqi4.o)
 .debug_line    0x000000000000131e       0x74 /opt/avr-ada/avr-ada-122/lib/gcc/avr/4.7.2/avr5/libgcc.a(_udivmodhi4.o)
 .debug_line    0x0000000000001392       0x7b /opt/avr-ada/avr-ada-122/lib/gcc/avr/4.7.2/avr5/libgcc.a(_divmodsi4.o)
 .debug_line    0x000000000000140d       0x62 /opt/avr-ada/avr-ada-122/lib/gcc/avr/4.7.2/avr5/libgcc.a(_exit.o)
 .debug_line    0x000000000000146f       0x6b /opt/avr-ada/avr-ada-122/lib/gcc/avr/4.7.2/avr5/libgcc.a(_copy_data.o)
 .debug_line    0x00000000000014da       0x68 /opt/avr-ada/avr-ada-122/lib/gcc/avr/4.7.2/avr5/libgcc.a(_clear_bss.o)
 .debug_line    0x0000000000001542       0x6c /opt/avr-ada/avr-ada-122/lib/gcc/avr/4.7.2/avr5/libgcc.a(_umulhisi3.o)
 .debug_line    0x00000000000015ae       0x82 /opt/avr-ada/avr-ada-122/lib/gcc/avr/4.7.2/avr5/libgcc.a(_udivmodsi4.o)

.debug_frame    0x0000000000000000      0xbd4
 *(.debug_frame)
 .debug_frame   0x0000000000000000       0x34 b~relay.o
 .debug_frame   0x0000000000000034       0x34 /opt/avr-ada/avr-ada-122/lib/gcc/avr/4.7.2/rts/avr5/adalib/a-except.o
 .debug_frame   0x0000000000000068       0x24 /opt/avr-ada/avr-ada-122/lib/gcc/avr/4.7.2/rts/avr5/adalib/s-unstyp.o
 .debug_frame   0x000000000000008c       0x34 /opt/avr-ada/avr-ada-122/lib/gcc/avr/4.7.2/rts/avr5/adalib/a-caldel.o
 .debug_frame   0x00000000000000c0       0x24 /home/touneseb/Dropbox/AdaProg/AdaProg/33_1 - Relay Simple/objects/relay.o
 .debug_frame   0x00000000000000e4       0x58 /opt/avr-ada/avr-ada-122/avr/lib/gnat/avr_lib/atmega328p/lib/libavrada.a(avr-real_time-clock_impl.o)
 .debug_frame   0x000000000000013c       0x90 /opt/avr-ada/avr-ada-122/avr/lib/gnat/avr_lib/atmega328p/lib/libavrada.a(avr-real_time-delays.o)
 .debug_frame   0x00000000000001cc      0x6f4 /opt/avr-ada/avr-ada-122/avr/lib/gnat/avr_lib/atmega328p/lib/libavrada.a(avr-real_time.o)
 .debug_frame   0x00000000000008c0       0x34 /opt/avr-ada/avr-ada-122/avr/lib/gnat/avr_lib/atmega328p/lib/libavrada.a(avr-real_time-clock.o)
 .debug_frame   0x00000000000008f4      0x148 /opt/avr-ada/avr-ada-122/avr/lib/gnat/avr_lib/atmega328p/lib/libavrada.a(avr-int_img.o)
 .debug_frame   0x0000000000000a3c      0x134 /opt/avr-ada/avr-ada-122/avr/lib/gnat/avr_lib/atmega328p/lib/libavrada.a(avr-timer0.o)
 .debug_frame   0x0000000000000b70       0x64 /opt/avr-ada/avr-ada-122/avr/lib/gnat/avr_lib/atmega328p/lib/libavrada.a(avr-sleep.o)

.debug_str      0x0000000000000000     0x26bf
 *(.debug_str)
 .debug_str     0x0000000000000000      0x626 b~relay.o
                                        0x63d (size before relaxing)
 .debug_str     0x0000000000000626      0x14c /opt/avr-ada/avr-ada-122/lib/gcc/avr/4.7.2/rts/avr5/adalib/interfac.o
                                        0x15a (size before relaxing)
 .debug_str     0x0000000000000772      0x442 /opt/avr-ada/avr-ada-122/lib/gcc/avr/4.7.2/rts/avr5/adalib/system.o
                                        0x4c8 (size before relaxing)
 .debug_str     0x0000000000000bb4      0x109 /opt/avr-ada/avr-ada-122/lib/gcc/avr/4.7.2/rts/avr5/adalib/a-except.o
                                        0x1be (size before relaxing)
 .debug_str     0x0000000000000cbd      0x19b /opt/avr-ada/avr-ada-122/lib/gcc/avr/4.7.2/rts/avr5/adalib/s-unstyp.o
                                        0x20f (size before relaxing)
 .debug_str     0x0000000000000e58       0x1b /opt/avr-ada/avr-ada-122/lib/gcc/avr/4.7.2/rts/avr5/adalib/a-caldel.o
                                         0xac (size before relaxing)
 .debug_str     0x0000000000000e73       0xf6 /home/touneseb/Dropbox/AdaProg/AdaProg/33_1 - Relay Simple/objects/relay.o
                                        0x18f (size before relaxing)
 .debug_str     0x0000000000000f69      0x1a6 /opt/avr-ada/avr-ada-122/avr/lib/gnat/avr_lib/atmega328p/lib/libavrada.a(avr-real_time-clock_impl.o)
                                        0x20c (size before relaxing)
 .debug_str     0x000000000000110f      0x216 /opt/avr-ada/avr-ada-122/avr/lib/gnat/avr_lib/atmega328p/lib/libavrada.a(avr-real_time-delays.o)
                                        0x3b0 (size before relaxing)
 .debug_str     0x0000000000001325      0x83f /opt/avr-ada/avr-ada-122/avr/lib/gnat/avr_lib/atmega328p/lib/libavrada.a(avr-real_time.o)
                                        0xa23 (size before relaxing)
 .debug_str     0x0000000000001b64       0x5d /opt/avr-ada/avr-ada-122/avr/lib/gnat/avr_lib/atmega328p/lib/libavrada.a(avr-real_time-clock.o)
                                        0x15e (size before relaxing)
 .debug_str     0x0000000000001bc1      0x351 /opt/avr-ada/avr-ada-122/avr/lib/gnat/avr_lib/atmega328p/lib/libavrada.a(avr-int_img.o)
                                        0x4c4 (size before relaxing)
 .debug_str     0x0000000000001f12      0x654 /opt/avr-ada/avr-ada-122/avr/lib/gnat/avr_lib/atmega328p/lib/libavrada.a(avr-timer0.o)
                                        0x7b7 (size before relaxing)
 .debug_str     0x0000000000002566      0x159 /opt/avr-ada/avr-ada-122/avr/lib/gnat/avr_lib/atmega328p/lib/libavrada.a(avr-sleep.o)
                                        0x374 (size before relaxing)

.debug_loc      0x0000000000000000     0x2c45
 *(.debug_loc)
 .debug_loc     0x0000000000000000       0x90 /opt/avr-ada/avr-ada-122/lib/gcc/avr/4.7.2/rts/avr5/adalib/a-except.o
 .debug_loc     0x0000000000000090       0x1f /home/touneseb/Dropbox/AdaProg/AdaProg/33_1 - Relay Simple/objects/relay.o
 .debug_loc     0x00000000000000af       0xbf /opt/avr-ada/avr-ada-122/avr/lib/gnat/avr_lib/atmega328p/lib/libavrada.a(avr-real_time-clock_impl.o)
 .debug_loc     0x000000000000016e      0x15f /opt/avr-ada/avr-ada-122/avr/lib/gnat/avr_lib/atmega328p/lib/libavrada.a(avr-real_time-delays.o)
 .debug_loc     0x00000000000002cd     0x2151 /opt/avr-ada/avr-ada-122/avr/lib/gnat/avr_lib/atmega328p/lib/libavrada.a(avr-real_time.o)
 .debug_loc     0x000000000000241e       0x48 /opt/avr-ada/avr-ada-122/avr/lib/gnat/avr_lib/atmega328p/lib/libavrada.a(avr-real_time-clock.o)
 .debug_loc     0x0000000000002466      0x710 /opt/avr-ada/avr-ada-122/avr/lib/gnat/avr_lib/atmega328p/lib/libavrada.a(avr-int_img.o)
 .debug_loc     0x0000000000002b76       0x42 /opt/avr-ada/avr-ada-122/avr/lib/gnat/avr_lib/atmega328p/lib/libavrada.a(avr-timer0.o)
 .debug_loc     0x0000000000002bb8       0x8d /opt/avr-ada/avr-ada-122/avr/lib/gnat/avr_lib/atmega328p/lib/libavrada.a(avr-sleep.o)

.debug_macinfo
 *(.debug_macinfo)
OUTPUT(/home/touneseb/Dropbox/AdaProg/AdaProg/33_1 - Relay Simple/relay.elf elf32-avr)
LOAD linker stubs

.debug_ranges   0x0000000000000000      0x360
 .debug_ranges  0x0000000000000000       0x18 b~relay.o
 .debug_ranges  0x0000000000000018       0x18 /opt/avr-ada/avr-ada-122/lib/gcc/avr/4.7.2/rts/avr5/adalib/a-except.o
 .debug_ranges  0x0000000000000030       0x10 /home/touneseb/Dropbox/AdaProg/AdaProg/33_1 - Relay Simple/objects/relay.o
 .debug_ranges  0x0000000000000040       0x18 /opt/avr-ada/avr-ada-122/avr/lib/gnat/avr_lib/atmega328p/lib/libavrada.a(avr-real_time-clock_impl.o)
 .debug_ranges  0x0000000000000058       0x18 /opt/avr-ada/avr-ada-122/avr/lib/gnat/avr_lib/atmega328p/lib/libavrada.a(avr-real_time-delays.o)
 .debug_ranges  0x0000000000000070      0x168 /opt/avr-ada/avr-ada-122/avr/lib/gnat/avr_lib/atmega328p/lib/libavrada.a(avr-real_time.o)
 .debug_ranges  0x00000000000001d8       0x10 /opt/avr-ada/avr-ada-122/avr/lib/gnat/avr_lib/atmega328p/lib/libavrada.a(avr-real_time-clock.o)
 .debug_ranges  0x00000000000001e8       0xb0 /opt/avr-ada/avr-ada-122/avr/lib/gnat/avr_lib/atmega328p/lib/libavrada.a(avr-int_img.o)
 .debug_ranges  0x0000000000000298       0x98 /opt/avr-ada/avr-ada-122/avr/lib/gnat/avr_lib/atmega328p/lib/libavrada.a(avr-timer0.o)
 .debug_ranges  0x0000000000000330       0x30 /opt/avr-ada/avr-ada-122/avr/lib/gnat/avr_lib/atmega328p/lib/libavrada.a(avr-sleep.o)

Cross Reference Table

Symbol                                            File
__bad_interrupt                                   /opt/avr-ada/avr-ada-122/lib/gcc/avr/4.7.2/../../../../avr/lib/avr5/crtm328p.o
__bss_end                                         /opt/avr-ada/avr-ada-122/lib/gcc/avr/4.7.2/avr5/libgcc.a(_clear_bss.o)
__bss_start                                       /opt/avr-ada/avr-ada-122/lib/gcc/avr/4.7.2/avr5/libgcc.a(_clear_bss.o)
__data_end                                        /opt/avr-ada/avr-ada-122/lib/gcc/avr/4.7.2/avr5/libgcc.a(_copy_data.o)
__data_load_start                                 /opt/avr-ada/avr-ada-122/lib/gcc/avr/4.7.2/avr5/libgcc.a(_copy_data.o)
__data_start                                      /opt/avr-ada/avr-ada-122/lib/gcc/avr/4.7.2/avr5/libgcc.a(_copy_data.o)
__divmodsi4                                       /opt/avr-ada/avr-ada-122/lib/gcc/avr/4.7.2/avr5/libgcc.a(_divmodsi4.o)
                                                  /opt/avr-ada/avr-ada-122/avr/lib/gnat/avr_lib/atmega328p/lib/libavrada.a(avr-real_time.o)
__do_clear_bss                                    /opt/avr-ada/avr-ada-122/lib/gcc/avr/4.7.2/avr5/libgcc.a(_clear_bss.o)
                                                  /opt/avr-ada/avr-ada-122/avr/lib/gnat/avr_lib/atmega328p/lib/libavrada.a(avr-real_time-clock_impl.o)
__do_copy_data                                    /opt/avr-ada/avr-ada-122/lib/gcc/avr/4.7.2/avr5/libgcc.a(_copy_data.o)
                                                  /opt/avr-ada/avr-ada-122/avr/lib/gnat/avr_lib/atmega328p/lib/libavrada.a(avr-sleep.o)
                                                  /opt/avr-ada/avr-ada-122/avr/lib/gnat/avr_lib/atmega328p/lib/libavrada.a(avr-timer0.o)
                                                  /opt/avr-ada/avr-ada-122/avr/lib/gnat/avr_lib/atmega328p/lib/libavrada.a(avr-int_img.o)
                                                  /opt/avr-ada/avr-ada-122/avr/lib/gnat/avr_lib/atmega328p/lib/libavrada.a(avr-real_time-clock.o)
                                                  /opt/avr-ada/avr-ada-122/avr/lib/gnat/avr_lib/atmega328p/lib/libavrada.a(avr-real_time.o)
                                                  /opt/avr-ada/avr-ada-122/avr/lib/gnat/avr_lib/atmega328p/lib/libavrada.a(avr-real_time-delays.o)
                                                  /opt/avr-ada/avr-ada-122/avr/lib/gnat/avr_lib/atmega328p/lib/libavrada.a(avr-real_time-clock_impl.o)
                                                  /opt/avr-ada/avr-ada-122/lib/gcc/avr/4.7.2/rts/avr5/adalib/a-caldel.o
                                                  /opt/avr-ada/avr-ada-122/lib/gcc/avr/4.7.2/rts/avr5/adalib/s-unstyp.o
                                                  /opt/avr-ada/avr-ada-122/lib/gcc/avr/4.7.2/rts/avr5/adalib/a-except.o
                                                  /opt/avr-ada/avr-ada-122/lib/gcc/avr/4.7.2/rts/avr5/adalib/system.o
                                                  /opt/avr-ada/avr-ada-122/lib/gcc/avr/4.7.2/rts/avr5/adalib/interfac.o
                                                  /opt/avr-ada/avr-ada-122/lib/gcc/avr/4.7.2/rts/avr5/adalib/a-calend.o
                                                  /opt/avr-ada/avr-ada-122/lib/gcc/avr/4.7.2/rts/avr5/adalib/ada.o
                                                  b~relay.o
__gnat_ada_main_program_name                      b~relay.o
__gnat_last_chance_handler                        /opt/avr-ada/avr-ada-122/lib/gcc/avr/4.7.2/rts/avr5/adalib/a-except.o
                                                  /opt/avr-ada/avr-ada-122/avr/lib/gnat/avr_lib/atmega328p/lib/libavrada.a(avr-timer0.o)
__gnat_version                                    b~relay.o
__heap_end                                        /opt/avr-ada/avr-ada-122/lib/gcc/avr/4.7.2/../../../../avr/lib/avr5/crtm328p.o
__init                                            /opt/avr-ada/avr-ada-122/lib/gcc/avr/4.7.2/../../../../avr/lib/avr5/crtm328p.o
__mulohisi3                                       /opt/avr-ada/avr-ada-122/lib/gcc/avr/4.7.2/avr5/libgcc.a(_mulshisi3.o)
                                                  /opt/avr-ada/avr-ada-122/avr/lib/gnat/avr_lib/atmega328p/lib/libavrada.a(avr-real_time.o)
__mulshisi3                                       /opt/avr-ada/avr-ada-122/lib/gcc/avr/4.7.2/avr5/libgcc.a(_mulshisi3.o)
                                                  /opt/avr-ada/avr-ada-122/avr/lib/gnat/avr_lib/atmega328p/lib/libavrada.a(avr-real_time.o)
__mulsi3                                          /opt/avr-ada/avr-ada-122/lib/gcc/avr/4.7.2/avr5/libgcc.a(_mulsi3.o)
                                                  /opt/avr-ada/avr-ada-122/avr/lib/gnat/avr_lib/atmega328p/lib/libavrada.a(avr-real_time.o)
__muluhisi3                                       /opt/avr-ada/avr-ada-122/lib/gcc/avr/4.7.2/avr5/libgcc.a(_muluhisi3.o)
                                                  /opt/avr-ada/avr-ada-122/lib/gcc/avr/4.7.2/avr5/libgcc.a(_mulsi3.o)
                                                  /opt/avr-ada/avr-ada-122/lib/gcc/avr/4.7.2/avr5/libgcc.a(_mulshisi3.o)
                                                  /opt/avr-ada/avr-ada-122/avr/lib/gnat/avr_lib/atmega328p/lib/libavrada.a(avr-real_time.o)
__stack                                           /opt/avr-ada/avr-ada-122/lib/gcc/avr/4.7.2/../../../../avr/lib/avr5/crtm328p.o
__udivmodhi4                                      /opt/avr-ada/avr-ada-122/lib/gcc/avr/4.7.2/avr5/libgcc.a(_udivmodhi4.o)
                                                  /opt/avr-ada/avr-ada-122/lib/gcc/avr/4.7.2/../../../../avr/lib/avr5/libc.a(itoa.o)
                                                  /opt/avr-ada/avr-ada-122/avr/lib/gnat/avr_lib/atmega328p/lib/libavrada.a(avr-int_img.o)
__udivmodqi4                                      /opt/avr-ada/avr-ada-122/lib/gcc/avr/4.7.2/avr5/libgcc.a(_udivmodqi4.o)
                                                  /opt/avr-ada/avr-ada-122/avr/lib/gnat/avr_lib/atmega328p/lib/libavrada.a(avr-int_img.o)
__udivmodsi4                                      /opt/avr-ada/avr-ada-122/lib/gcc/avr/4.7.2/avr5/libgcc.a(_udivmodsi4.o)
                                                  /opt/avr-ada/avr-ada-122/lib/gcc/avr/4.7.2/avr5/libgcc.a(_divmodsi4.o)
__umulhisi3                                       /opt/avr-ada/avr-ada-122/lib/gcc/avr/4.7.2/avr5/libgcc.a(_umulhisi3.o)
                                                  /opt/avr-ada/avr-ada-122/lib/gcc/avr/4.7.2/avr5/libgcc.a(_muluhisi3.o)
                                                  /opt/avr-ada/avr-ada-122/lib/gcc/avr/4.7.2/avr5/libgcc.a(_usmulhisi3.o)
__usmulhisi3                                      /opt/avr-ada/avr-ada-122/lib/gcc/avr/4.7.2/avr5/libgcc.a(_usmulhisi3.o)
                                                  /opt/avr-ada/avr-ada-122/avr/lib/gnat/avr_lib/atmega328p/lib/libavrada.a(avr-real_time.o)
__usmulhisi3_tail                                 /opt/avr-ada/avr-ada-122/lib/gcc/avr/4.7.2/avr5/libgcc.a(_usmulhisi3.o)
__vector_1                                        /opt/avr-ada/avr-ada-122/lib/gcc/avr/4.7.2/../../../../avr/lib/avr5/crtm328p.o
__vector_10                                       /opt/avr-ada/avr-ada-122/lib/gcc/avr/4.7.2/../../../../avr/lib/avr5/crtm328p.o
__vector_11                                       /opt/avr-ada/avr-ada-122/lib/gcc/avr/4.7.2/../../../../avr/lib/avr5/crtm328p.o
__vector_12                                       /opt/avr-ada/avr-ada-122/lib/gcc/avr/4.7.2/../../../../avr/lib/avr5/crtm328p.o
__vector_13                                       /opt/avr-ada/avr-ada-122/lib/gcc/avr/4.7.2/../../../../avr/lib/avr5/crtm328p.o
__vector_14                                       /opt/avr-ada/avr-ada-122/avr/lib/gnat/avr_lib/atmega328p/lib/libavrada.a(avr-real_time-clock_impl.o)
                                                  /opt/avr-ada/avr-ada-122/lib/gcc/avr/4.7.2/../../../../avr/lib/avr5/crtm328p.o
__vector_15                                       /opt/avr-ada/avr-ada-122/lib/gcc/avr/4.7.2/../../../../avr/lib/avr5/crtm328p.o
__vector_16                                       /opt/avr-ada/avr-ada-122/lib/gcc/avr/4.7.2/../../../../avr/lib/avr5/crtm328p.o
__vector_17                                       /opt/avr-ada/avr-ada-122/lib/gcc/avr/4.7.2/../../../../avr/lib/avr5/crtm328p.o
__vector_18                                       /opt/avr-ada/avr-ada-122/lib/gcc/avr/4.7.2/../../../../avr/lib/avr5/crtm328p.o
__vector_19                                       /opt/avr-ada/avr-ada-122/lib/gcc/avr/4.7.2/../../../../avr/lib/avr5/crtm328p.o
__vector_2                                        /opt/avr-ada/avr-ada-122/lib/gcc/avr/4.7.2/../../../../avr/lib/avr5/crtm328p.o
__vector_20                                       /opt/avr-ada/avr-ada-122/lib/gcc/avr/4.7.2/../../../../avr/lib/avr5/crtm328p.o
__vector_21                                       /opt/avr-ada/avr-ada-122/lib/gcc/avr/4.7.2/../../../../avr/lib/avr5/crtm328p.o
__vector_22                                       /opt/avr-ada/avr-ada-122/lib/gcc/avr/4.7.2/../../../../avr/lib/avr5/crtm328p.o
__vector_23                                       /opt/avr-ada/avr-ada-122/lib/gcc/avr/4.7.2/../../../../avr/lib/avr5/crtm328p.o
__vector_24                                       /opt/avr-ada/avr-ada-122/lib/gcc/avr/4.7.2/../../../../avr/lib/avr5/crtm328p.o
__vector_25                                       /opt/avr-ada/avr-ada-122/lib/gcc/avr/4.7.2/../../../../avr/lib/avr5/crtm328p.o
__vector_3                                        /opt/avr-ada/avr-ada-122/lib/gcc/avr/4.7.2/../../../../avr/lib/avr5/crtm328p.o
__vector_4                                        /opt/avr-ada/avr-ada-122/lib/gcc/avr/4.7.2/../../../../avr/lib/avr5/crtm328p.o
__vector_5                                        /opt/avr-ada/avr-ada-122/lib/gcc/avr/4.7.2/../../../../avr/lib/avr5/crtm328p.o
__vector_6                                        /opt/avr-ada/avr-ada-122/lib/gcc/avr/4.7.2/../../../../avr/lib/avr5/crtm328p.o
__vector_7                                        /opt/avr-ada/avr-ada-122/lib/gcc/avr/4.7.2/../../../../avr/lib/avr5/crtm328p.o
__vector_8                                        /opt/avr-ada/avr-ada-122/lib/gcc/avr/4.7.2/../../../../avr/lib/avr5/crtm328p.o
__vector_9                                        /opt/avr-ada/avr-ada-122/lib/gcc/avr/4.7.2/../../../../avr/lib/avr5/crtm328p.o
__vector_default                                  /opt/avr-ada/avr-ada-122/lib/gcc/avr/4.7.2/../../../../avr/lib/avr5/crtm328p.o
__vectors                                         /opt/avr-ada/avr-ada-122/lib/gcc/avr/4.7.2/../../../../avr/lib/avr5/crtm328p.o
_ada_avr__real_time__clock                        /opt/avr-ada/avr-ada-122/avr/lib/gnat/avr_lib/atmega328p/lib/libavrada.a(avr-real_time-clock.o)
                                                  /opt/avr-ada/avr-ada-122/avr/lib/gnat/avr_lib/atmega328p/lib/libavrada.a(avr-real_time-delays.o)
_ada_relay                                        /home/touneseb/Dropbox/AdaProg/AdaProg/33_1 - Relay Simple/objects/relay.o
                                                  b~relay.o
_exit                                             /opt/avr-ada/avr-ada-122/lib/gcc/avr/4.7.2/avr5/libgcc.a(_exit.o)
_hex_img::avr__int_img(void) __restrict           /opt/avr-ada/avr-ada-122/avr/lib/gnat/avr_lib/atmega328p/lib/libavrada.a(avr-int_img.o)
adaS                                              b~relay.o
ada_E                                             /opt/avr-ada/avr-ada-122/lib/gcc/avr/4.7.2/rts/avr5/adalib/ada.o
ada__calendarS                                    b~relay.o
ada__calendar_E                                   /opt/avr-ada/avr-ada-122/lib/gcc/avr/4.7.2/rts/avr5/adalib/a-calend.o
ada__calendar__delaysS                            b~relay.o
ada__calendar__delays_E                           /opt/avr-ada/avr-ada-122/lib/gcc/avr/4.7.2/rts/avr5/adalib/a-caldel.o
ada__calendar__delays__delay_for                  /opt/avr-ada/avr-ada-122/avr/lib/gnat/avr_lib/atmega328p/lib/libavrada.a(avr-real_time-delays.o)
                                                  /home/touneseb/Dropbox/AdaProg/AdaProg/33_1 - Relay Simple/objects/relay.o
ada__calendar__delays__delay_until                /opt/avr-ada/avr-ada-122/avr/lib/gnat/avr_lib/atmega328p/lib/libavrada.a(avr-real_time-delays.o)
ada__calendar__delays__timeIP                     /opt/avr-ada/avr-ada-122/lib/gcc/avr/4.7.2/rts/avr5/adalib/a-caldel.o
ada__exceptionsB                                  b~relay.o
ada__exceptionsS                                  b~relay.o
ada__exceptions_E                                 /opt/avr-ada/avr-ada-122/lib/gcc/avr/4.7.2/rts/avr5/adalib/a-except.o
ada__exceptions__null_id                          /opt/avr-ada/avr-ada-122/lib/gcc/avr/4.7.2/rts/avr5/adalib/a-except.o
ada__exceptions__raise_exception                  /opt/avr-ada/avr-ada-122/lib/gcc/avr/4.7.2/rts/avr5/adalib/a-except.o
ada__exceptions__reset                            /opt/avr-ada/avr-ada-122/lib/gcc/avr/4.7.2/rts/avr5/adalib/a-except.o
ada_main_E                                        b~relay.o
adainit                                           b~relay.o
avr(short, long,...)(...)(signed *)               b~relay.o
avrB                                              b~relay.o
avrS                                              b~relay.o
avr__atmega328pS                                  b~relay.o
avr__configS                                      b~relay.o
avr__int_imgB                                     b~relay.o
avr__int_imgS                                     b~relay.o
avr__int_img_E                                    /opt/avr-ada/avr-ada-122/avr/lib/gnat/avr_lib/atmega328p/lib/libavrada.a(avr-int_img.o)
avr__int_img__nibble_hex_img                      /opt/avr-ada/avr-ada-122/avr/lib/gnat/avr_lib/atmega328p/lib/libavrada.a(avr-int_img.o)
avr__int_img__u16_img                             /opt/avr-ada/avr-ada-122/avr/lib/gnat/avr_lib/atmega328p/lib/libavrada.a(avr-int_img.o)
avr__int_img__u16_img_right                       /opt/avr-ada/avr-ada-122/avr/lib/gnat/avr_lib/atmega328p/lib/libavrada.a(avr-int_img.o)
avr__int_img__u32_img                             /opt/avr-ada/avr-ada-122/avr/lib/gnat/avr_lib/atmega328p/lib/libavrada.a(avr-int_img.o)
                                                  /opt/avr-ada/avr-ada-122/avr/lib/gnat/avr_lib/atmega328p/lib/libavrada.a(avr-real_time.o)
avr__int_img__u8_img                              /opt/avr-ada/avr-ada-122/avr/lib/gnat/avr_lib/atmega328p/lib/libavrada.a(avr-int_img.o)
avr__int_img__u8_img_99_right                     /opt/avr-ada/avr-ada-122/avr/lib/gnat/avr_lib/atmega328p/lib/libavrada.a(avr-int_img.o)
avr__int_img__u8_img_c                            /opt/avr-ada/avr-ada-122/avr/lib/gnat/avr_lib/atmega328p/lib/libavrada.a(avr-int_img.o)
avr__int_img__u8_img_right                        /opt/avr-ada/avr-ada-122/avr/lib/gnat/avr_lib/atmega328p/lib/libavrada.a(avr-int_img.o)
avr__interruptsB                                  b~relay.o
avr__interruptsS                                  b~relay.o
avr__mcuS                                         b~relay.o
avr__real_timeB                                   b~relay.o
avr__real_timeS                                   b~relay.o
avr__real_time_E                                  /opt/avr-ada/avr-ada-122/avr/lib/gnat/avr_lib/atmega328p/lib/libavrada.a(avr-real_time.o)
avr__real_time__Oadd                              /opt/avr-ada/avr-ada-122/avr/lib/gnat/avr_lib/atmega328p/lib/libavrada.a(avr-real_time.o)
                                                  /opt/avr-ada/avr-ada-122/avr/lib/gnat/avr_lib/atmega328p/lib/libavrada.a(avr-real_time-delays.o)
avr__real_time__Oadd__2                           /opt/avr-ada/avr-ada-122/avr/lib/gnat/avr_lib/atmega328p/lib/libavrada.a(avr-real_time.o)
avr__real_time__Oge                               /opt/avr-ada/avr-ada-122/avr/lib/gnat/avr_lib/atmega328p/lib/libavrada.a(avr-real_time.o)
avr__real_time__Ogt                               /opt/avr-ada/avr-ada-122/avr/lib/gnat/avr_lib/atmega328p/lib/libavrada.a(avr-real_time.o)
                                                  /opt/avr-ada/avr-ada-122/avr/lib/gnat/avr_lib/atmega328p/lib/libavrada.a(avr-real_time-delays.o)
avr__real_time__Ole                               /opt/avr-ada/avr-ada-122/avr/lib/gnat/avr_lib/atmega328p/lib/libavrada.a(avr-real_time.o)
avr__real_time__Olt                               /opt/avr-ada/avr-ada-122/avr/lib/gnat/avr_lib/atmega328p/lib/libavrada.a(avr-real_time.o)
avr__real_time__Osubtract                         /opt/avr-ada/avr-ada-122/avr/lib/gnat/avr_lib/atmega328p/lib/libavrada.a(avr-real_time.o)
avr__real_time__Osubtract__2                      /opt/avr-ada/avr-ada-122/avr/lib/gnat/avr_lib/atmega328p/lib/libavrada.a(avr-real_time.o)
avr__real_time__clockB                            b~relay.o
avr__real_time__clockS                            b~relay.o
avr__real_time__clock_E                           /opt/avr-ada/avr-ada-122/avr/lib/gnat/avr_lib/atmega328p/lib/libavrada.a(avr-real_time-clock.o)
                                                  b~relay.o
avr__real_time__clock_implB                       b~relay.o
avr__real_time__clock_implS                       b~relay.o
avr__real_time__clock_impl_E                      /opt/avr-ada/avr-ada-122/avr/lib/gnat/avr_lib/atmega328p/lib/libavrada.a(avr-real_time-clock_impl.o)
                                                  b~relay.o
avr__real_time__clock_impl___elabb                /opt/avr-ada/avr-ada-122/avr/lib/gnat/avr_lib/atmega328p/lib/libavrada.a(avr-real_time-clock_impl.o)
                                                  b~relay.o
avr__real_time__clock_impl__now                   /opt/avr-ada/avr-ada-122/avr/lib/gnat/avr_lib/atmega328p/lib/libavrada.a(avr-real_time-clock_impl.o)
                                                  /opt/avr-ada/avr-ada-122/avr/lib/gnat/avr_lib/atmega328p/lib/libavrada.a(avr-real_time-clock.o)
avr__real_time__date_image                        /opt/avr-ada/avr-ada-122/avr/lib/gnat/avr_lib/atmega328p/lib/libavrada.a(avr-real_time.o)
avr__real_time__date_image_short                  /opt/avr-ada/avr-ada-122/avr/lib/gnat/avr_lib/atmega328p/lib/libavrada.a(avr-real_time.o)
avr__real_time__day                               /opt/avr-ada/avr-ada-122/avr/lib/gnat/avr_lib/atmega328p/lib/libavrada.a(avr-real_time.o)
avr__real_time__day_nameN                         /opt/avr-ada/avr-ada-122/avr/lib/gnat/avr_lib/atmega328p/lib/libavrada.a(avr-real_time.o)
avr__real_time__day_nameS                         /opt/avr-ada/avr-ada-122/avr/lib/gnat/avr_lib/atmega328p/lib/libavrada.a(avr-real_time.o)
avr__real_time__day_of_week                       /opt/avr-ada/avr-ada-122/avr/lib/gnat/avr_lib/atmega328p/lib/libavrada.a(avr-real_time.o)
avr__real_time__delaysB                           b~relay.o
avr__real_time__delaysS                           b~relay.o
avr__real_time__delays_E                          /opt/avr-ada/avr-ada-122/avr/lib/gnat/avr_lib/atmega328p/lib/libavrada.a(avr-real_time-delays.o)
                                                  b~relay.o
avr__real_time__fract_image                       /opt/avr-ada/avr-ada-122/avr/lib/gnat/avr_lib/atmega328p/lib/libavrada.a(avr-real_time.o)
avr__real_time__hour                              /opt/avr-ada/avr-ada-122/avr/lib/gnat/avr_lib/atmega328p/lib/libavrada.a(avr-real_time.o)
avr__real_time__hours                             /opt/avr-ada/avr-ada-122/avr/lib/gnat/avr_lib/atmega328p/lib/libavrada.a(avr-real_time.o)
avr__real_time__image                             /opt/avr-ada/avr-ada-122/avr/lib/gnat/avr_lib/atmega328p/lib/libavrada.a(avr-real_time.o)
avr__real_time__image__2                          /opt/avr-ada/avr-ada-122/avr/lib/gnat/avr_lib/atmega328p/lib/libavrada.a(avr-real_time.o)
avr__real_time__julian_date                       /opt/avr-ada/avr-ada-122/avr/lib/gnat/avr_lib/atmega328p/lib/libavrada.a(avr-real_time.o)
avr__real_time__julian_day                        /opt/avr-ada/avr-ada-122/avr/lib/gnat/avr_lib/atmega328p/lib/libavrada.a(avr-real_time.o)
avr__real_time__microseconds                      /opt/avr-ada/avr-ada-122/avr/lib/gnat/avr_lib/atmega328p/lib/libavrada.a(avr-real_time.o)
avr__real_time__millisec_image                    /opt/avr-ada/avr-ada-122/avr/lib/gnat/avr_lib/atmega328p/lib/libavrada.a(avr-real_time.o)
avr__real_time__millisec_image__2                 /opt/avr-ada/avr-ada-122/avr/lib/gnat/avr_lib/atmega328p/lib/libavrada.a(avr-real_time.o)
avr__real_time__milliseconds                      /opt/avr-ada/avr-ada-122/avr/lib/gnat/avr_lib/atmega328p/lib/libavrada.a(avr-real_time.o)
avr__real_time__minute                            /opt/avr-ada/avr-ada-122/avr/lib/gnat/avr_lib/atmega328p/lib/libavrada.a(avr-real_time.o)
avr__real_time__minutes                           /opt/avr-ada/avr-ada-122/avr/lib/gnat/avr_lib/atmega328p/lib/libavrada.a(avr-real_time.o)
avr__real_time__month                             /opt/avr-ada/avr-ada-122/avr/lib/gnat/avr_lib/atmega328p/lib/libavrada.a(avr-real_time.o)
avr__real_time__second                            /opt/avr-ada/avr-ada-122/avr/lib/gnat/avr_lib/atmega328p/lib/libavrada.a(avr-real_time.o)
avr__real_time__seconds                           /opt/avr-ada/avr-ada-122/avr/lib/gnat/avr_lib/atmega328p/lib/libavrada.a(avr-real_time.o)
avr__real_time__seconds__2                        /opt/avr-ada/avr-ada-122/avr/lib/gnat/avr_lib/atmega328p/lib/libavrada.a(avr-real_time.o)
avr__real_time__seconds_of                        /opt/avr-ada/avr-ada-122/avr/lib/gnat/avr_lib/atmega328p/lib/libavrada.a(avr-real_time.o)
avr__real_time__split                             /opt/avr-ada/avr-ada-122/avr/lib/gnat/avr_lib/atmega328p/lib/libavrada.a(avr-real_time.o)
avr__real_time__split__2                          /opt/avr-ada/avr-ada-122/avr/lib/gnat/avr_lib/atmega328p/lib/libavrada.a(avr-real_time.o)
avr__real_time__split__3                          /opt/avr-ada/avr-ada-122/avr/lib/gnat/avr_lib/atmega328p/lib/libavrada.a(avr-real_time.o)
avr__real_time__sub_second                        /opt/avr-ada/avr-ada-122/avr/lib/gnat/avr_lib/atmega328p/lib/libavrada.a(avr-real_time.o)
avr__real_time__sum_days_in_month                 /opt/avr-ada/avr-ada-122/avr/lib/gnat/avr_lib/atmega328p/lib/libavrada.a(avr-real_time.o)
avr__real_time__tick                              /opt/avr-ada/avr-ada-122/avr/lib/gnat/avr_lib/atmega328p/lib/libavrada.a(avr-real_time.o)
avr__real_time__timeIP                            /opt/avr-ada/avr-ada-122/avr/lib/gnat/avr_lib/atmega328p/lib/libavrada.a(avr-real_time.o)
avr__real_time__time_first                        /opt/avr-ada/avr-ada-122/avr/lib/gnat/avr_lib/atmega328p/lib/libavrada.a(avr-real_time.o)
avr__real_time__time_image                        /opt/avr-ada/avr-ada-122/avr/lib/gnat/avr_lib/atmega328p/lib/libavrada.a(avr-real_time.o)
avr__real_time__time_image_short                  /opt/avr-ada/avr-ada-122/avr/lib/gnat/avr_lib/atmega328p/lib/libavrada.a(avr-real_time.o)
avr__real_time__time_last                         /opt/avr-ada/avr-ada-122/avr/lib/gnat/avr_lib/atmega328p/lib/libavrada.a(avr-real_time.o)
avr__real_time__time_of                           /opt/avr-ada/avr-ada-122/avr/lib/gnat/avr_lib/atmega328p/lib/libavrada.a(avr-real_time.o)
avr__real_time__value                             /opt/avr-ada/avr-ada-122/avr/lib/gnat/avr_lib/atmega328p/lib/libavrada.a(avr-real_time.o)
avr__real_time__value__2                          /opt/avr-ada/avr-ada-122/avr/lib/gnat/avr_lib/atmega328p/lib/libavrada.a(avr-real_time.o)
avr__real_time__year                              /opt/avr-ada/avr-ada-122/avr/lib/gnat/avr_lib/atmega328p/lib/libavrada.a(avr-real_time.o)
avr__sleepB                                       b~relay.o
avr__sleep_E                                      /opt/avr-ada/avr-ada-122/avr/lib/gnat/avr_lib/atmega328p/lib/libavrada.a(avr-sleep.o)
avr__sleep__disable                               /opt/avr-ada/avr-ada-122/avr/lib/gnat/avr_lib/atmega328p/lib/libavrada.a(avr-sleep.o)
avr__sleep__enable                                /opt/avr-ada/avr-ada-122/avr/lib/gnat/avr_lib/atmega328p/lib/libavrada.a(avr-sleep.o)
avr__sleep__go_sleeping                           /opt/avr-ada/avr-ada-122/avr/lib/gnat/avr_lib/atmega328p/lib/libavrada.a(avr-sleep.o)
avr__sleep__go_sleeping_if                        /opt/avr-ada/avr-ada-122/avr/lib/gnat/avr_lib/atmega328p/lib/libavrada.a(avr-sleep.o)
avr__sleep__set_mode                              /opt/avr-ada/avr-ada-122/avr/lib/gnat/avr_lib/atmega328p/lib/libavrada.a(avr-sleep.o)
                                                  /opt/avr-ada/avr-ada-122/avr/lib/gnat/avr_lib/atmega328p/lib/libavrada.a(avr-real_time-delays.o)
avr__sleep__sleep_ctrl_bits                       /opt/avr-ada/avr-ada-122/avr/lib/gnat/avr_lib/atmega328p/lib/libavrada.a(avr-sleep.o)
avr__sleep__sleep_mode_tN                         /opt/avr-ada/avr-ada-122/avr/lib/gnat/avr_lib/atmega328p/lib/libavrada.a(avr-sleep.o)
avr__sleep__sleep_mode_tS                         /opt/avr-ada/avr-ada-122/avr/lib/gnat/avr_lib/atmega328p/lib/libavrada.a(avr-sleep.o)
avr__stringsS                                     b~relay.o
avr__timer0B                                      b~relay.o
avr__timer0S                                      b~relay.o
avr__timer0_E                                     /opt/avr-ada/avr-ada-122/avr/lib/gnat/avr_lib/atmega328p/lib/libavrada.a(avr-timer0.o)
avr__timer0__count                                /opt/avr-ada/avr-ada-122/avr/lib/gnat/avr_lib/atmega328p/lib/libavrada.a(avr-timer0.o)
avr__timer0__ctrl_reg                             /opt/avr-ada/avr-ada-122/avr/lib/gnat/avr_lib/atmega328p/lib/libavrada.a(avr-timer0.o)
avr__timer0__enable_interrupt_compare             /opt/avr-ada/avr-ada-122/avr/lib/gnat/avr_lib/atmega328p/lib/libavrada.a(avr-timer0.o)
avr__timer0__enable_interrupt_overflow            /opt/avr-ada/avr-ada-122/avr/lib/gnat/avr_lib/atmega328p/lib/libavrada.a(avr-timer0.o)
avr__timer0__init_ctc                             /opt/avr-ada/avr-ada-122/avr/lib/gnat/avr_lib/atmega328p/lib/libavrada.a(avr-timer0.o)
                                                  /opt/avr-ada/avr-ada-122/avr/lib/gnat/avr_lib/atmega328p/lib/libavrada.a(avr-real_time-clock_impl.o)
avr__timer0__init_normal                          /opt/avr-ada/avr-ada-122/avr/lib/gnat/avr_lib/atmega328p/lib/libavrada.a(avr-timer0.o)
avr__timer0__interrupt_mask                       /opt/avr-ada/avr-ada-122/avr/lib/gnat/avr_lib/atmega328p/lib/libavrada.a(avr-timer0.o)
avr__timer0__no_clock_source                      /opt/avr-ada/avr-ada-122/avr/lib/gnat/avr_lib/atmega328p/lib/libavrada.a(avr-timer0.o)
avr__timer0__no_prescaling                        /opt/avr-ada/avr-ada-122/avr/lib/gnat/avr_lib/atmega328p/lib/libavrada.a(avr-timer0.o)
avr__timer0__output_compare_reg                   /opt/avr-ada/avr-ada-122/avr/lib/gnat/avr_lib/atmega328p/lib/libavrada.a(avr-timer0.o)
avr__timer0__prescale_reg                         /opt/avr-ada/avr-ada-122/avr/lib/gnat/avr_lib/atmega328p/lib/libavrada.a(avr-timer0.o)
avr__timer0__scale_by_1024                        /opt/avr-ada/avr-ada-122/avr/lib/gnat/avr_lib/atmega328p/lib/libavrada.a(avr-timer0.o)
avr__timer0__scale_by_128                         /opt/avr-ada/avr-ada-122/avr/lib/gnat/avr_lib/atmega328p/lib/libavrada.a(avr-timer0.o)
avr__timer0__scale_by_256                         /opt/avr-ada/avr-ada-122/avr/lib/gnat/avr_lib/atmega328p/lib/libavrada.a(avr-timer0.o)
avr__timer0__scale_by_32                          /opt/avr-ada/avr-ada-122/avr/lib/gnat/avr_lib/atmega328p/lib/libavrada.a(avr-timer0.o)
avr__timer0__scale_by_64                          /opt/avr-ada/avr-ada-122/avr/lib/gnat/avr_lib/atmega328p/lib/libavrada.a(avr-timer0.o)
avr__timer0__scale_by_8                           /opt/avr-ada/avr-ada-122/avr/lib/gnat/avr_lib/atmega328p/lib/libavrada.a(avr-timer0.o)
avr__timer0__set_output_compare_mode_clear        /opt/avr-ada/avr-ada-122/avr/lib/gnat/avr_lib/atmega328p/lib/libavrada.a(avr-timer0.o)
avr__timer0__set_output_compare_mode_normal       /opt/avr-ada/avr-ada-122/avr/lib/gnat/avr_lib/atmega328p/lib/libavrada.a(avr-timer0.o)
avr__timer0__set_output_compare_mode_set          /opt/avr-ada/avr-ada-122/avr/lib/gnat/avr_lib/atmega328p/lib/libavrada.a(avr-timer0.o)
avr__timer0__set_output_compare_mode_toggle       /opt/avr-ada/avr-ada-122/avr/lib/gnat/avr_lib/atmega328p/lib/libavrada.a(avr-timer0.o)
avr__timer0__set_overflow_at                      /opt/avr-ada/avr-ada-122/avr/lib/gnat/avr_lib/atmega328p/lib/libavrada.a(avr-timer0.o)
avr__timer0__signal_compare                       /opt/avr-ada/avr-ada-122/avr/lib/gnat/avr_lib/atmega328p/lib/libavrada.a(avr-timer0.o)
avr__timer0__signal_overflow                      /opt/avr-ada/avr-ada-122/avr/lib/gnat/avr_lib/atmega328p/lib/libavrada.a(avr-timer0.o)
avr__timer0__stop                                 /opt/avr-ada/avr-ada-122/avr/lib/gnat/avr_lib/atmega328p/lib/libavrada.a(avr-timer0.o)
exit                                              /opt/avr-ada/avr-ada-122/lib/gcc/avr/4.7.2/avr5/libgcc.a(_exit.o)
                                                  /opt/avr-ada/avr-ada-122/lib/gcc/avr/4.7.2/../../../../avr/lib/avr5/crtm328p.o
interfacesS                                       b~relay.o
interfaces_E                                      /opt/avr-ada/avr-ada-122/lib/gcc/avr/4.7.2/rts/avr5/adalib/interfac.o
itoa                                              /opt/avr-ada/avr-ada-122/lib/gcc/avr/4.7.2/../../../../avr/lib/avr5/libc.a(itoa.o)
                                                  /opt/avr-ada/avr-ada-122/avr/lib/gnat/avr_lib/atmega328p/lib/libavrada.a(avr-int_img.o)
main                                              b~relay.o
                                                  /opt/avr-ada/avr-ada-122/lib/gcc/avr/4.7.2/../../../../avr/lib/avr5/crtm328p.o
relayB                                            b~relay.o
strrev                                            /opt/avr-ada/avr-ada-122/lib/gcc/avr/4.7.2/../../../../avr/lib/avr5/libc.a(strrev.o)
                                                  /opt/avr-ada/avr-ada-122/lib/gcc/avr/4.7.2/../../../../avr/lib/avr5/libc.a(itoa.o)
systemS                                           b~relay.o
system_E                                          /opt/avr-ada/avr-ada-122/lib/gcc/avr/4.7.2/rts/avr5/adalib/system.o
system__always_compatible_rep                     /opt/avr-ada/avr-ada-122/lib/gcc/avr/4.7.2/rts/avr5/adalib/system.o
system__backend_divide_checks                     /opt/avr-ada/avr-ada-122/lib/gcc/avr/4.7.2/rts/avr5/adalib/system.o
system__backend_overflow_checks                   /opt/avr-ada/avr-ada-122/lib/gcc/avr/4.7.2/rts/avr5/adalib/system.o
system__bit_orderN                                /opt/avr-ada/avr-ada-122/lib/gcc/avr/4.7.2/rts/avr5/adalib/system.o
system__bit_orderS                                /opt/avr-ada/avr-ada-122/lib/gcc/avr/4.7.2/rts/avr5/adalib/system.o
system__command_line_args                         /opt/avr-ada/avr-ada-122/lib/gcc/avr/4.7.2/rts/avr5/adalib/system.o
system__configurable_run_time                     /opt/avr-ada/avr-ada-122/lib/gcc/avr/4.7.2/rts/avr5/adalib/system.o
system__default_bit_order                         /opt/avr-ada/avr-ada-122/lib/gcc/avr/4.7.2/rts/avr5/adalib/system.o
system__default_priority                          /opt/avr-ada/avr-ada-122/lib/gcc/avr/4.7.2/rts/avr5/adalib/system.o
system__denorm                                    /opt/avr-ada/avr-ada-122/lib/gcc/avr/4.7.2/rts/avr5/adalib/system.o
system__duration_32_bits                          /opt/avr-ada/avr-ada-122/lib/gcc/avr/4.7.2/rts/avr5/adalib/system.o
system__exit_status_supported                     /opt/avr-ada/avr-ada-122/lib/gcc/avr/4.7.2/rts/avr5/adalib/system.o
system__fractional_fixed_ops                      /opt/avr-ada/avr-ada-122/lib/gcc/avr/4.7.2/rts/avr5/adalib/system.o
system__frontend_layout                           /opt/avr-ada/avr-ada-122/lib/gcc/avr/4.7.2/rts/avr5/adalib/system.o
system__gcc_zcx_support                           /opt/avr-ada/avr-ada-122/lib/gcc/avr/4.7.2/rts/avr5/adalib/system.o
system__machine_overflows                         /opt/avr-ada/avr-ada-122/lib/gcc/avr/4.7.2/rts/avr5/adalib/system.o
system__machine_rounds                            /opt/avr-ada/avr-ada-122/lib/gcc/avr/4.7.2/rts/avr5/adalib/system.o
system__max_interrupt_priority                    /opt/avr-ada/avr-ada-122/lib/gcc/avr/4.7.2/rts/avr5/adalib/system.o
system__max_priority                              /opt/avr-ada/avr-ada-122/lib/gcc/avr/4.7.2/rts/avr5/adalib/system.o
system__nameN                                     /opt/avr-ada/avr-ada-122/lib/gcc/avr/4.7.2/rts/avr5/adalib/system.o
system__nameS                                     /opt/avr-ada/avr-ada-122/lib/gcc/avr/4.7.2/rts/avr5/adalib/system.o
system__null_address                              /opt/avr-ada/avr-ada-122/lib/gcc/avr/4.7.2/rts/avr5/adalib/system.o
system__preallocated_stacks                       /opt/avr-ada/avr-ada-122/lib/gcc/avr/4.7.2/rts/avr5/adalib/system.o
system__run_time_name                             /opt/avr-ada/avr-ada-122/lib/gcc/avr/4.7.2/rts/avr5/adalib/system.o
system__signed_zeros                              /opt/avr-ada/avr-ada-122/lib/gcc/avr/4.7.2/rts/avr5/adalib/system.o
system__stack_check_default                       /opt/avr-ada/avr-ada-122/lib/gcc/avr/4.7.2/rts/avr5/adalib/system.o
system__stack_check_limits                        /opt/avr-ada/avr-ada-122/lib/gcc/avr/4.7.2/rts/avr5/adalib/system.o
system__stack_check_probes                        /opt/avr-ada/avr-ada-122/lib/gcc/avr/4.7.2/rts/avr5/adalib/system.o
system__support_aggregates                        /opt/avr-ada/avr-ada-122/lib/gcc/avr/4.7.2/rts/avr5/adalib/system.o
system__support_composite_assign                  /opt/avr-ada/avr-ada-122/lib/gcc/avr/4.7.2/rts/avr5/adalib/system.o
system__support_composite_compare                 /opt/avr-ada/avr-ada-122/lib/gcc/avr/4.7.2/rts/avr5/adalib/system.o
system__support_long_shifts                       /opt/avr-ada/avr-ada-122/lib/gcc/avr/4.7.2/rts/avr5/adalib/system.o
system__suppress_standard_library                 /opt/avr-ada/avr-ada-122/lib/gcc/avr/4.7.2/rts/avr5/adalib/system.o
system__system_name                               /opt/avr-ada/avr-ada-122/lib/gcc/avr/4.7.2/rts/avr5/adalib/system.o
system__unsigned_typesS                           b~relay.o
system__unsigned_types_E                          /opt/avr-ada/avr-ada-122/lib/gcc/avr/4.7.2/rts/avr5/adalib/s-unstyp.o
system__unsigned_types__packed_bytes1IP           /opt/avr-ada/avr-ada-122/lib/gcc/avr/4.7.2/rts/avr5/adalib/s-unstyp.o
system__use_ada_main_program_name                 /opt/avr-ada/avr-ada-122/lib/gcc/avr/4.7.2/rts/avr5/adalib/system.o
system__zcx_by_default                            /opt/avr-ada/avr-ada-122/lib/gcc/avr/4.7.2/rts/avr5/adalib/system.o
