Archive member included because of file (symbol)

/opt/avrada/lib/gcc/avr/4.7.0/avr5/libgcc.a(_exit.o)
                              /opt/avrada/lib/gcc/avr/4.7.0/../../../../avr/lib/avr5/crtm328p.o (exit)
/opt/avrada/lib/gcc/avr/4.7.0/avr5/libgcc.a(_tablejump.o)
                              /home/helipse/Dropbox/AdaProg/AdaProg/12_2 WatchDog/objects/lvc-pins.o (__tablejump2__)
/opt/avrada/lib/gcc/avr/4.7.0/avr5/libgcc.a(_copy_data.o)
                              b~main.o (__do_copy_data)

Discarded input sections

 .data          0x0000000000000000        0x0 /opt/avrada/lib/gcc/avr/4.7.0/../../../../avr/lib/avr5/crtm328p.o
 .bss           0x0000000000000000        0x0 /opt/avrada/lib/gcc/avr/4.7.0/../../../../avr/lib/avr5/crtm328p.o
 .text          0x0000000000000000        0x0 b~main.o
 .data          0x0000000000000000        0x0 b~main.o
 .bss           0x0000000000000000        0x0 b~main.o
 .rodata.lvc__pinsS
                0x0000000000000000        0x4 b~main.o
 .rodata.lvc__pinsB
                0x0000000000000000        0x4 b~main.o
 .rodata.lvc__interruptS
                0x0000000000000000        0x4 b~main.o
 .rodata.lvc__interruptB
                0x0000000000000000        0x4 b~main.o
 .rodata.lvcS   0x0000000000000000        0x4 b~main.o
 .rodata.avr__atmega328pS
                0x0000000000000000        0x4 b~main.o
 .rodata.avr__mcuS
                0x0000000000000000        0x4 b~main.o
 .rodata.avr__interruptsS
                0x0000000000000000        0x4 b~main.o
 .rodata.avr__interruptsB
                0x0000000000000000        0x4 b~main.o
 .rodata.systemS
                0x0000000000000000        0x4 b~main.o
 .rodata.system__unsigned_typesS
                0x0000000000000000        0x4 b~main.o
 .rodata.interfacesS
                0x0000000000000000        0x4 b~main.o
 .rodata.adaS   0x0000000000000000        0x4 b~main.o
 .rodata.avrS   0x0000000000000000        0x4 b~main.o
 .rodata.avrB   0x0000000000000000        0x4 b~main.o
 .rodata.watchdogex1S
                0x0000000000000000        0x4 b~main.o
 .rodata.watchdogex1B
                0x0000000000000000        0x4 b~main.o
 .rodata.mainB  0x0000000000000000        0x4 b~main.o
 .rodata.__gnat_ada_main_program_name
                0x0000000000000000        0xa b~main.o
 .rodata.__gnat_version
                0x0000000000000000       0x14 b~main.o
 .data.ada_main_E
                0x0000000000000000        0x2 b~main.o
 .text          0x0000000000000000        0x0 /opt/avrada/lib/gcc/avr/4.7.0/rts/avr5/adalib/ada.o
 .data          0x0000000000000000        0x0 /opt/avrada/lib/gcc/avr/4.7.0/rts/avr5/adalib/ada.o
 .bss           0x0000000000000000        0x0 /opt/avrada/lib/gcc/avr/4.7.0/rts/avr5/adalib/ada.o
 .data.ada_E    0x0000000000000000        0x2 /opt/avrada/lib/gcc/avr/4.7.0/rts/avr5/adalib/ada.o
 .text          0x0000000000000000        0x0 /opt/avrada/lib/gcc/avr/4.7.0/rts/avr5/adalib/interfac.o
 .data          0x0000000000000000        0x0 /opt/avrada/lib/gcc/avr/4.7.0/rts/avr5/adalib/interfac.o
 .bss           0x0000000000000000        0x0 /opt/avrada/lib/gcc/avr/4.7.0/rts/avr5/adalib/interfac.o
 .data.interfaces_E
                0x0000000000000000        0x2 /opt/avrada/lib/gcc/avr/4.7.0/rts/avr5/adalib/interfac.o
 .text          0x0000000000000000        0x0 /opt/avrada/lib/gcc/avr/4.7.0/rts/avr5/adalib/system.o
 .data          0x0000000000000000        0x0 /opt/avrada/lib/gcc/avr/4.7.0/rts/avr5/adalib/system.o
 .bss           0x0000000000000000        0x0 /opt/avrada/lib/gcc/avr/4.7.0/rts/avr5/adalib/system.o
 .rodata.system__gcc_zcx_support
                0x0000000000000000        0x1 /opt/avrada/lib/gcc/avr/4.7.0/rts/avr5/adalib/system.o
 .rodata.system__zcx_by_default
                0x0000000000000000        0x1 /opt/avrada/lib/gcc/avr/4.7.0/rts/avr5/adalib/system.o
 .rodata.system__use_ada_main_program_name
                0x0000000000000000        0x1 /opt/avrada/lib/gcc/avr/4.7.0/rts/avr5/adalib/system.o
 .rodata.system__suppress_standard_library
                0x0000000000000000        0x1 /opt/avrada/lib/gcc/avr/4.7.0/rts/avr5/adalib/system.o
 .rodata.system__always_compatible_rep
                0x0000000000000000        0x1 /opt/avrada/lib/gcc/avr/4.7.0/rts/avr5/adalib/system.o
 .rodata.system__support_long_shifts
                0x0000000000000000        0x1 /opt/avrada/lib/gcc/avr/4.7.0/rts/avr5/adalib/system.o
 .rodata.system__support_composite_compare
                0x0000000000000000        0x1 /opt/avrada/lib/gcc/avr/4.7.0/rts/avr5/adalib/system.o
 .rodata.system__support_composite_assign
                0x0000000000000000        0x1 /opt/avrada/lib/gcc/avr/4.7.0/rts/avr5/adalib/system.o
 .rodata.system__support_aggregates
                0x0000000000000000        0x1 /opt/avrada/lib/gcc/avr/4.7.0/rts/avr5/adalib/system.o
 .rodata.system__stack_check_limits
                0x0000000000000000        0x1 /opt/avrada/lib/gcc/avr/4.7.0/rts/avr5/adalib/system.o
 .rodata.system__stack_check_probes
                0x0000000000000000        0x1 /opt/avrada/lib/gcc/avr/4.7.0/rts/avr5/adalib/system.o
 .rodata.system__stack_check_default
                0x0000000000000000        0x1 /opt/avrada/lib/gcc/avr/4.7.0/rts/avr5/adalib/system.o
 .rodata.system__signed_zeros
                0x0000000000000000        0x1 /opt/avrada/lib/gcc/avr/4.7.0/rts/avr5/adalib/system.o
 .rodata.system__preallocated_stacks
                0x0000000000000000        0x1 /opt/avrada/lib/gcc/avr/4.7.0/rts/avr5/adalib/system.o
 .rodata.system__machine_rounds
                0x0000000000000000        0x1 /opt/avrada/lib/gcc/avr/4.7.0/rts/avr5/adalib/system.o
 .rodata.system__machine_overflows
                0x0000000000000000        0x1 /opt/avrada/lib/gcc/avr/4.7.0/rts/avr5/adalib/system.o
 .rodata.system__frontend_layout
                0x0000000000000000        0x1 /opt/avrada/lib/gcc/avr/4.7.0/rts/avr5/adalib/system.o
 .rodata.system__fractional_fixed_ops
                0x0000000000000000        0x1 /opt/avrada/lib/gcc/avr/4.7.0/rts/avr5/adalib/system.o
 .rodata.system__exit_status_supported
                0x0000000000000000        0x1 /opt/avrada/lib/gcc/avr/4.7.0/rts/avr5/adalib/system.o
 .rodata.system__duration_32_bits
                0x0000000000000000        0x1 /opt/avrada/lib/gcc/avr/4.7.0/rts/avr5/adalib/system.o
 .rodata.system__denorm
                0x0000000000000000        0x1 /opt/avrada/lib/gcc/avr/4.7.0/rts/avr5/adalib/system.o
 .rodata.system__configurable_run_time
                0x0000000000000000        0x1 /opt/avrada/lib/gcc/avr/4.7.0/rts/avr5/adalib/system.o
 .rodata.system__command_line_args
                0x0000000000000000        0x1 /opt/avrada/lib/gcc/avr/4.7.0/rts/avr5/adalib/system.o
 .rodata.system__backend_overflow_checks
                0x0000000000000000        0x1 /opt/avrada/lib/gcc/avr/4.7.0/rts/avr5/adalib/system.o
 .rodata.system__backend_divide_checks
                0x0000000000000000        0x1 /opt/avrada/lib/gcc/avr/4.7.0/rts/avr5/adalib/system.o
 .rodata.system__run_time_name
                0x0000000000000000       0x1b /opt/avrada/lib/gcc/avr/4.7.0/rts/avr5/adalib/system.o
 .rodata.system__default_priority
                0x0000000000000000        0x2 /opt/avrada/lib/gcc/avr/4.7.0/rts/avr5/adalib/system.o
 .rodata.system__max_interrupt_priority
                0x0000000000000000        0x2 /opt/avrada/lib/gcc/avr/4.7.0/rts/avr5/adalib/system.o
 .rodata.system__max_priority
                0x0000000000000000        0x2 /opt/avrada/lib/gcc/avr/4.7.0/rts/avr5/adalib/system.o
 .rodata.system__default_bit_order
                0x0000000000000000        0x1 /opt/avrada/lib/gcc/avr/4.7.0/rts/avr5/adalib/system.o
 .rodata.system__bit_orderN
                0x0000000000000000        0x3 /opt/avrada/lib/gcc/avr/4.7.0/rts/avr5/adalib/system.o
 .rodata.system__bit_orderS
                0x0000000000000000       0x1f /opt/avrada/lib/gcc/avr/4.7.0/rts/avr5/adalib/system.o
 .rodata.system__null_address
                0x0000000000000000        0x2 /opt/avrada/lib/gcc/avr/4.7.0/rts/avr5/adalib/system.o
 .rodata.system__system_name
                0x0000000000000000        0x1 /opt/avrada/lib/gcc/avr/4.7.0/rts/avr5/adalib/system.o
 .rodata.system__nameN
                0x0000000000000000        0x2 /opt/avrada/lib/gcc/avr/4.7.0/rts/avr5/adalib/system.o
 .rodata.system__nameS
                0x0000000000000000       0x10 /opt/avrada/lib/gcc/avr/4.7.0/rts/avr5/adalib/system.o
 .data.system_E
                0x0000000000000000        0x2 /opt/avrada/lib/gcc/avr/4.7.0/rts/avr5/adalib/system.o
 .text          0x0000000000000000        0x0 /opt/avrada/lib/gcc/avr/4.7.0/rts/avr5/adalib/s-unstyp.o
 .data          0x0000000000000000        0x0 /opt/avrada/lib/gcc/avr/4.7.0/rts/avr5/adalib/s-unstyp.o
 .bss           0x0000000000000000        0x0 /opt/avrada/lib/gcc/avr/4.7.0/rts/avr5/adalib/s-unstyp.o
 .text.system__unsigned_types__packed_bytes1IP
                0x0000000000000000        0x2 /opt/avrada/lib/gcc/avr/4.7.0/rts/avr5/adalib/s-unstyp.o
 .data.system__unsigned_types_E
                0x0000000000000000        0x2 /opt/avrada/lib/gcc/avr/4.7.0/rts/avr5/adalib/s-unstyp.o
 .text          0x0000000000000000        0x0 /home/helipse/Dropbox/AdaProg/AdaProg/12_2 WatchDog/objects/lvc.o
 .data          0x0000000000000000        0x0 /home/helipse/Dropbox/AdaProg/AdaProg/12_2 WatchDog/objects/lvc.o
 .bss           0x0000000000000000        0x0 /home/helipse/Dropbox/AdaProg/AdaProg/12_2 WatchDog/objects/lvc.o
 .data.lvc_E    0x0000000000000000        0x2 /home/helipse/Dropbox/AdaProg/AdaProg/12_2 WatchDog/objects/lvc.o
 .text          0x0000000000000000        0x0 /home/helipse/Dropbox/AdaProg/AdaProg/12_2 WatchDog/objects/lvc-pins.o
 .data          0x0000000000000000        0x0 /home/helipse/Dropbox/AdaProg/AdaProg/12_2 WatchDog/objects/lvc-pins.o
 .bss           0x0000000000000000        0x0 /home/helipse/Dropbox/AdaProg/AdaProg/12_2 WatchDog/objects/lvc-pins.o
 .rodata.lvc__pins__lvcpinsN
                0x0000000000000000       0x15 /home/helipse/Dropbox/AdaProg/AdaProg/12_2 WatchDog/objects/lvc-pins.o
 .rodata.lvc__pins__lvcpinsS
                0x0000000000000000       0x2c /home/helipse/Dropbox/AdaProg/AdaProg/12_2 WatchDog/objects/lvc-pins.o
 .rodata.lvc__pins__high_lvl
                0x0000000000000000        0x1 /home/helipse/Dropbox/AdaProg/AdaProg/12_2 WatchDog/objects/lvc-pins.o
 .rodata.lvc__pins__low_lvl
                0x0000000000000000        0x1 /home/helipse/Dropbox/AdaProg/AdaProg/12_2 WatchDog/objects/lvc-pins.o
 .rodata.lvc__pins__output
                0x0000000000000000        0x1 /home/helipse/Dropbox/AdaProg/AdaProg/12_2 WatchDog/objects/lvc-pins.o
 .rodata.lvc__pins__input
                0x0000000000000000        0x1 /home/helipse/Dropbox/AdaProg/AdaProg/12_2 WatchDog/objects/lvc-pins.o
 .text          0x0000000000000000        0x0 /home/helipse/Dropbox/AdaProg/AdaProg/12_2 WatchDog/objects/lvc-interrupt.o
 .data          0x0000000000000000        0x0 /home/helipse/Dropbox/AdaProg/AdaProg/12_2 WatchDog/objects/lvc-interrupt.o
 .bss           0x0000000000000000        0x0 /home/helipse/Dropbox/AdaProg/AdaProg/12_2 WatchDog/objects/lvc-interrupt.o
 .text          0x0000000000000000        0x0 /home/helipse/Dropbox/AdaProg/AdaProg/12_2 WatchDog/objects/watchdogex1.o
 .data          0x0000000000000000        0x0 /home/helipse/Dropbox/AdaProg/AdaProg/12_2 WatchDog/objects/watchdogex1.o
 .bss           0x0000000000000000        0x0 /home/helipse/Dropbox/AdaProg/AdaProg/12_2 WatchDog/objects/watchdogex1.o
 .text          0x0000000000000000        0x0 /home/helipse/Dropbox/AdaProg/AdaProg/12_2 WatchDog/objects/main.o
 .data          0x0000000000000000        0x0 /home/helipse/Dropbox/AdaProg/AdaProg/12_2 WatchDog/objects/main.o
 .bss           0x0000000000000000        0x0 /home/helipse/Dropbox/AdaProg/AdaProg/12_2 WatchDog/objects/main.o
 .text          0x0000000000000000        0x0 /opt/avrada/lib/gcc/avr/4.7.0/avr5/libgcc.a(_exit.o)
 .data          0x0000000000000000        0x0 /opt/avrada/lib/gcc/avr/4.7.0/avr5/libgcc.a(_exit.o)
 .bss           0x0000000000000000        0x0 /opt/avrada/lib/gcc/avr/4.7.0/avr5/libgcc.a(_exit.o)
 .text.libgcc.mul
                0x0000000000000000        0x0 /opt/avrada/lib/gcc/avr/4.7.0/avr5/libgcc.a(_exit.o)
 .text.libgcc.div
                0x0000000000000000        0x0 /opt/avrada/lib/gcc/avr/4.7.0/avr5/libgcc.a(_exit.o)
 .text.libgcc   0x0000000000000000        0x0 /opt/avrada/lib/gcc/avr/4.7.0/avr5/libgcc.a(_exit.o)
 .text.libgcc.prologue
                0x0000000000000000        0x0 /opt/avrada/lib/gcc/avr/4.7.0/avr5/libgcc.a(_exit.o)
 .text.libgcc.builtins
                0x0000000000000000        0x0 /opt/avrada/lib/gcc/avr/4.7.0/avr5/libgcc.a(_exit.o)
 .text.libgcc.fmul
                0x0000000000000000        0x0 /opt/avrada/lib/gcc/avr/4.7.0/avr5/libgcc.a(_exit.o)
 .text          0x0000000000000000        0x0 /opt/avrada/lib/gcc/avr/4.7.0/avr5/libgcc.a(_tablejump.o)
 .data          0x0000000000000000        0x0 /opt/avrada/lib/gcc/avr/4.7.0/avr5/libgcc.a(_tablejump.o)
 .bss           0x0000000000000000        0x0 /opt/avrada/lib/gcc/avr/4.7.0/avr5/libgcc.a(_tablejump.o)
 .text.libgcc.mul
                0x0000000000000000        0x0 /opt/avrada/lib/gcc/avr/4.7.0/avr5/libgcc.a(_tablejump.o)
 .text.libgcc.div
                0x0000000000000000        0x0 /opt/avrada/lib/gcc/avr/4.7.0/avr5/libgcc.a(_tablejump.o)
 .text.libgcc.prologue
                0x0000000000000000        0x0 /opt/avrada/lib/gcc/avr/4.7.0/avr5/libgcc.a(_tablejump.o)
 .text.libgcc.builtins
                0x0000000000000000        0x0 /opt/avrada/lib/gcc/avr/4.7.0/avr5/libgcc.a(_tablejump.o)
 .text.libgcc.fmul
                0x0000000000000000        0x0 /opt/avrada/lib/gcc/avr/4.7.0/avr5/libgcc.a(_tablejump.o)
 .text          0x0000000000000000        0x0 /opt/avrada/lib/gcc/avr/4.7.0/avr5/libgcc.a(_copy_data.o)
 .data          0x0000000000000000        0x0 /opt/avrada/lib/gcc/avr/4.7.0/avr5/libgcc.a(_copy_data.o)
 .bss           0x0000000000000000        0x0 /opt/avrada/lib/gcc/avr/4.7.0/avr5/libgcc.a(_copy_data.o)
 .text.libgcc.mul
                0x0000000000000000        0x0 /opt/avrada/lib/gcc/avr/4.7.0/avr5/libgcc.a(_copy_data.o)
 .text.libgcc.div
                0x0000000000000000        0x0 /opt/avrada/lib/gcc/avr/4.7.0/avr5/libgcc.a(_copy_data.o)
 .text.libgcc   0x0000000000000000        0x0 /opt/avrada/lib/gcc/avr/4.7.0/avr5/libgcc.a(_copy_data.o)
 .text.libgcc.prologue
                0x0000000000000000        0x0 /opt/avrada/lib/gcc/avr/4.7.0/avr5/libgcc.a(_copy_data.o)
 .text.libgcc.builtins
                0x0000000000000000        0x0 /opt/avrada/lib/gcc/avr/4.7.0/avr5/libgcc.a(_copy_data.o)
 .text.libgcc.fmul
                0x0000000000000000        0x0 /opt/avrada/lib/gcc/avr/4.7.0/avr5/libgcc.a(_copy_data.o)

Memory Configuration

Name             Origin             Length             Attributes
text             0x0000000000000000 0x0000000000020000 xr
data             0x0000000000800060 0x000000000000ffa0 rw !x
eeprom           0x0000000000810000 0x0000000000010000 rw !x
fuse             0x0000000000820000 0x0000000000000400 rw !x
lock             0x0000000000830000 0x0000000000000400 rw !x
signature        0x0000000000840000 0x0000000000000400 rw !x
*default*        0x0000000000000000 0xffffffffffffffff

Linker script and memory map

Address of section .data set to 0x800100
LOAD /opt/avrada/lib/gcc/avr/4.7.0/../../../../avr/lib/avr5/crtm328p.o
LOAD b~main.o
LOAD /opt/avrada/lib/gcc/avr/4.7.0/rts/avr5/adalib/ada.o
LOAD /opt/avrada/lib/gcc/avr/4.7.0/rts/avr5/adalib/interfac.o
LOAD /opt/avrada/lib/gcc/avr/4.7.0/rts/avr5/adalib/system.o
LOAD /opt/avrada/lib/gcc/avr/4.7.0/rts/avr5/adalib/s-unstyp.o
LOAD /home/helipse/Dropbox/AdaProg/AdaProg/12_2 WatchDog/objects/lvc.o
LOAD /home/helipse/Dropbox/AdaProg/AdaProg/12_2 WatchDog/objects/lvc-pins.o
LOAD /home/helipse/Dropbox/AdaProg/AdaProg/12_2 WatchDog/objects/lvc-interrupt.o
LOAD /home/helipse/Dropbox/AdaProg/AdaProg/12_2 WatchDog/objects/watchdogex1.o
LOAD /home/helipse/Dropbox/AdaProg/AdaProg/12_2 WatchDog/objects/main.o
LOAD /opt/avrada/avr/lib/gnat/avr_lib/atmega328p/lib/libavrada.a
LOAD /opt/avrada/lib/gcc/avr/4.7.0/rts/avr5/adalib/libgnat.a
LOAD /opt/avrada/lib/gcc/avr/4.7.0/avr5/libgcc.a
LOAD /opt/avrada/lib/gcc/avr/4.7.0/../../../../avr/lib/avr5/libc.a
LOAD /opt/avrada/lib/gcc/avr/4.7.0/avr5/libgcc.a

.hash
 *(.hash)

.dynsym
 *(.dynsym)

.dynstr
 *(.dynstr)

.gnu.version
 *(.gnu.version)

.gnu.version_d
 *(.gnu.version_d)

.gnu.version_r
 *(.gnu.version_r)

.rel.init
 *(.rel.init)

.rela.init
 *(.rela.init)

.rel.text
 *(.rel.text)
 *(.rel.text.*)
 *(.rel.gnu.linkonce.t*)

.rela.text
 *(.rela.text)
 *(.rela.text.*)
 *(.rela.gnu.linkonce.t*)

.rel.fini
 *(.rel.fini)

.rela.fini
 *(.rela.fini)

.rel.rodata
 *(.rel.rodata)
 *(.rel.rodata.*)
 *(.rel.gnu.linkonce.r*)

.rela.rodata
 *(.rela.rodata)
 *(.rela.rodata.*)
 *(.rela.gnu.linkonce.r*)

.rel.data
 *(.rel.data)
 *(.rel.data.*)
 *(.rel.gnu.linkonce.d*)

.rela.data
 *(.rela.data)
 *(.rela.data.*)
 *(.rela.gnu.linkonce.d*)

.rel.ctors
 *(.rel.ctors)

.rela.ctors
 *(.rela.ctors)

.rel.dtors
 *(.rel.dtors)

.rela.dtors
 *(.rela.dtors)

.rel.got
 *(.rel.got)

.rela.got
 *(.rela.got)

.rel.bss
 *(.rel.bss)

.rela.bss
 *(.rela.bss)

.rel.plt
 *(.rel.plt)

.rela.plt
 *(.rela.plt)

.text           0x0000000000000000      0x3ba
 *(.vectors)
 .vectors       0x0000000000000000       0x68 /opt/avrada/lib/gcc/avr/4.7.0/../../../../avr/lib/avr5/crtm328p.o
                0x0000000000000000                __vectors
                0x0000000000000000                __vector_default
 *(.vectors)
 *(.progmem.gcc*)
 .progmem.gcc_sw_table.lvc__pins__pinmode
                0x0000000000000068       0x28 /home/helipse/Dropbox/AdaProg/AdaProg/12_2 WatchDog/objects/lvc-pins.o
 .progmem.gcc_sw_table.lvc__pins__digitalwrite
                0x0000000000000090       0x28 /home/helipse/Dropbox/AdaProg/AdaProg/12_2 WatchDog/objects/lvc-pins.o
 *(.progmem*)
                0x00000000000000b8                . = ALIGN (0x2)
                0x00000000000000b8                __trampolines_start = .
 *(.trampolines)
 .trampolines   0x00000000000000b8        0x0 linker stubs
 *(.trampolines*)
                0x00000000000000b8                __trampolines_end = .
 *(.jumptables)
 *(.jumptables*)
 *(.lowtext)
 *(.lowtext*)
                0x00000000000000b8                __ctors_start = .
 *(.ctors)
                0x00000000000000b8                __ctors_end = .
                0x00000000000000b8                __dtors_start = .
 *(.dtors)
                0x00000000000000b8                __dtors_end = .
 SORT(*)(.ctors)
 SORT(*)(.dtors)
 *(.init0)
 .init0         0x00000000000000b8        0x0 /opt/avrada/lib/gcc/avr/4.7.0/../../../../avr/lib/avr5/crtm328p.o
                0x00000000000000b8                __init
 *(.init0)
 *(.init1)
 *(.init1)
 *(.init2)
 .init2         0x00000000000000b8        0xc /opt/avrada/lib/gcc/avr/4.7.0/../../../../avr/lib/avr5/crtm328p.o
 *(.init2)
 *(.init3)
 *(.init3)
 *(.init4)
 .init4         0x00000000000000c4       0x16 /opt/avrada/lib/gcc/avr/4.7.0/avr5/libgcc.a(_copy_data.o)
                0x00000000000000c4                __do_copy_data
 *(.init4)
 *(.init5)
 *(.init5)
 *(.init6)
 *(.init6)
 *(.init7)
 *(.init7)
 *(.init8)
 *(.init8)
 *(.init9)
 .init9         0x00000000000000da        0x4 /opt/avrada/lib/gcc/avr/4.7.0/../../../../avr/lib/avr5/crtm328p.o
 *(.init9)
 *(.text)
 .text          0x00000000000000de        0x2 /opt/avrada/lib/gcc/avr/4.7.0/../../../../avr/lib/avr5/crtm328p.o
                0x00000000000000de                __vector_22
                0x00000000000000de                __vector_1
                0x00000000000000de                __vector_24
                0x00000000000000de                __vector_12
                0x00000000000000de                __bad_interrupt
                0x00000000000000de                __vector_3
                0x00000000000000de                __vector_23
                0x00000000000000de                __vector_25
                0x00000000000000de                __vector_11
                0x00000000000000de                __vector_13
                0x00000000000000de                __vector_17
                0x00000000000000de                __vector_19
                0x00000000000000de                __vector_7
                0x00000000000000de                __vector_5
                0x00000000000000de                __vector_4
                0x00000000000000de                __vector_9
                0x00000000000000de                __vector_2
                0x00000000000000de                __vector_21
                0x00000000000000de                __vector_15
                0x00000000000000de                __vector_8
                0x00000000000000de                __vector_14
                0x00000000000000de                __vector_10
                0x00000000000000de                __vector_16
                0x00000000000000de                __vector_18
                0x00000000000000de                __vector_20
                0x00000000000000e0                . = ALIGN (0x2)
 *(.text.*)
 .text.adainit  0x00000000000000e0       0x3c b~main.o
                0x00000000000000e0                adainit
 .text.startup.main
                0x000000000000011c        0x4 b~main.o
                0x000000000000011c                main
 .text.lvc__pins__pinmode
                0x0000000000000120       0xf0 /home/helipse/Dropbox/AdaProg/AdaProg/12_2 WatchDog/objects/lvc-pins.o
                0x0000000000000120                lvc__pins__pinmode
 .text.lvc__pins__digitalwrite
                0x0000000000000210       0xf0 /home/helipse/Dropbox/AdaProg/AdaProg/12_2 WatchDog/objects/lvc-pins.o
                0x0000000000000210                lvc__pins__digitalwrite
 .text.__vector_6
                0x0000000000000300       0x58 /home/helipse/Dropbox/AdaProg/AdaProg/12_2 WatchDog/objects/lvc-interrupt.o
                0x0000000000000300                __vector_6
 .text.watchdogex1__watchdog_interrupt
                0x0000000000000358       0x12 /home/helipse/Dropbox/AdaProg/AdaProg/12_2 WatchDog/objects/watchdogex1.o
 .text.watchdogex1__run
                0x000000000000036a       0x3e /home/helipse/Dropbox/AdaProg/AdaProg/12_2 WatchDog/objects/watchdogex1.o
                0x000000000000036a                watchdogex1__run
 .text.startup._ada_main
                0x00000000000003a8        0x2 /home/helipse/Dropbox/AdaProg/AdaProg/12_2 WatchDog/objects/main.o
                0x00000000000003a8                _ada_main
 .text.libgcc   0x00000000000003aa        0xc /opt/avrada/lib/gcc/avr/4.7.0/avr5/libgcc.a(_tablejump.o)
                0x00000000000003aa                __tablejump2__
                0x00000000000003ae                __tablejump__
                0x00000000000003b6                . = ALIGN (0x2)
 *(.fini9)
 .fini9         0x00000000000003b6        0x0 /opt/avrada/lib/gcc/avr/4.7.0/avr5/libgcc.a(_exit.o)
                0x00000000000003b6                exit
                0x00000000000003b6                _exit
 *(.fini9)
 *(.fini8)
 *(.fini8)
 *(.fini7)
 *(.fini7)
 *(.fini6)
 *(.fini6)
 *(.fini5)
 *(.fini5)
 *(.fini4)
 *(.fini4)
 *(.fini3)
 *(.fini3)
 *(.fini2)
 *(.fini2)
 *(.fini1)
 *(.fini1)
 *(.fini0)
 .fini0         0x00000000000003b6        0x4 /opt/avrada/lib/gcc/avr/4.7.0/avr5/libgcc.a(_exit.o)
 *(.fini0)
                0x00000000000003ba                _etext = .

.data           0x0000000000800100        0x6 load address 0x00000000000003ba
                0x0000000000800100                PROVIDE (__data_start, .)
 *(.data)
 *(.data*)
 .data.lvc__pins_E
                0x0000000000800100        0x2 /home/helipse/Dropbox/AdaProg/AdaProg/12_2 WatchDog/objects/lvc-pins.o
                0x0000000000800100                lvc__pins_E
 .data.lvc__interrupt_E
                0x0000000000800102        0x2 /home/helipse/Dropbox/AdaProg/AdaProg/12_2 WatchDog/objects/lvc-interrupt.o
                0x0000000000800102                lvc__interrupt_E
 .data.watchdogex1_E
                0x0000000000800104        0x2 /home/helipse/Dropbox/AdaProg/AdaProg/12_2 WatchDog/objects/watchdogex1.o
                0x0000000000800104                watchdogex1_E
 *(.rodata)
 *(.rodata*)
 *(.gnu.linkonce.d*)
                0x0000000000800106                . = ALIGN (0x2)
                0x0000000000800106                _edata = .
                0x0000000000800106                PROVIDE (__data_end, .)

.bss            0x0000000000800106        0x0
                0x0000000000800106                PROVIDE (__bss_start, .)
 *(.bss)
 *(.bss*)
 *(COMMON)
                0x0000000000800106                PROVIDE (__bss_end, .)
                0x00000000000003ba                __data_load_start = LOADADDR (.data)
                0x00000000000003c0                __data_load_end = (__data_load_start + SIZEOF (.data))

.noinit         0x0000000000800106        0x0
                0x0000000000800106                PROVIDE (__noinit_start, .)
 *(.noinit*)
                0x0000000000800106                PROVIDE (__noinit_end, .)
                0x0000000000800106                _end = .
                0x0000000000800106                PROVIDE (__heap_start, .)

.eeprom         0x0000000000810000        0x0
 *(.eeprom*)
                0x0000000000810000                __eeprom_end = .

.fuse
 *(.fuse)
 *(.lfuse)
 *(.hfuse)
 *(.efuse)

.lock
 *(.lock*)

.signature
 *(.signature*)

.stab           0x0000000000000000      0x6cc
 *(.stab)
 .stab          0x0000000000000000      0x6cc /opt/avrada/lib/gcc/avr/4.7.0/../../../../avr/lib/avr5/crtm328p.o

.stabstr        0x0000000000000000       0x54
 *(.stabstr)
 .stabstr       0x0000000000000000       0x54 /opt/avrada/lib/gcc/avr/4.7.0/../../../../avr/lib/avr5/crtm328p.o

.stab.excl
 *(.stab.excl)

.stab.exclstr
 *(.stab.exclstr)

.stab.index
 *(.stab.index)

.stab.indexstr
 *(.stab.indexstr)

.comment        0x0000000000000000       0x11
 *(.comment)
 .comment       0x0000000000000000       0x11 b~main.o
                                         0x12 (size before relaxing)
 .comment       0x0000000000000000       0x12 /opt/avrada/lib/gcc/avr/4.7.0/rts/avr5/adalib/ada.o
 .comment       0x0000000000000000       0x12 /opt/avrada/lib/gcc/avr/4.7.0/rts/avr5/adalib/interfac.o
 .comment       0x0000000000000000       0x12 /opt/avrada/lib/gcc/avr/4.7.0/rts/avr5/adalib/system.o
 .comment       0x0000000000000000       0x12 /opt/avrada/lib/gcc/avr/4.7.0/rts/avr5/adalib/s-unstyp.o
 .comment       0x0000000000000000       0x12 /home/helipse/Dropbox/AdaProg/AdaProg/12_2 WatchDog/objects/lvc.o
 .comment       0x0000000000000000       0x12 /home/helipse/Dropbox/AdaProg/AdaProg/12_2 WatchDog/objects/lvc-pins.o
 .comment       0x0000000000000000       0x12 /home/helipse/Dropbox/AdaProg/AdaProg/12_2 WatchDog/objects/lvc-interrupt.o
 .comment       0x0000000000000000       0x12 /home/helipse/Dropbox/AdaProg/AdaProg/12_2 WatchDog/objects/watchdogex1.o
 .comment       0x0000000000000000       0x12 /home/helipse/Dropbox/AdaProg/AdaProg/12_2 WatchDog/objects/main.o

.debug
 *(.debug)

.line
 *(.line)

.debug_srcinfo
 *(.debug_srcinfo)

.debug_sfnames
 *(.debug_sfnames)

.debug_aranges  0x0000000000000000      0x160
 *(.debug_aranges)
 .debug_aranges
                0x0000000000000000       0x28 b~main.o
 .debug_aranges
                0x0000000000000028       0x18 /opt/avrada/lib/gcc/avr/4.7.0/rts/avr5/adalib/interfac.o
 .debug_aranges
                0x0000000000000040       0x18 /opt/avrada/lib/gcc/avr/4.7.0/rts/avr5/adalib/system.o
 .debug_aranges
                0x0000000000000058       0x18 /opt/avrada/lib/gcc/avr/4.7.0/rts/avr5/adalib/s-unstyp.o
 .debug_aranges
                0x0000000000000070       0x28 /home/helipse/Dropbox/AdaProg/AdaProg/12_2 WatchDog/objects/lvc-pins.o
 .debug_aranges
                0x0000000000000098       0x20 /home/helipse/Dropbox/AdaProg/AdaProg/12_2 WatchDog/objects/lvc-interrupt.o
 .debug_aranges
                0x00000000000000b8       0x28 /home/helipse/Dropbox/AdaProg/AdaProg/12_2 WatchDog/objects/watchdogex1.o
 .debug_aranges
                0x00000000000000e0       0x20 /home/helipse/Dropbox/AdaProg/AdaProg/12_2 WatchDog/objects/main.o
 .debug_aranges
                0x0000000000000100       0x20 /opt/avrada/lib/gcc/avr/4.7.0/avr5/libgcc.a(_exit.o)
 .debug_aranges
                0x0000000000000120       0x20 /opt/avrada/lib/gcc/avr/4.7.0/avr5/libgcc.a(_tablejump.o)
 .debug_aranges
                0x0000000000000140       0x20 /opt/avrada/lib/gcc/avr/4.7.0/avr5/libgcc.a(_copy_data.o)

.debug_pubnames
 *(.debug_pubnames)

.debug_info     0x0000000000000000     0x10c9
 *(.debug_info)
 .debug_info    0x0000000000000000      0x2db b~main.o
 .debug_info    0x00000000000002db       0x61 /opt/avrada/lib/gcc/avr/4.7.0/rts/avr5/adalib/interfac.o
 .debug_info    0x000000000000033c      0x308 /opt/avrada/lib/gcc/avr/4.7.0/rts/avr5/adalib/system.o
 .debug_info    0x0000000000000644       0x72 /opt/avrada/lib/gcc/avr/4.7.0/rts/avr5/adalib/s-unstyp.o
 .debug_info    0x00000000000006b6      0x400 /home/helipse/Dropbox/AdaProg/AdaProg/12_2 WatchDog/objects/lvc-pins.o
 .debug_info    0x0000000000000ab6      0x157 /home/helipse/Dropbox/AdaProg/AdaProg/12_2 WatchDog/objects/lvc-interrupt.o
 .debug_info    0x0000000000000c0d      0x2ac /home/helipse/Dropbox/AdaProg/AdaProg/12_2 WatchDog/objects/watchdogex1.o
 .debug_info    0x0000000000000eb9       0x57 /home/helipse/Dropbox/AdaProg/AdaProg/12_2 WatchDog/objects/main.o
 .debug_info    0x0000000000000f10       0x93 /opt/avrada/lib/gcc/avr/4.7.0/avr5/libgcc.a(_exit.o)
 .debug_info    0x0000000000000fa3       0x93 /opt/avrada/lib/gcc/avr/4.7.0/avr5/libgcc.a(_tablejump.o)
 .debug_info    0x0000000000001036       0x93 /opt/avrada/lib/gcc/avr/4.7.0/avr5/libgcc.a(_copy_data.o)
 *(.gnu.linkonce.wi.*)

.debug_abbrev   0x0000000000000000      0x58c
 *(.debug_abbrev)
 .debug_abbrev  0x0000000000000000       0xe2 b~main.o
 .debug_abbrev  0x00000000000000e2       0x28 /opt/avrada/lib/gcc/avr/4.7.0/rts/avr5/adalib/interfac.o
 .debug_abbrev  0x000000000000010a       0x95 /opt/avrada/lib/gcc/avr/4.7.0/rts/avr5/adalib/system.o
 .debug_abbrev  0x000000000000019f       0x1b /opt/avrada/lib/gcc/avr/4.7.0/rts/avr5/adalib/s-unstyp.o
 .debug_abbrev  0x00000000000001ba      0x10f /home/helipse/Dropbox/AdaProg/AdaProg/12_2 WatchDog/objects/lvc-pins.o
 .debug_abbrev  0x00000000000002c9       0xbe /home/helipse/Dropbox/AdaProg/AdaProg/12_2 WatchDog/objects/lvc-interrupt.o
 .debug_abbrev  0x0000000000000387      0x17d /home/helipse/Dropbox/AdaProg/AdaProg/12_2 WatchDog/objects/watchdogex1.o
 .debug_abbrev  0x0000000000000504       0x4c /home/helipse/Dropbox/AdaProg/AdaProg/12_2 WatchDog/objects/main.o
 .debug_abbrev  0x0000000000000550       0x14 /opt/avrada/lib/gcc/avr/4.7.0/avr5/libgcc.a(_exit.o)
 .debug_abbrev  0x0000000000000564       0x14 /opt/avrada/lib/gcc/avr/4.7.0/avr5/libgcc.a(_tablejump.o)
 .debug_abbrev  0x0000000000000578       0x14 /opt/avrada/lib/gcc/avr/4.7.0/avr5/libgcc.a(_copy_data.o)

.debug_line     0x0000000000000000      0x59d
 *(.debug_line)
 .debug_line    0x0000000000000000       0x97 b~main.o
 .debug_line    0x0000000000000097        0x0 /opt/avrada/lib/gcc/avr/4.7.0/rts/avr5/adalib/ada.o
 .debug_line    0x0000000000000097       0x1a /opt/avrada/lib/gcc/avr/4.7.0/rts/avr5/adalib/interfac.o
 .debug_line    0x00000000000000b1       0x36 /opt/avrada/lib/gcc/avr/4.7.0/rts/avr5/adalib/system.o
 .debug_line    0x00000000000000e7       0x1a /opt/avrada/lib/gcc/avr/4.7.0/rts/avr5/adalib/s-unstyp.o
 .debug_line    0x0000000000000101        0x0 /home/helipse/Dropbox/AdaProg/AdaProg/12_2 WatchDog/objects/lvc.o
 .debug_line    0x0000000000000101      0x158 /home/helipse/Dropbox/AdaProg/AdaProg/12_2 WatchDog/objects/lvc-pins.o
 .debug_line    0x0000000000000259       0x9b /home/helipse/Dropbox/AdaProg/AdaProg/12_2 WatchDog/objects/lvc-interrupt.o
 .debug_line    0x00000000000002f4       0xfb /home/helipse/Dropbox/AdaProg/AdaProg/12_2 WatchDog/objects/watchdogex1.o
 .debug_line    0x00000000000003ef       0x7b /home/helipse/Dropbox/AdaProg/AdaProg/12_2 WatchDog/objects/main.o
 .debug_line    0x000000000000046a       0x62 /opt/avrada/lib/gcc/avr/4.7.0/avr5/libgcc.a(_exit.o)
 .debug_line    0x00000000000004cc       0x66 /opt/avrada/lib/gcc/avr/4.7.0/avr5/libgcc.a(_tablejump.o)
 .debug_line    0x0000000000000532       0x6b /opt/avrada/lib/gcc/avr/4.7.0/avr5/libgcc.a(_copy_data.o)

.debug_frame    0x0000000000000000      0x170
 *(.debug_frame)
 .debug_frame   0x0000000000000000       0x34 b~main.o
 .debug_frame   0x0000000000000034       0x24 /opt/avrada/lib/gcc/avr/4.7.0/rts/avr5/adalib/s-unstyp.o
 .debug_frame   0x0000000000000058       0x34 /home/helipse/Dropbox/AdaProg/AdaProg/12_2 WatchDog/objects/lvc-pins.o
 .debug_frame   0x000000000000008c       0x74 /home/helipse/Dropbox/AdaProg/AdaProg/12_2 WatchDog/objects/lvc-interrupt.o
 .debug_frame   0x0000000000000100       0x4c /home/helipse/Dropbox/AdaProg/AdaProg/12_2 WatchDog/objects/watchdogex1.o
 .debug_frame   0x000000000000014c       0x24 /home/helipse/Dropbox/AdaProg/AdaProg/12_2 WatchDog/objects/main.o

.debug_str      0x0000000000000000     0x102e
 *(.debug_str)
 .debug_str     0x0000000000000000      0x3cb b~main.o
                                        0x3e7 (size before relaxing)
 .debug_str     0x00000000000003cb      0x13b /opt/avrada/lib/gcc/avr/4.7.0/rts/avr5/adalib/interfac.o
                                        0x149 (size before relaxing)
 .debug_str     0x0000000000000506      0x442 /opt/avrada/lib/gcc/avr/4.7.0/rts/avr5/adalib/system.o
                                        0x4b7 (size before relaxing)
 .debug_str     0x0000000000000948      0x19b /opt/avrada/lib/gcc/avr/4.7.0/rts/avr5/adalib/s-unstyp.o
                                        0x1fe (size before relaxing)
 .debug_str     0x0000000000000ae3      0x3c0 /home/helipse/Dropbox/AdaProg/AdaProg/12_2 WatchDog/objects/lvc-pins.o
                                        0x44f (size before relaxing)
 .debug_str     0x0000000000000ea3       0xa6 /home/helipse/Dropbox/AdaProg/AdaProg/12_2 WatchDog/objects/lvc-interrupt.o
                                        0x20b (size before relaxing)
 .debug_str     0x0000000000000f49       0xa8 /home/helipse/Dropbox/AdaProg/AdaProg/12_2 WatchDog/objects/watchdogex1.o
                                        0x321 (size before relaxing)
 .debug_str     0x0000000000000ff1       0x3d /home/helipse/Dropbox/AdaProg/AdaProg/12_2 WatchDog/objects/main.o
                                         0x6b (size before relaxing)

.debug_loc      0x0000000000000000      0x590
 *(.debug_loc)
 .debug_loc     0x0000000000000000      0x356 /home/helipse/Dropbox/AdaProg/AdaProg/12_2 WatchDog/objects/lvc-pins.o
 .debug_loc     0x0000000000000356      0x172 /home/helipse/Dropbox/AdaProg/AdaProg/12_2 WatchDog/objects/lvc-interrupt.o
 .debug_loc     0x00000000000004c8       0xc8 /home/helipse/Dropbox/AdaProg/AdaProg/12_2 WatchDog/objects/watchdogex1.o

.debug_macinfo
 *(.debug_macinfo)
OUTPUT(/home/helipse/Dropbox/AdaProg/AdaProg/12_2 WatchDog/main.elf elf32-avr)
LOAD linker stubs

.debug_ranges   0x0000000000000000       0x68
 .debug_ranges  0x0000000000000000       0x18 b~main.o
 .debug_ranges  0x0000000000000018       0x18 /home/helipse/Dropbox/AdaProg/AdaProg/12_2 WatchDog/objects/lvc-pins.o
 .debug_ranges  0x0000000000000030       0x10 /home/helipse/Dropbox/AdaProg/AdaProg/12_2 WatchDog/objects/lvc-interrupt.o
 .debug_ranges  0x0000000000000040       0x18 /home/helipse/Dropbox/AdaProg/AdaProg/12_2 WatchDog/objects/watchdogex1.o
 .debug_ranges  0x0000000000000058       0x10 /home/helipse/Dropbox/AdaProg/AdaProg/12_2 WatchDog/objects/main.o

Cross Reference Table

Symbol                                            File
__bad_interrupt                                   /opt/avrada/lib/gcc/avr/4.7.0/../../../../avr/lib/avr5/crtm328p.o
__data_end                                        /opt/avrada/lib/gcc/avr/4.7.0/avr5/libgcc.a(_copy_data.o)
__data_load_start                                 /opt/avrada/lib/gcc/avr/4.7.0/avr5/libgcc.a(_copy_data.o)
__data_start                                      /opt/avrada/lib/gcc/avr/4.7.0/avr5/libgcc.a(_copy_data.o)
__do_copy_data                                    /opt/avrada/lib/gcc/avr/4.7.0/avr5/libgcc.a(_copy_data.o)
                                                  /home/helipse/Dropbox/AdaProg/AdaProg/12_2 WatchDog/objects/watchdogex1.o
                                                  /home/helipse/Dropbox/AdaProg/AdaProg/12_2 WatchDog/objects/lvc-interrupt.o
                                                  /home/helipse/Dropbox/AdaProg/AdaProg/12_2 WatchDog/objects/lvc-pins.o
                                                  /home/helipse/Dropbox/AdaProg/AdaProg/12_2 WatchDog/objects/lvc.o
                                                  /opt/avrada/lib/gcc/avr/4.7.0/rts/avr5/adalib/s-unstyp.o
                                                  /opt/avrada/lib/gcc/avr/4.7.0/rts/avr5/adalib/system.o
                                                  /opt/avrada/lib/gcc/avr/4.7.0/rts/avr5/adalib/interfac.o
                                                  /opt/avrada/lib/gcc/avr/4.7.0/rts/avr5/adalib/ada.o
                                                  b~main.o
__gnat_ada_main_program_name                      b~main.o
__gnat_version                                    b~main.o
__heap_end                                        /opt/avrada/lib/gcc/avr/4.7.0/../../../../avr/lib/avr5/crtm328p.o
__init                                            /opt/avrada/lib/gcc/avr/4.7.0/../../../../avr/lib/avr5/crtm328p.o
__stack                                           /opt/avrada/lib/gcc/avr/4.7.0/../../../../avr/lib/avr5/crtm328p.o
__tablejump2__                                    /opt/avrada/lib/gcc/avr/4.7.0/avr5/libgcc.a(_tablejump.o)
                                                  /home/helipse/Dropbox/AdaProg/AdaProg/12_2 WatchDog/objects/lvc-pins.o
__tablejump__                                     /opt/avrada/lib/gcc/avr/4.7.0/avr5/libgcc.a(_tablejump.o)
__vector_1                                        /opt/avrada/lib/gcc/avr/4.7.0/../../../../avr/lib/avr5/crtm328p.o
__vector_10                                       /opt/avrada/lib/gcc/avr/4.7.0/../../../../avr/lib/avr5/crtm328p.o
__vector_11                                       /opt/avrada/lib/gcc/avr/4.7.0/../../../../avr/lib/avr5/crtm328p.o
__vector_12                                       /opt/avrada/lib/gcc/avr/4.7.0/../../../../avr/lib/avr5/crtm328p.o
__vector_13                                       /opt/avrada/lib/gcc/avr/4.7.0/../../../../avr/lib/avr5/crtm328p.o
__vector_14                                       /opt/avrada/lib/gcc/avr/4.7.0/../../../../avr/lib/avr5/crtm328p.o
__vector_15                                       /opt/avrada/lib/gcc/avr/4.7.0/../../../../avr/lib/avr5/crtm328p.o
__vector_16                                       /opt/avrada/lib/gcc/avr/4.7.0/../../../../avr/lib/avr5/crtm328p.o
__vector_17                                       /opt/avrada/lib/gcc/avr/4.7.0/../../../../avr/lib/avr5/crtm328p.o
__vector_18                                       /opt/avrada/lib/gcc/avr/4.7.0/../../../../avr/lib/avr5/crtm328p.o
__vector_19                                       /opt/avrada/lib/gcc/avr/4.7.0/../../../../avr/lib/avr5/crtm328p.o
__vector_2                                        /opt/avrada/lib/gcc/avr/4.7.0/../../../../avr/lib/avr5/crtm328p.o
__vector_20                                       /opt/avrada/lib/gcc/avr/4.7.0/../../../../avr/lib/avr5/crtm328p.o
__vector_21                                       /opt/avrada/lib/gcc/avr/4.7.0/../../../../avr/lib/avr5/crtm328p.o
__vector_22                                       /opt/avrada/lib/gcc/avr/4.7.0/../../../../avr/lib/avr5/crtm328p.o
__vector_23                                       /opt/avrada/lib/gcc/avr/4.7.0/../../../../avr/lib/avr5/crtm328p.o
__vector_24                                       /opt/avrada/lib/gcc/avr/4.7.0/../../../../avr/lib/avr5/crtm328p.o
__vector_25                                       /opt/avrada/lib/gcc/avr/4.7.0/../../../../avr/lib/avr5/crtm328p.o
__vector_3                                        /opt/avrada/lib/gcc/avr/4.7.0/../../../../avr/lib/avr5/crtm328p.o
__vector_4                                        /opt/avrada/lib/gcc/avr/4.7.0/../../../../avr/lib/avr5/crtm328p.o
__vector_5                                        /opt/avrada/lib/gcc/avr/4.7.0/../../../../avr/lib/avr5/crtm328p.o
__vector_6                                        /home/helipse/Dropbox/AdaProg/AdaProg/12_2 WatchDog/objects/lvc-interrupt.o
                                                  /opt/avrada/lib/gcc/avr/4.7.0/../../../../avr/lib/avr5/crtm328p.o
                                                  /home/helipse/Dropbox/AdaProg/AdaProg/12_2 WatchDog/objects/watchdogex1.o
__vector_7                                        /opt/avrada/lib/gcc/avr/4.7.0/../../../../avr/lib/avr5/crtm328p.o
__vector_8                                        /opt/avrada/lib/gcc/avr/4.7.0/../../../../avr/lib/avr5/crtm328p.o
__vector_9                                        /opt/avrada/lib/gcc/avr/4.7.0/../../../../avr/lib/avr5/crtm328p.o
__vector_default                                  /opt/avrada/lib/gcc/avr/4.7.0/../../../../avr/lib/avr5/crtm328p.o
__vectors                                         /opt/avrada/lib/gcc/avr/4.7.0/../../../../avr/lib/avr5/crtm328p.o
_ada_main                                         /home/helipse/Dropbox/AdaProg/AdaProg/12_2 WatchDog/objects/main.o
                                                  b~main.o
_exit                                             /opt/avrada/lib/gcc/avr/4.7.0/avr5/libgcc.a(_exit.o)
adaS                                              b~main.o
ada_E                                             /opt/avrada/lib/gcc/avr/4.7.0/rts/avr5/adalib/ada.o
ada_main_E                                        b~main.o
adainit                                           b~main.o
avrB                                              b~main.o
avrS                                              b~main.o
avr__atmega328pS                                  b~main.o
avr__interruptsB                                  b~main.o
avr__interruptsS                                  b~main.o
avr__mcuS                                         b~main.o
exit                                              /opt/avrada/lib/gcc/avr/4.7.0/avr5/libgcc.a(_exit.o)
                                                  /opt/avrada/lib/gcc/avr/4.7.0/../../../../avr/lib/avr5/crtm328p.o
interfacesS                                       b~main.o
interfaces_E                                      /opt/avrada/lib/gcc/avr/4.7.0/rts/avr5/adalib/interfac.o
lvcS                                              b~main.o
lvc_E                                             /home/helipse/Dropbox/AdaProg/AdaProg/12_2 WatchDog/objects/lvc.o
lvc__interruptB                                   b~main.o
lvc__interruptS                                   b~main.o
lvc__interrupt_E                                  /home/helipse/Dropbox/AdaProg/AdaProg/12_2 WatchDog/objects/lvc-interrupt.o
                                                  b~main.o
lvc__pinsB                                        b~main.o
lvc__pinsS                                        b~main.o
lvc__pins_E                                       /home/helipse/Dropbox/AdaProg/AdaProg/12_2 WatchDog/objects/lvc-pins.o
                                                  b~main.o
lvc__pins__digitalwrite                           /home/helipse/Dropbox/AdaProg/AdaProg/12_2 WatchDog/objects/lvc-pins.o
                                                  /home/helipse/Dropbox/AdaProg/AdaProg/12_2 WatchDog/objects/watchdogex1.o
lvc__pins__high_lvl                               /home/helipse/Dropbox/AdaProg/AdaProg/12_2 WatchDog/objects/lvc-pins.o
lvc__pins__input                                  /home/helipse/Dropbox/AdaProg/AdaProg/12_2 WatchDog/objects/lvc-pins.o
lvc__pins__low_lvl                                /home/helipse/Dropbox/AdaProg/AdaProg/12_2 WatchDog/objects/lvc-pins.o
lvc__pins__lvcpinsN                               /home/helipse/Dropbox/AdaProg/AdaProg/12_2 WatchDog/objects/lvc-pins.o
lvc__pins__lvcpinsS                               /home/helipse/Dropbox/AdaProg/AdaProg/12_2 WatchDog/objects/lvc-pins.o
lvc__pins__output                                 /home/helipse/Dropbox/AdaProg/AdaProg/12_2 WatchDog/objects/lvc-pins.o
lvc__pins__pinmode                                /home/helipse/Dropbox/AdaProg/AdaProg/12_2 WatchDog/objects/lvc-pins.o
                                                  /home/helipse/Dropbox/AdaProg/AdaProg/12_2 WatchDog/objects/watchdogex1.o
main                                              b~main.o
                                                  /opt/avrada/lib/gcc/avr/4.7.0/../../../../avr/lib/avr5/crtm328p.o
mainB                                             b~main.o
systemS                                           b~main.o
system_E                                          /opt/avrada/lib/gcc/avr/4.7.0/rts/avr5/adalib/system.o
system__always_compatible_rep                     /opt/avrada/lib/gcc/avr/4.7.0/rts/avr5/adalib/system.o
system__backend_divide_checks                     /opt/avrada/lib/gcc/avr/4.7.0/rts/avr5/adalib/system.o
system__backend_overflow_checks                   /opt/avrada/lib/gcc/avr/4.7.0/rts/avr5/adalib/system.o
system__bit_orderN                                /opt/avrada/lib/gcc/avr/4.7.0/rts/avr5/adalib/system.o
system__bit_orderS                                /opt/avrada/lib/gcc/avr/4.7.0/rts/avr5/adalib/system.o
system__command_line_args                         /opt/avrada/lib/gcc/avr/4.7.0/rts/avr5/adalib/system.o
system__configurable_run_time                     /opt/avrada/lib/gcc/avr/4.7.0/rts/avr5/adalib/system.o
system__default_bit_order                         /opt/avrada/lib/gcc/avr/4.7.0/rts/avr5/adalib/system.o
system__default_priority                          /opt/avrada/lib/gcc/avr/4.7.0/rts/avr5/adalib/system.o
system__denorm                                    /opt/avrada/lib/gcc/avr/4.7.0/rts/avr5/adalib/system.o
system__duration_32_bits                          /opt/avrada/lib/gcc/avr/4.7.0/rts/avr5/adalib/system.o
system__exit_status_supported                     /opt/avrada/lib/gcc/avr/4.7.0/rts/avr5/adalib/system.o
system__fractional_fixed_ops                      /opt/avrada/lib/gcc/avr/4.7.0/rts/avr5/adalib/system.o
system__frontend_layout                           /opt/avrada/lib/gcc/avr/4.7.0/rts/avr5/adalib/system.o
system__gcc_zcx_support                           /opt/avrada/lib/gcc/avr/4.7.0/rts/avr5/adalib/system.o
system__machine_overflows                         /opt/avrada/lib/gcc/avr/4.7.0/rts/avr5/adalib/system.o
system__machine_rounds                            /opt/avrada/lib/gcc/avr/4.7.0/rts/avr5/adalib/system.o
system__max_interrupt_priority                    /opt/avrada/lib/gcc/avr/4.7.0/rts/avr5/adalib/system.o
system__max_priority                              /opt/avrada/lib/gcc/avr/4.7.0/rts/avr5/adalib/system.o
system__nameN                                     /opt/avrada/lib/gcc/avr/4.7.0/rts/avr5/adalib/system.o
system__nameS                                     /opt/avrada/lib/gcc/avr/4.7.0/rts/avr5/adalib/system.o
system__null_address                              /opt/avrada/lib/gcc/avr/4.7.0/rts/avr5/adalib/system.o
system__preallocated_stacks                       /opt/avrada/lib/gcc/avr/4.7.0/rts/avr5/adalib/system.o
system__run_time_name                             /opt/avrada/lib/gcc/avr/4.7.0/rts/avr5/adalib/system.o
system__signed_zeros                              /opt/avrada/lib/gcc/avr/4.7.0/rts/avr5/adalib/system.o
system__stack_check_default                       /opt/avrada/lib/gcc/avr/4.7.0/rts/avr5/adalib/system.o
system__stack_check_limits                        /opt/avrada/lib/gcc/avr/4.7.0/rts/avr5/adalib/system.o
system__stack_check_probes                        /opt/avrada/lib/gcc/avr/4.7.0/rts/avr5/adalib/system.o
system__support_aggregates                        /opt/avrada/lib/gcc/avr/4.7.0/rts/avr5/adalib/system.o
system__support_composite_assign                  /opt/avrada/lib/gcc/avr/4.7.0/rts/avr5/adalib/system.o
system__support_composite_compare                 /opt/avrada/lib/gcc/avr/4.7.0/rts/avr5/adalib/system.o
system__support_long_shifts                       /opt/avrada/lib/gcc/avr/4.7.0/rts/avr5/adalib/system.o
system__suppress_standard_library                 /opt/avrada/lib/gcc/avr/4.7.0/rts/avr5/adalib/system.o
system__system_name                               /opt/avrada/lib/gcc/avr/4.7.0/rts/avr5/adalib/system.o
system__unsigned_typesS                           b~main.o
system__unsigned_types_E                          /opt/avrada/lib/gcc/avr/4.7.0/rts/avr5/adalib/s-unstyp.o
system__unsigned_types__packed_bytes1IP           /opt/avrada/lib/gcc/avr/4.7.0/rts/avr5/adalib/s-unstyp.o
system__use_ada_main_program_name                 /opt/avrada/lib/gcc/avr/4.7.0/rts/avr5/adalib/system.o
system__zcx_by_default                            /opt/avrada/lib/gcc/avr/4.7.0/rts/avr5/adalib/system.o
watchdogex1B                                      b~main.o
watchdogex1S                                      b~main.o
watchdogex1_E                                     /home/helipse/Dropbox/AdaProg/AdaProg/12_2 WatchDog/objects/watchdogex1.o
                                                  b~main.o
watchdogex1__run                                  /home/helipse/Dropbox/AdaProg/AdaProg/12_2 WatchDog/objects/watchdogex1.o
                                                  /home/helipse/Dropbox/AdaProg/AdaProg/12_2 WatchDog/objects/main.o
