Archive member included because of file (symbol)

/opt/avrada/avr/lib/gnat/avr_lib/atmega328p/lib/libavrada.a(avr-real_time-delays.o)
                              /home/helipse/Dropbox/AdaProg/AdaProg/20_1 - I2C MPU6050 - twi/objects/main.o (ada__calendar__delays__delay_for)
/opt/avrada/avr/lib/gnat/avr_lib/atmega328p/lib/libavrada.a(avr-real_time-clock_impl.o)
                              b~main.o (avr__real_time__clock_impl___elabb)
/opt/avrada/avr/lib/gnat/avr_lib/atmega328p/lib/libavrada.a(avr-uart.o)
                              /home/helipse/Dropbox/AdaProg/AdaProg/20_1 - I2C MPU6050 - twi/objects/main.o (avr__uart__init)
/opt/avrada/avr/lib/gnat/avr_lib/atmega328p/lib/libavrada.a(avr-real_time-clock.o)
                              /opt/avrada/avr/lib/gnat/avr_lib/atmega328p/lib/libavrada.a(avr-real_time-delays.o) (_ada_avr__real_time__clock)
/opt/avrada/avr/lib/gnat/avr_lib/atmega328p/lib/libavrada.a(avr-timer0.o)
                              /opt/avrada/avr/lib/gnat/avr_lib/atmega328p/lib/libavrada.a(avr-real_time-clock_impl.o) (avr__timer0__init_ctc)
/opt/avrada/avr/lib/gnat/avr_lib/atmega328p/lib/libavrada.a(avr-real_time.o)
                              /opt/avrada/avr/lib/gnat/avr_lib/atmega328p/lib/libavrada.a(avr-real_time-delays.o) (avr__real_time__Oadd)
/opt/avrada/avr/lib/gnat/avr_lib/atmega328p/lib/libavrada.a(avr-int_img.o)
                              /opt/avrada/avr/lib/gnat/avr_lib/atmega328p/lib/libavrada.a(avr-uart.o) (avr__int_img__u8_hex_img)
/opt/avrada/avr/lib/gnat/avr_lib/atmega328p/lib/libavrada.a(avr-sleep.o)
                              /opt/avrada/avr/lib/gnat/avr_lib/atmega328p/lib/libavrada.a(avr-real_time-delays.o) (avr__sleep__set_mode)
/opt/avrada/lib/gcc/avr/4.7.0/avr5/libgcc.a(_usmulhisi3.o)
                              /opt/avrada/avr/lib/gnat/avr_lib/atmega328p/lib/libavrada.a(avr-real_time.o) (__usmulhisi3)
/opt/avrada/lib/gcc/avr/4.7.0/avr5/libgcc.a(_muluhisi3.o)
                              /opt/avrada/avr/lib/gnat/avr_lib/atmega328p/lib/libavrada.a(avr-real_time.o) (__muluhisi3)
/opt/avrada/lib/gcc/avr/4.7.0/avr5/libgcc.a(_mulshisi3.o)
                              /opt/avrada/avr/lib/gnat/avr_lib/atmega328p/lib/libavrada.a(avr-real_time.o) (__mulshisi3)
/opt/avrada/lib/gcc/avr/4.7.0/avr5/libgcc.a(_mulsi3.o)
                              /opt/avrada/avr/lib/gnat/avr_lib/atmega328p/lib/libavrada.a(avr-real_time.o) (__mulsi3)
/opt/avrada/lib/gcc/avr/4.7.0/avr5/libgcc.a(_udivmodqi4.o)
                              /opt/avrada/avr/lib/gnat/avr_lib/atmega328p/lib/libavrada.a(avr-int_img.o) (__udivmodqi4)
/opt/avrada/lib/gcc/avr/4.7.0/avr5/libgcc.a(_udivmodhi4.o)
                              /opt/avrada/lib/gcc/avr/4.7.0/rts/avr5/adalib/s-stoele.o (__udivmodhi4)
/opt/avrada/lib/gcc/avr/4.7.0/avr5/libgcc.a(_divmodhi4.o)
                              /home/helipse/Dropbox/AdaProg/AdaProg/20_1 - I2C MPU6050 - twi/objects/main.o (__divmodhi4)
/opt/avrada/lib/gcc/avr/4.7.0/avr5/libgcc.a(_divmodsi4.o)
                              /opt/avrada/avr/lib/gnat/avr_lib/atmega328p/lib/libavrada.a(avr-real_time.o) (__divmodsi4)
/opt/avrada/lib/gcc/avr/4.7.0/avr5/libgcc.a(_exit.o)
                              /opt/avrada/lib/gcc/avr/4.7.0/../../../../avr/lib/avr5/crtm328p.o (exit)
/opt/avrada/lib/gcc/avr/4.7.0/avr5/libgcc.a(_copy_data.o)
                              b~main.o (__do_copy_data)
/opt/avrada/lib/gcc/avr/4.7.0/avr5/libgcc.a(_clear_bss.o)
                              /home/helipse/Dropbox/AdaProg/AdaProg/20_1 - I2C MPU6050 - twi/objects/two_wire.o (__do_clear_bss)
/opt/avrada/lib/gcc/avr/4.7.0/avr5/libgcc.a(_umulhisi3.o)
                              /opt/avrada/lib/gcc/avr/4.7.0/avr5/libgcc.a(_usmulhisi3.o) (__umulhisi3)
/opt/avrada/lib/gcc/avr/4.7.0/avr5/libgcc.a(_udivmodsi4.o)
                              /opt/avrada/lib/gcc/avr/4.7.0/avr5/libgcc.a(_divmodsi4.o) (__udivmodsi4)
/opt/avrada/lib/gcc/avr/4.7.0/../../../../avr/lib/avr5/libc.a(itoa.o)
                              /opt/avrada/avr/lib/gnat/avr_lib/atmega328p/lib/libavrada.a(avr-int_img.o) (itoa)
/opt/avrada/lib/gcc/avr/4.7.0/../../../../avr/lib/avr5/libc.a(strrev.o)
                              /opt/avrada/lib/gcc/avr/4.7.0/../../../../avr/lib/avr5/libc.a(itoa.o) (strrev)

Discarded input sections

 .data          0x0000000000000000        0x0 /opt/avrada/lib/gcc/avr/4.7.0/../../../../avr/lib/avr5/crtm328p.o
 .bss           0x0000000000000000        0x0 /opt/avrada/lib/gcc/avr/4.7.0/../../../../avr/lib/avr5/crtm328p.o
 .text          0x0000000000000000        0x0 b~main.o
 .data          0x0000000000000000        0x0 b~main.o
 .bss           0x0000000000000000        0x0 b~main.o
 .rodata.two_wireS
                0x0000000000000000        0x4 b~main.o
 .rodata.two_wireB
                0x0000000000000000        0x4 b~main.o
 .rodata.i2c_mpu6050S
                0x0000000000000000        0x4 b~main.o
 .rodata.i2c_mpu6050B
                0x0000000000000000        0x4 b~main.o
[...]
Memory Configuration

Name             Origin             Length             Attributes
text             0x0000000000000000 0x0000000000020000 xr
data             0x0000000000800060 0x000000000000ffa0 rw !x
eeprom           0x0000000000810000 0x0000000000010000 rw !x
fuse             0x0000000000820000 0x0000000000000400 rw !x
lock             0x0000000000830000 0x0000000000000400 rw !x
signature        0x0000000000840000 0x0000000000000400 rw !x
*default*        0x0000000000000000 0xffffffffffffffff

Linker script and memory map

Address of section .data set to 0x800100
LOAD /opt/avrada/lib/gcc/avr/4.7.0/../../../../avr/lib/avr5/crtm328p.o
LOAD b~main.o
LOAD /opt/avrada/lib/gcc/avr/4.7.0/rts/avr5/adalib/ada.o
LOAD /opt/avrada/lib/gcc/avr/4.7.0/rts/avr5/adalib/a-calend.o
LOAD /opt/avrada/lib/gcc/avr/4.7.0/rts/avr5/adalib/interfac.o
LOAD /opt/avrada/lib/gcc/avr/4.7.0/rts/avr5/adalib/system.o
LOAD /opt/avrada/lib/gcc/avr/4.7.0/rts/avr5/adalib/a-except.o
LOAD /opt/avrada/lib/gcc/avr/4.7.0/rts/avr5/adalib/s-maccod.o
LOAD /opt/avrada/lib/gcc/avr/4.7.0/rts/avr5/adalib/s-stoele.o
LOAD /opt/avrada/lib/gcc/avr/4.7.0/rts/avr5/adalib/s-unstyp.o
LOAD /opt/avrada/lib/gcc/avr/4.7.0/rts/avr5/adalib/a-caldel.o
LOAD /home/helipse/Dropbox/AdaProg/AdaProg/20_1 - I2C MPU6050 - twi/objects/main.o
LOAD /home/helipse/Dropbox/AdaProg/AdaProg/20_1 - I2C MPU6050 - twi/objects/two_wire.o
LOAD /home/helipse/Dropbox/AdaProg/AdaProg/20_1 - I2C MPU6050 - twi/objects/i2c_mpu6050.o
LOAD /opt/avrada/avr/lib/gnat/avr_lib/atmega328p/lib/libavrada.a
LOAD /opt/avrada/lib/gcc/avr/4.7.0/rts/avr5/adalib/libgnat.a
LOAD /opt/avrada/lib/gcc/avr/4.7.0/avr5/libgcc.a
LOAD /opt/avrada/lib/gcc/avr/4.7.0/../../../../avr/lib/avr5/libc.a
LOAD /opt/avrada/lib/gcc/avr/4.7.0/avr5/libgcc.a

.hash
 *(.hash)

.dynsym
 *(.dynsym)

.dynstr
 *(.dynstr)

.gnu.version
 *(.gnu.version)

.gnu.version_d
 *(.gnu.version_d)

.gnu.version_r
 *(.gnu.version_r)

.rel.init
 *(.rel.init)

.rela.init
 *(.rela.init)

.rel.text
 *(.rel.text)
 *(.rel.text.*)
 *(.rel.gnu.linkonce.t*)

.rela.text
 *(.rela.text)
 *(.rela.text.*)
 *(.rela.gnu.linkonce.t*)

.rel.fini
 *(.rel.fini)

.rela.fini
 *(.rela.fini)

.rel.rodata
 *(.rel.rodata)
 *(.rel.rodata.*)
 *(.rel.gnu.linkonce.r*)

.rela.rodata
 *(.rela.rodata)
 *(.rela.rodata.*)
 *(.rela.gnu.linkonce.r*)

.rel.data
 *(.rel.data)
 *(.rel.data.*)
 *(.rel.gnu.linkonce.d*)

.rela.data
 *(.rela.data)
 *(.rela.data.*)
 *(.rela.gnu.linkonce.d*)

.rel.ctors
 *(.rel.ctors)

.rela.ctors
 *(.rela.ctors)

.rel.dtors
 *(.rel.dtors)

.rela.dtors
 *(.rela.dtors)

.rel.got
 *(.rel.got)

.rela.got
 *(.rela.got)

.rel.bss
 *(.rel.bss)

.rela.bss
 *(.rela.bss)

.rel.plt
 *(.rel.plt)

.rela.plt
 *(.rela.plt)

.text           0x0000000000000000      0xfb6
 *(.vectors)
 .vectors       0x0000000000000000       0x68 /opt/avrada/lib/gcc/avr/4.7.0/../../../../avr/lib/avr5/crtm328p.o
                0x0000000000000000                __vectors
                0x0000000000000000                __vector_default
 *(.vectors)
 *(.progmem.gcc*)
 *(.progmem*)
                0x0000000000000068                . = ALIGN (0x2)
                0x0000000000000068                __trampolines_start = .
 *(.trampolines)
 .trampolines   0x0000000000000068        0x0 linker stubs
 *(.trampolines*)
                0x0000000000000068                __trampolines_end = .
 *(.jumptables)
 *(.jumptables*)
 *(.lowtext)
 *(.lowtext*)
                0x0000000000000068                __ctors_start = .
 *(.ctors)
                0x0000000000000068                __ctors_end = .
                0x0000000000000068                __dtors_start = .
 *(.dtors)
                0x0000000000000068                __dtors_end = .
 SORT(*)(.ctors)
 SORT(*)(.dtors)
 *(.init0)
 .init0         0x0000000000000068        0x0 /opt/avrada/lib/gcc/avr/4.7.0/../../../../avr/lib/avr5/crtm328p.o
                0x0000000000000068                __init
 *(.init0)
 *(.init1)
 *(.init1)
 *(.init2)
 .init2         0x0000000000000068        0xc /opt/avrada/lib/gcc/avr/4.7.0/../../../../avr/lib/avr5/crtm328p.o
 *(.init2)
 *(.init3)
 *(.init3)
 *(.init4)
 .init4         0x0000000000000074       0x16 /opt/avrada/lib/gcc/avr/4.7.0/avr5/libgcc.a(_copy_data.o)
                0x0000000000000074                __do_copy_data
 .init4         0x000000000000008a       0x10 /opt/avrada/lib/gcc/avr/4.7.0/avr5/libgcc.a(_clear_bss.o)
                0x000000000000008a                __do_clear_bss
 *(.init4)
 *(.init5)
 *(.init5)
 *(.init6)
 *(.init6)
 *(.init7)
 *(.init7)
 *(.init8)
 *(.init8)
 *(.init9)
 .init9         0x000000000000009a        0x4 /opt/avrada/lib/gcc/avr/4.7.0/../../../../avr/lib/avr5/crtm328p.o
 *(.init9)
 *(.text)
 .text          0x000000000000009e        0x2 /opt/avrada/lib/gcc/avr/4.7.0/../../../../avr/lib/avr5/crtm328p.o
                0x000000000000009e                __vector_22
                0x000000000000009e                __vector_1
                0x000000000000009e                __vector_12
                0x000000000000009e                __bad_interrupt
                0x000000000000009e                __vector_6
                0x000000000000009e                __vector_3
                0x000000000000009e                __vector_23
                0x000000000000009e                __vector_25
                0x000000000000009e                __vector_11
                0x000000000000009e                __vector_13
                0x000000000000009e                __vector_17
                0x000000000000009e                __vector_19
                0x000000000000009e                __vector_7
                0x000000000000009e                __vector_5
                0x000000000000009e                __vector_4
                0x000000000000009e                __vector_9
                0x000000000000009e                __vector_2
                0x000000000000009e                __vector_21
                0x000000000000009e                __vector_15
                0x000000000000009e                __vector_8
                0x000000000000009e                __vector_10
                0x000000000000009e                __vector_16
                0x000000000000009e                __vector_20
                0x00000000000000a0                . = ALIGN (0x2)
 *(.text.*)
 .text.adainit  0x00000000000000a0       0x64 b~main.o
                0x00000000000000a0                adainit
 .text.startup.main
                0x0000000000000104        0x4 b~main.o
                0x0000000000000104                main
 .text.startup._ada_main
                0x0000000000000108      0x1ae /home/helipse/Dropbox/AdaProg/AdaProg/20_1 - I2C MPU6050 - twi/objects/main.o
                0x0000000000000108                _ada_main
 .text.two_wire__stop
                0x00000000000002b6       0x1a /home/helipse/Dropbox/AdaProg/AdaProg/20_1 - I2C MPU6050 - twi/objects/two_wire.o
 .text.two_wire__init
                0x00000000000002d0       0x36 /home/helipse/Dropbox/AdaProg/AdaProg/20_1 - I2C MPU6050 - twi/objects/two_wire.o
                0x00000000000002d0                two_wire__init
 .text.two_wire__request_data
                0x0000000000000306       0x2e /home/helipse/Dropbox/AdaProg/AdaProg/20_1 - I2C MPU6050 - twi/objects/two_wire.o
                0x0000000000000306                two_wire__request_data
 .text.two_wire__receive
                0x0000000000000334       0x22 /home/helipse/Dropbox/AdaProg/AdaProg/20_1 - I2C MPU6050 - twi/objects/two_wire.o
                0x0000000000000334                two_wire__receive
 .text.two_wire__write_data
                0x0000000000000356       0x7e /home/helipse/Dropbox/AdaProg/AdaProg/20_1 - I2C MPU6050 - twi/objects/two_wire.o
                0x0000000000000356                two_wire__write_data
 .text.__vector_24
                0x00000000000003d4      0x150 /home/helipse/Dropbox/AdaProg/AdaProg/20_1 - I2C MPU6050 - twi/objects/two_wire.o
                0x00000000000003d4                __vector_24
 .text.i2c_mpu6050__mpu6050_setclocksource
                0x0000000000000524       0x78 /home/helipse/Dropbox/AdaProg/AdaProg/20_1 - I2C MPU6050 - twi/objects/i2c_mpu6050.o
                0x0000000000000524                i2c_mpu6050__mpu6050_setclocksource
 .text.i2c_mpu6050__mpu6050_setfullscalegyrorange
                0x000000000000059c       0x5c /home/helipse/Dropbox/AdaProg/AdaProg/20_1 - I2C MPU6050 - twi/objects/i2c_mpu6050.o
                0x000000000000059c                i2c_mpu6050__mpu6050_setfullscalegyrorange
 .text.i2c_mpu6050__mpu6050_setfullscaleaccelrange
                0x00000000000005f8       0x5c /home/helipse/Dropbox/AdaProg/AdaProg/20_1 - I2C MPU6050 - twi/objects/i2c_mpu6050.o
                0x00000000000005f8                i2c_mpu6050__mpu6050_setfullscaleaccelrange
 .text.i2c_mpu6050__mpu6050_setsleepenable
                0x0000000000000654       0x50 /home/helipse/Dropbox/AdaProg/AdaProg/20_1 - I2C MPU6050 - twi/objects/i2c_mpu6050.o
                0x0000000000000654                i2c_mpu6050__mpu6050_setsleepenable
 .text.i2c_mpu6050__mpu6050_initialize
                0x00000000000006a4       0x12 /home/helipse/Dropbox/AdaProg/AdaProg/20_1 - I2C MPU6050 - twi/objects/i2c_mpu6050.o
                0x00000000000006a4                i2c_mpu6050__mpu6050_initialize
 .text.i2c_mpu6050__mpu6050_getdeviceid
                0x00000000000006b6       0x2c /home/helipse/Dropbox/AdaProg/AdaProg/20_1 - I2C MPU6050 - twi/objects/i2c_mpu6050.o
                0x00000000000006b6                i2c_mpu6050__mpu6050_getdeviceid
 .text.i2c_mpu6050__mpu6050_testconnection
                0x00000000000006e2        0xe /home/helipse/Dropbox/AdaProg/AdaProg/20_1 - I2C MPU6050 - twi/objects/i2c_mpu6050.o
                0x00000000000006e2                i2c_mpu6050__mpu6050_testconnection
 .text.i2c_mpu6050__mpu6050_getmotion6
                0x00000000000006f0       0xc6 /home/helipse/Dropbox/AdaProg/AdaProg/20_1 - I2C MPU6050 - twi/objects/i2c_mpu6050.o
                0x00000000000006f0                i2c_mpu6050__mpu6050_getmotion6
 .text.ada__calendar__delays__delay_until
                0x00000000000007b6       0x9c /opt/avrada/avr/lib/gnat/avr_lib/atmega328p/lib/libavrada.a(avr-real_time-delays.o)
                0x00000000000007b6                ada__calendar__delays__delay_until
 .text.ada__calendar__delays__delay_for
                0x0000000000000852       0xa0 /opt/avrada/avr/lib/gnat/avr_lib/atmega328p/lib/libavrada.a(avr-real_time-delays.o)
                0x0000000000000852                ada__calendar__delays__delay_for
 .text.__vector_14
                0x00000000000008f2       0x76 /opt/avrada/avr/lib/gnat/avr_lib/atmega328p/lib/libavrada.a(avr-real_time-clock_impl.o)
                0x00000000000008f2                __vector_14
 .text.avr__real_time__clock_impl___elabb
                0x0000000000000968        0xa /opt/avrada/avr/lib/gnat/avr_lib/atmega328p/lib/libavrada.a(avr-real_time-clock_impl.o)
                0x0000000000000968                avr__real_time__clock_impl___elabb
 .text.avr__uart__init_common
                0x0000000000000972       0x20 /opt/avrada/avr/lib/gnat/avr_lib/atmega328p/lib/libavrada.a(avr-uart.o)
                0x0000000000000972                avr__uart__init_common
 .text.avr__uart__init
                0x0000000000000992        0xa /opt/avrada/avr/lib/gnat/avr_lib/atmega328p/lib/libavrada.a(avr-uart.o)
                0x0000000000000992                avr__uart__init
 .text.avr__uart__put_raw
                0x000000000000099c        0xe /opt/avrada/avr/lib/gnat/avr_lib/atmega328p/lib/libavrada.a(avr-uart.o)
                0x000000000000099c                avr__uart__put_raw
 .text.avr__uart__put__5.part.0
                0x00000000000009aa       0x20 /opt/avrada/avr/lib/gnat/avr_lib/atmega328p/lib/libavrada.a(avr-uart.o)
 .text.avr__uart__put__2
                0x00000000000009ca       0x60 /opt/avrada/avr/lib/gnat/avr_lib/atmega328p/lib/libavrada.a(avr-uart.o)
                0x00000000000009ca                avr__uart__put__2
 .text.avr__uart__new_line
                0x0000000000000a2a        0x4 /opt/avrada/avr/lib/gnat/avr_lib/atmega328p/lib/libavrada.a(avr-uart.o)
                0x0000000000000a2a                avr__uart__new_line
 .text.avr__uart__put_line
                0x0000000000000a2e        0x4 /opt/avrada/avr/lib/gnat/avr_lib/atmega328p/lib/libavrada.a(avr-uart.o)
                0x0000000000000a2e                avr__uart__put_line
 .text.avr__uart__crlf
                0x0000000000000a32        0x8 /opt/avrada/avr/lib/gnat/avr_lib/atmega328p/lib/libavrada.a(avr-uart.o)
                0x0000000000000a32                avr__uart__crlf
 .text.avr__uart__put__5
                0x0000000000000a3a       0x5c /opt/avrada/avr/lib/gnat/avr_lib/atmega328p/lib/libavrada.a(avr-uart.o)
                0x0000000000000a3a                avr__uart__put__5
 .text.avr__uart__put__6
                0x0000000000000a96       0xa2 /opt/avrada/avr/lib/gnat/avr_lib/atmega328p/lib/libavrada.a(avr-uart.o)
                0x0000000000000a96                avr__uart__put__6
 .text.__vector_18
                0x0000000000000b38       0x86 /opt/avrada/avr/lib/gnat/avr_lib/atmega328p/lib/libavrada.a(avr-uart.o)
                0x0000000000000b38                __vector_18
 .text._ada_avr__real_time__clock
                0x0000000000000bbe       0x42 /opt/avrada/avr/lib/gnat/avr_lib/atmega328p/lib/libavrada.a(avr-real_time-clock.o)
                0x0000000000000bbe                _ada_avr__real_time__clock
 .text.avr__timer0__init_ctc
                0x0000000000000c00       0x1a /opt/avrada/avr/lib/gnat/avr_lib/atmega328p/lib/libavrada.a(avr-timer0.o)
                0x0000000000000c00                avr__timer0__init_ctc
 .text.avr__real_time__Oadd
                0x0000000000000c1a       0x9a /opt/avrada/avr/lib/gnat/avr_lib/atmega328p/lib/libavrada.a(avr-real_time.o)
                0x0000000000000c1a                avr__real_time__Oadd
 .text.avr__real_time__Ogt
                0x0000000000000cb4       0x82 /opt/avrada/avr/lib/gnat/avr_lib/atmega328p/lib/libavrada.a(avr-real_time.o)
                0x0000000000000cb4                avr__real_time__Ogt
 .text.avr__int_img__nibble_hex_img
                0x0000000000000d36        0xc /opt/avrada/avr/lib/gnat/avr_lib/atmega328p/lib/libavrada.a(avr-int_img.o)
                0x0000000000000d36                avr__int_img__nibble_hex_img
 .text.avr__int_img__u8_hex_img
                0x0000000000000d42       0x2a /opt/avrada/avr/lib/gnat/avr_lib/atmega328p/lib/libavrada.a(avr-int_img.o)
                0x0000000000000d42                avr__int_img__u8_hex_img
 .text.avr__int_img__u32_img
                0x0000000000000d6c       0x80 /opt/avrada/avr/lib/gnat/avr_lib/atmega328p/lib/libavrada.a(avr-int_img.o)
                0x0000000000000d6c                avr__int_img__u32_img
 .text.avr__int_img__u16_img
                0x0000000000000dec       0x82 /opt/avrada/avr/lib/gnat/avr_lib/atmega328p/lib/libavrada.a(avr-int_img.o)
                0x0000000000000dec                avr__int_img__u16_img
 .text.avr__int_img__u8_img
                0x0000000000000e6e       0x98 /opt/avrada/avr/lib/gnat/avr_lib/atmega328p/lib/libavrada.a(avr-int_img.o)
                0x0000000000000e6e                avr__int_img__u8_img
 .text.avr__sleep__set_mode
                0x0000000000000f06       0x5e /opt/avrada/avr/lib/gnat/avr_lib/atmega328p/lib/libavrada.a(avr-sleep.o)
                0x0000000000000f06                avr__sleep__set_mode
 .text.libgcc.div
                0x0000000000000f64       0x28 /opt/avrada/lib/gcc/avr/4.7.0/avr5/libgcc.a(_udivmodhi4.o)
                0x0000000000000f64                __udivmodhi4
 .text.libgcc.div
                0x0000000000000f8c       0x26 /opt/avrada/lib/gcc/avr/4.7.0/avr5/libgcc.a(_divmodhi4.o)
                0x0000000000000f8c                __divmodhi4
                0x0000000000000f8c                _div
                0x0000000000000fb2                . = ALIGN (0x2)
 *(.fini9)
 .fini9         0x0000000000000fb2        0x0 /opt/avrada/lib/gcc/avr/4.7.0/avr5/libgcc.a(_exit.o)
                0x0000000000000fb2                exit
                0x0000000000000fb2                _exit
 *(.fini9)
 *(.fini8)
 *(.fini8)
 *(.fini7)
 *(.fini7)
 *(.fini6)
 *(.fini6)
 *(.fini5)
 *(.fini5)
 *(.fini4)
 *(.fini4)
 *(.fini3)
 *(.fini3)
 *(.fini2)
 *(.fini2)
 *(.fini1)
 *(.fini1)
 *(.fini0)
 .fini0         0x0000000000000fb2        0x4 /opt/avrada/lib/gcc/avr/4.7.0/avr5/libgcc.a(_exit.o)
 *(.fini0)
                0x0000000000000fb6                _etext = .

.data           0x0000000000800100      0x106 load address 0x0000000000000fb6
                0x0000000000800100                PROVIDE (__data_start, .)
 *(.data)
 *(.data*)
 .data.two_wire_E
                0x0000000000800100        0x2 /home/helipse/Dropbox/AdaProg/AdaProg/20_1 - I2C MPU6050 - twi/objects/two_wire.o
                0x0000000000800100                two_wire_E
 .data.i2c_mpu6050_E
                0x0000000000800102        0x2 /home/helipse/Dropbox/AdaProg/AdaProg/20_1 - I2C MPU6050 - twi/objects/i2c_mpu6050.o
                0x0000000000800102                i2c_mpu6050_E
 .data.avr__real_time__delays_E
                0x0000000000800104        0x2 /opt/avrada/avr/lib/gnat/avr_lib/atmega328p/lib/libavrada.a(avr-real_time-delays.o)
                0x0000000000800104                avr__real_time__delays_E
 .data.avr__real_time__clock_impl_E
                0x0000000000800106        0x2 /opt/avrada/avr/lib/gnat/avr_lib/atmega328p/lib/libavrada.a(avr-real_time-clock_impl.o)
                0x0000000000800106                avr__real_time__clock_impl_E
 .data.avr__uart__rx_buf
                0x0000000000800108        0x4 /opt/avrada/avr/lib/gnat/avr_lib/atmega328p/lib/libavrada.a(avr-uart.o)
                0x0000000000800108                avr__uart__rx_buf
 .data.avr__real_time__clock_E
                0x000000000080010c        0x2 /opt/avrada/avr/lib/gnat/avr_lib/atmega328p/lib/libavrada.a(avr-real_time-clock.o)
                0x000000000080010c                avr__real_time__clock_E
 *(.rodata)
 .rodata        0x000000000080010e       0x87 /home/helipse/Dropbox/AdaProg/AdaProg/20_1 - I2C MPU6050 - twi/objects/main.o
 .rodata        0x0000000000800195        0x4 /home/helipse/Dropbox/AdaProg/AdaProg/20_1 - I2C MPU6050 - twi/objects/i2c_mpu6050.o
 .rodata        0x0000000000800199       0x49 /opt/avrada/avr/lib/gnat/avr_lib/atmega328p/lib/libavrada.a(avr-uart.o)
 *(.rodata*)
 .rodata.avr__int_img__dig_32
                0x00000000008001e2       0x24 /opt/avrada/avr/lib/gnat/avr_lib/atmega328p/lib/libavrada.a(avr-int_img.o)
 *(.gnu.linkonce.d*)
                0x0000000000800206                . = ALIGN (0x2)
                0x0000000000800206                _edata = .
                0x0000000000800206                PROVIDE (__data_end, .)

.bss            0x0000000000800206       0x2e
                0x0000000000800206                PROVIDE (__bss_start, .)
 *(.bss)
 *(.bss*)
 .bss.two_wire__twi_sla_rw
                0x0000000000800206        0x1 /home/helipse/Dropbox/AdaProg/AdaProg/20_1 - I2C MPU6050 - twi/objects/two_wire.o
 .bss.two_wire__twi_state
                0x0000000000800207        0x1 /home/helipse/Dropbox/AdaProg/AdaProg/20_1 - I2C MPU6050 - twi/objects/two_wire.o
 .bss.two_wire__twi_error_state
                0x0000000000800208        0x1 /home/helipse/Dropbox/AdaProg/AdaProg/20_1 - I2C MPU6050 - twi/objects/two_wire.o
 .bss.two_wire__data_index
                0x0000000000800209        0x1 /home/helipse/Dropbox/AdaProg/AdaProg/20_1 - I2C MPU6050 - twi/objects/two_wire.o
 .bss.two_wire__data_max
                0x000000000080020a        0x1 /home/helipse/Dropbox/AdaProg/AdaProg/20_1 - I2C MPU6050 - twi/objects/two_wire.o
 .bss.two_wire__data_sent
                0x000000000080020b        0x1 /home/helipse/Dropbox/AdaProg/AdaProg/20_1 - I2C MPU6050 - twi/objects/two_wire.o
 .bss.two_wire__data_received
                0x000000000080020c        0x1 /home/helipse/Dropbox/AdaProg/AdaProg/20_1 - I2C MPU6050 - twi/objects/two_wire.o
 .bss.two_wire__buffer
                0x000000000080020d       0x20 /home/helipse/Dropbox/AdaProg/AdaProg/20_1 - I2C MPU6050 - twi/objects/two_wire.o
 .bss.avr__real_time__clock_impl__now
                0x000000000080022d        0x6 /opt/avrada/avr/lib/gnat/avr_lib/atmega328p/lib/libavrada.a(avr-real_time-clock_impl.o)
                0x000000000080022d                avr__real_time__clock_impl__now
 .bss.avr__uart__rx_inx
                0x0000000000800233        0x1 /opt/avrada/avr/lib/gnat/avr_lib/atmega328p/lib/libavrada.a(avr-uart.o)
                0x0000000000800233                avr__uart__rx_inx
 *(COMMON)
                0x0000000000800234                PROVIDE (__bss_end, .)
                0x0000000000000fb6                __data_load_start = LOADADDR (.data)
                0x00000000000010bc                __data_load_end = (__data_load_start + SIZEOF (.data))

.noinit         0x0000000000800234        0x0
                0x0000000000800234                PROVIDE (__noinit_start, .)
 *(.noinit*)
                0x0000000000800234                PROVIDE (__noinit_end, .)
                0x0000000000800234                _end = .
                0x0000000000800234                PROVIDE (__heap_start, .)

.eeprom         0x0000000000810000        0x0
 *(.eeprom*)
                0x0000000000810000                __eeprom_end = .

.fuse
 *(.fuse)
 *(.lfuse)
 *(.hfuse)
 *(.efuse)

.lock
 *(.lock*)

.signature
 *(.signature*)

.stab           0x0000000000000000      0x7bc
 *(.stab)
 .stab          0x0000000000000000      0x6cc /opt/avrada/lib/gcc/avr/4.7.0/../../../../avr/lib/avr5/crtm328p.o
 .stab          0x00000000000006cc       0x18 /opt/avrada/lib/gcc/avr/4.7.0/../../../../avr/lib/avr5/libc.a(itoa.o)
                                        0x1bc (size before relaxing)
 .stab          0x00000000000006e4       0xd8 /opt/avrada/lib/gcc/avr/4.7.0/../../../../avr/lib/avr5/libc.a(strrev.o)
                                         0xe4 (size before relaxing)

.stabstr        0x0000000000000000       0xb4
 *(.stabstr)
 .stabstr       0x0000000000000000       0xb4 /opt/avrada/lib/gcc/avr/4.7.0/../../../../avr/lib/avr5/crtm328p.o

.stab.excl
 *(.stab.excl)

.stab.exclstr
 *(.stab.exclstr)

.stab.index
 *(.stab.index)

.stab.indexstr
 *(.stab.indexstr)

.comment        0x0000000000000000       0x11
 *(.comment)
 .comment       0x0000000000000000       0x11 b~main.o
                                         0x12 (size before relaxing)
 .comment       0x0000000000000000       0x12 /opt/avrada/lib/gcc/avr/4.7.0/rts/avr5/adalib/ada.o
 .comment       0x0000000000000000       0x12 /opt/avrada/lib/gcc/avr/4.7.0/rts/avr5/adalib/a-calend.o
 .comment       0x0000000000000000       0x12 /opt/avrada/lib/gcc/avr/4.7.0/rts/avr5/adalib/interfac.o
 .comment       0x0000000000000000       0x12 /opt/avrada/lib/gcc/avr/4.7.0/rts/avr5/adalib/system.o
 .comment       0x0000000000000000       0x12 /opt/avrada/lib/gcc/avr/4.7.0/rts/avr5/adalib/a-except.o
 .comment       0x0000000000000000       0x12 /opt/avrada/lib/gcc/avr/4.7.0/rts/avr5/adalib/s-maccod.o
 .comment       0x0000000000000000       0x12 /opt/avrada/lib/gcc/avr/4.7.0/rts/avr5/adalib/s-stoele.o
 .comment       0x0000000000000000       0x12 /opt/avrada/lib/gcc/avr/4.7.0/rts/avr5/adalib/s-unstyp.o
 .comment       0x0000000000000000       0x12 /opt/avrada/lib/gcc/avr/4.7.0/rts/avr5/adalib/a-caldel.o
 .comment       0x0000000000000000       0x12 /home/helipse/Dropbox/AdaProg/AdaProg/20_1 - I2C MPU6050 - twi/objects/main.o
 .comment       0x0000000000000000       0x12 /home/helipse/Dropbox/AdaProg/AdaProg/20_1 - I2C MPU6050 - twi/objects/two_wire.o
 .comment       0x0000000000000000       0x12 /home/helipse/Dropbox/AdaProg/AdaProg/20_1 - I2C MPU6050 - twi/objects/i2c_mpu6050.o
 .comment       0x0000000000000000       0x12 /opt/avrada/avr/lib/gnat/avr_lib/atmega328p/lib/libavrada.a(avr-real_time-delays.o)
 .comment       0x0000000000000000       0x12 /opt/avrada/avr/lib/gnat/avr_lib/atmega328p/lib/libavrada.a(avr-real_time-clock_impl.o)
 .comment       0x0000000000000000       0x12 /opt/avrada/avr/lib/gnat/avr_lib/atmega328p/lib/libavrada.a(avr-uart.o)
 .comment       0x0000000000000000       0x12 /opt/avrada/avr/lib/gnat/avr_lib/atmega328p/lib/libavrada.a(avr-real_time-clock.o)
 .comment       0x0000000000000000       0x12 /opt/avrada/avr/lib/gnat/avr_lib/atmega328p/lib/libavrada.a(avr-timer0.o)
 .comment       0x0000000000000000       0x12 /opt/avrada/avr/lib/gnat/avr_lib/atmega328p/lib/libavrada.a(avr-real_time.o)
 .comment       0x0000000000000000       0x12 /opt/avrada/avr/lib/gnat/avr_lib/atmega328p/lib/libavrada.a(avr-int_img.o)
 .comment       0x0000000000000000       0x12 /opt/avrada/avr/lib/gnat/avr_lib/atmega328p/lib/libavrada.a(avr-sleep.o)

.debug
 *(.debug)

.line
 *(.line)

.debug_srcinfo
 *(.debug_srcinfo)

.debug_sfnames
 *(.debug_sfnames)

.debug_aranges  0x0000000000000000      0x7a0
 *(.debug_aranges)
 .debug_aranges
                0x0000000000000000       0x28 b~main.o
 .debug_aranges
                0x0000000000000028       0x18 /opt/avrada/lib/gcc/avr/4.7.0/rts/avr5/adalib/interfac.o
 .debug_aranges
                0x0000000000000040       0x18 /opt/avrada/lib/gcc/avr/4.7.0/rts/avr5/adalib/system.o
 .debug_aranges
                0x0000000000000058       0x28 /opt/avrada/lib/gcc/avr/4.7.0/rts/avr5/adalib/a-except.o
 .debug_aranges
                0x0000000000000080       0x18 /opt/avrada/lib/gcc/avr/4.7.0/rts/avr5/adalib/s-maccod.o
 .debug_aranges
                0x0000000000000098       0x60 /opt/avrada/lib/gcc/avr/4.7.0/rts/avr5/adalib/s-stoele.o
 .debug_aranges
                0x00000000000000f8       0x18 /opt/avrada/lib/gcc/avr/4.7.0/rts/avr5/adalib/s-unstyp.o
 .debug_aranges
                0x0000000000000110       0x18 /opt/avrada/lib/gcc/avr/4.7.0/rts/avr5/adalib/a-caldel.o
 .debug_aranges
                0x0000000000000128       0x20 /home/helipse/Dropbox/AdaProg/AdaProg/20_1 - I2C MPU6050 - twi/objects/main.o
 .debug_aranges
                0x0000000000000148       0x68 /home/helipse/Dropbox/AdaProg/AdaProg/20_1 - I2C MPU6050 - twi/objects/two_wire.o
 .debug_aranges
                0x00000000000001b0       0x60 /home/helipse/Dropbox/AdaProg/AdaProg/20_1 - I2C MPU6050 - twi/objects/i2c_mpu6050.o
 .debug_aranges
                0x0000000000000210       0x28 /opt/avrada/avr/lib/gnat/avr_lib/atmega328p/lib/libavrada.a(avr-real_time-delays.o)
 .debug_aranges
                0x0000000000000238       0x28 /opt/avrada/avr/lib/gnat/avr_lib/atmega328p/lib/libavrada.a(avr-real_time-clock_impl.o)
 .debug_aranges
                0x0000000000000260       0xd8 /opt/avrada/avr/lib/gnat/avr_lib/atmega328p/lib/libavrada.a(avr-uart.o)
 .debug_aranges
                0x0000000000000338       0x20 /opt/avrada/avr/lib/gnat/avr_lib/atmega328p/lib/libavrada.a(avr-real_time-clock.o)
 .debug_aranges
                0x0000000000000358       0xa8 /opt/avrada/avr/lib/gnat/avr_lib/atmega328p/lib/libavrada.a(avr-timer0.o)
 .debug_aranges
                0x0000000000000400      0x160 /opt/avrada/avr/lib/gnat/avr_lib/atmega328p/lib/libavrada.a(avr-real_time.o)
 .debug_aranges
                0x0000000000000560       0x60 /opt/avrada/avr/lib/gnat/avr_lib/atmega328p/lib/libavrada.a(avr-int_img.o)
 .debug_aranges
                0x00000000000005c0       0x40 /opt/avrada/avr/lib/gnat/avr_lib/atmega328p/lib/libavrada.a(avr-sleep.o)
 .debug_aranges
                0x0000000000000600       0x20 /opt/avrada/lib/gcc/avr/4.7.0/avr5/libgcc.a(_usmulhisi3.o)
 .debug_aranges
                0x0000000000000620       0x20 /opt/avrada/lib/gcc/avr/4.7.0/avr5/libgcc.a(_muluhisi3.o)
 .debug_aranges
                0x0000000000000640       0x20 /opt/avrada/lib/gcc/avr/4.7.0/avr5/libgcc.a(_mulshisi3.o)
 .debug_aranges
                0x0000000000000660       0x20 /opt/avrada/lib/gcc/avr/4.7.0/avr5/libgcc.a(_mulsi3.o)
 .debug_aranges
                0x0000000000000680       0x20 /opt/avrada/lib/gcc/avr/4.7.0/avr5/libgcc.a(_udivmodqi4.o)
 .debug_aranges
                0x00000000000006a0       0x20 /opt/avrada/lib/gcc/avr/4.7.0/avr5/libgcc.a(_udivmodhi4.o)
 .debug_aranges
                0x00000000000006c0       0x20 /opt/avrada/lib/gcc/avr/4.7.0/avr5/libgcc.a(_divmodhi4.o)
 .debug_aranges
                0x00000000000006e0       0x20 /opt/avrada/lib/gcc/avr/4.7.0/avr5/libgcc.a(_divmodsi4.o)
 .debug_aranges
                0x0000000000000700       0x20 /opt/avrada/lib/gcc/avr/4.7.0/avr5/libgcc.a(_exit.o)
 .debug_aranges
                0x0000000000000720       0x20 /opt/avrada/lib/gcc/avr/4.7.0/avr5/libgcc.a(_copy_data.o)
 .debug_aranges
                0x0000000000000740       0x20 /opt/avrada/lib/gcc/avr/4.7.0/avr5/libgcc.a(_clear_bss.o)
 .debug_aranges
                0x0000000000000760       0x20 /opt/avrada/lib/gcc/avr/4.7.0/avr5/libgcc.a(_umulhisi3.o)
 .debug_aranges
                0x0000000000000780       0x20 /opt/avrada/lib/gcc/avr/4.7.0/avr5/libgcc.a(_udivmodsi4.o)

.debug_pubnames
 *(.debug_pubnames)

.debug_info     0x0000000000000000     0x5f04
 *(.debug_info)
 .debug_info    0x0000000000000000      0x53d b~main.o
 .debug_info    0x000000000000053d       0x61 /opt/avrada/lib/gcc/avr/4.7.0/rts/avr5/adalib/interfac.o
 .debug_info    0x000000000000059e      0x308 /opt/avrada/lib/gcc/avr/4.7.0/rts/avr5/adalib/system.o
 .debug_info    0x00000000000008a6      0x1bb /opt/avrada/lib/gcc/avr/4.7.0/rts/avr5/adalib/a-except.o
 .debug_info    0x0000000000000a61       0x8c /opt/avrada/lib/gcc/avr/4.7.0/rts/avr5/adalib/s-maccod.o
 .debug_info    0x0000000000000aed      0x1ff /opt/avrada/lib/gcc/avr/4.7.0/rts/avr5/adalib/s-stoele.o
 .debug_info    0x0000000000000cec       0x72 /opt/avrada/lib/gcc/avr/4.7.0/rts/avr5/adalib/s-unstyp.o
 .debug_info    0x0000000000000d5e       0x2e /opt/avrada/lib/gcc/avr/4.7.0/rts/avr5/adalib/a-caldel.o
 .debug_info    0x0000000000000d8c      0x61b /home/helipse/Dropbox/AdaProg/AdaProg/20_1 - I2C MPU6050 - twi/objects/main.o
 .debug_info    0x00000000000013a7      0x494 /home/helipse/Dropbox/AdaProg/AdaProg/20_1 - I2C MPU6050 - twi/objects/two_wire.o
 .debug_info    0x000000000000183b      0x6ff /home/helipse/Dropbox/AdaProg/AdaProg/20_1 - I2C MPU6050 - twi/objects/i2c_mpu6050.o
 .debug_info    0x0000000000001f3a      0x24e /opt/avrada/avr/lib/gnat/avr_lib/atmega328p/lib/libavrada.a(avr-real_time-delays.o)
 .debug_info    0x0000000000002188      0x145 /opt/avrada/avr/lib/gnat/avr_lib/atmega328p/lib/libavrada.a(avr-real_time-clock_impl.o)
 .debug_info    0x00000000000022cd     0x10a2 /opt/avrada/avr/lib/gnat/avr_lib/atmega328p/lib/libavrada.a(avr-uart.o)
 .debug_info    0x000000000000336f       0xa9 /opt/avrada/avr/lib/gnat/avr_lib/atmega328p/lib/libavrada.a(avr-real_time-clock.o)
 .debug_info    0x0000000000003418      0x512 /opt/avrada/avr/lib/gnat/avr_lib/atmega328p/lib/libavrada.a(avr-timer0.o)
 .debug_info    0x000000000000392a     0x1409 /opt/avrada/avr/lib/gnat/avr_lib/atmega328p/lib/libavrada.a(avr-real_time.o)
 .debug_info    0x0000000000004d33      0x7e1 /opt/avrada/avr/lib/gnat/avr_lib/atmega328p/lib/libavrada.a(avr-int_img.o)
 .debug_info    0x0000000000005514      0x279 /opt/avrada/avr/lib/gnat/avr_lib/atmega328p/lib/libavrada.a(avr-sleep.o)
 .debug_info    0x000000000000578d       0x93 /opt/avrada/lib/gcc/avr/4.7.0/avr5/libgcc.a(_usmulhisi3.o)
 .debug_info    0x0000000000005820       0x93 /opt/avrada/lib/gcc/avr/4.7.0/avr5/libgcc.a(_muluhisi3.o)
 .debug_info    0x00000000000058b3       0x93 /opt/avrada/lib/gcc/avr/4.7.0/avr5/libgcc.a(_mulshisi3.o)
 .debug_info    0x0000000000005946       0x93 /opt/avrada/lib/gcc/avr/4.7.0/avr5/libgcc.a(_mulsi3.o)
 .debug_info    0x00000000000059d9       0x93 /opt/avrada/lib/gcc/avr/4.7.0/avr5/libgcc.a(_udivmodqi4.o)
 .debug_info    0x0000000000005a6c       0x93 /opt/avrada/lib/gcc/avr/4.7.0/avr5/libgcc.a(_udivmodhi4.o)
 .debug_info    0x0000000000005aff       0x93 /opt/avrada/lib/gcc/avr/4.7.0/avr5/libgcc.a(_divmodhi4.o)
 .debug_info    0x0000000000005b92       0x93 /opt/avrada/lib/gcc/avr/4.7.0/avr5/libgcc.a(_divmodsi4.o)
 .debug_info    0x0000000000005c25       0x93 /opt/avrada/lib/gcc/avr/4.7.0/avr5/libgcc.a(_exit.o)
 .debug_info    0x0000000000005cb8       0x93 /opt/avrada/lib/gcc/avr/4.7.0/avr5/libgcc.a(_copy_data.o)
 .debug_info    0x0000000000005d4b       0x93 /opt/avrada/lib/gcc/avr/4.7.0/avr5/libgcc.a(_clear_bss.o)
 .debug_info    0x0000000000005dde       0x93 /opt/avrada/lib/gcc/avr/4.7.0/avr5/libgcc.a(_umulhisi3.o)
 .debug_info    0x0000000000005e71       0x93 /opt/avrada/lib/gcc/avr/4.7.0/avr5/libgcc.a(_udivmodsi4.o)
 *(.gnu.linkonce.wi.*)

.debug_abbrev   0x0000000000000000     0x1e20
 *(.debug_abbrev)
 .debug_abbrev  0x0000000000000000       0xf4 b~main.o
 .debug_abbrev  0x00000000000000f4       0x28 /opt/avrada/lib/gcc/avr/4.7.0/rts/avr5/adalib/interfac.o
 .debug_abbrev  0x000000000000011c       0x95 /opt/avrada/lib/gcc/avr/4.7.0/rts/avr5/adalib/system.o
 .debug_abbrev  0x00000000000001b1      0x149 /opt/avrada/lib/gcc/avr/4.7.0/rts/avr5/adalib/a-except.o
 .debug_abbrev  0x00000000000002fa       0x4d /opt/avrada/lib/gcc/avr/4.7.0/rts/avr5/adalib/s-maccod.o
 .debug_abbrev  0x0000000000000347       0x92 /opt/avrada/lib/gcc/avr/4.7.0/rts/avr5/adalib/s-stoele.o
 .debug_abbrev  0x00000000000003d9       0x1b /opt/avrada/lib/gcc/avr/4.7.0/rts/avr5/adalib/s-unstyp.o
 .debug_abbrev  0x00000000000003f4       0x1d /opt/avrada/lib/gcc/avr/4.7.0/rts/avr5/adalib/a-caldel.o
 .debug_abbrev  0x0000000000000411      0x1e4 /home/helipse/Dropbox/AdaProg/AdaProg/20_1 - I2C MPU6050 - twi/objects/main.o
 .debug_abbrev  0x00000000000005f5      0x2aa /home/helipse/Dropbox/AdaProg/AdaProg/20_1 - I2C MPU6050 - twi/objects/two_wire.o
 .debug_abbrev  0x000000000000089f      0x20a /home/helipse/Dropbox/AdaProg/AdaProg/20_1 - I2C MPU6050 - twi/objects/i2c_mpu6050.o
 .debug_abbrev  0x0000000000000aa9      0x1af /opt/avrada/avr/lib/gnat/avr_lib/atmega328p/lib/libavrada.a(avr-real_time-delays.o)
 .debug_abbrev  0x0000000000000c58      0x12c /opt/avrada/avr/lib/gnat/avr_lib/atmega328p/lib/libavrada.a(avr-real_time-clock_impl.o)
 .debug_abbrev  0x0000000000000d84      0x50c /opt/avrada/avr/lib/gnat/avr_lib/atmega328p/lib/libavrada.a(avr-uart.o)
 .debug_abbrev  0x0000000000001290       0x8c /opt/avrada/avr/lib/gnat/avr_lib/atmega328p/lib/libavrada.a(avr-real_time-clock.o)
 .debug_abbrev  0x000000000000131c      0x22f /opt/avrada/avr/lib/gnat/avr_lib/atmega328p/lib/libavrada.a(avr-timer0.o)
 .debug_abbrev  0x000000000000154b      0x372 /opt/avrada/avr/lib/gnat/avr_lib/atmega328p/lib/libavrada.a(avr-real_time.o)
 .debug_abbrev  0x00000000000018bd      0x279 /opt/avrada/avr/lib/gnat/avr_lib/atmega328p/lib/libavrada.a(avr-int_img.o)
 .debug_abbrev  0x0000000000001b36      0x1e6 /opt/avrada/avr/lib/gnat/avr_lib/atmega328p/lib/libavrada.a(avr-sleep.o)
 .debug_abbrev  0x0000000000001d1c       0x14 /opt/avrada/lib/gcc/avr/4.7.0/avr5/libgcc.a(_usmulhisi3.o)
 .debug_abbrev  0x0000000000001d30       0x14 /opt/avrada/lib/gcc/avr/4.7.0/avr5/libgcc.a(_muluhisi3.o)
 .debug_abbrev  0x0000000000001d44       0x14 /opt/avrada/lib/gcc/avr/4.7.0/avr5/libgcc.a(_mulshisi3.o)
 .debug_abbrev  0x0000000000001d58       0x14 /opt/avrada/lib/gcc/avr/4.7.0/avr5/libgcc.a(_mulsi3.o)
 .debug_abbrev  0x0000000000001d6c       0x14 /opt/avrada/lib/gcc/avr/4.7.0/avr5/libgcc.a(_udivmodqi4.o)
 .debug_abbrev  0x0000000000001d80       0x14 /opt/avrada/lib/gcc/avr/4.7.0/avr5/libgcc.a(_udivmodhi4.o)
 .debug_abbrev  0x0000000000001d94       0x14 /opt/avrada/lib/gcc/avr/4.7.0/avr5/libgcc.a(_divmodhi4.o)
 .debug_abbrev  0x0000000000001da8       0x14 /opt/avrada/lib/gcc/avr/4.7.0/avr5/libgcc.a(_divmodsi4.o)
 .debug_abbrev  0x0000000000001dbc       0x14 /opt/avrada/lib/gcc/avr/4.7.0/avr5/libgcc.a(_exit.o)
 .debug_abbrev  0x0000000000001dd0       0x14 /opt/avrada/lib/gcc/avr/4.7.0/avr5/libgcc.a(_copy_data.o)
 .debug_abbrev  0x0000000000001de4       0x14 /opt/avrada/lib/gcc/avr/4.7.0/avr5/libgcc.a(_clear_bss.o)
 .debug_abbrev  0x0000000000001df8       0x14 /opt/avrada/lib/gcc/avr/4.7.0/avr5/libgcc.a(_umulhisi3.o)
 .debug_abbrev  0x0000000000001e0c       0x14 /opt/avrada/lib/gcc/avr/4.7.0/avr5/libgcc.a(_udivmodsi4.o)

.debug_line     0x0000000000000000     0x1f7e
 *(.debug_line)
 .debug_line    0x0000000000000000       0xa7 b~main.o
 .debug_line    0x00000000000000a7        0x0 /opt/avrada/lib/gcc/avr/4.7.0/rts/avr5/adalib/ada.o
 .debug_line    0x00000000000000a7        0x0 /opt/avrada/lib/gcc/avr/4.7.0/rts/avr5/adalib/a-calend.o
 .debug_line    0x00000000000000a7       0x1a /opt/avrada/lib/gcc/avr/4.7.0/rts/avr5/adalib/interfac.o
 .debug_line    0x00000000000000c1       0x36 /opt/avrada/lib/gcc/avr/4.7.0/rts/avr5/adalib/system.o
 .debug_line    0x00000000000000f7       0x76 /opt/avrada/lib/gcc/avr/4.7.0/rts/avr5/adalib/a-except.o
 .debug_line    0x000000000000016d       0x38 /opt/avrada/lib/gcc/avr/4.7.0/rts/avr5/adalib/s-maccod.o
 .debug_line    0x00000000000001a5       0xc7 /opt/avrada/lib/gcc/avr/4.7.0/rts/avr5/adalib/s-stoele.o
 .debug_line    0x000000000000026c       0x1a /opt/avrada/lib/gcc/avr/4.7.0/rts/avr5/adalib/s-unstyp.o
 .debug_line    0x0000000000000286       0x1a /opt/avrada/lib/gcc/avr/4.7.0/rts/avr5/adalib/a-caldel.o
 .debug_line    0x00000000000002a0      0x1e8 /home/helipse/Dropbox/AdaProg/AdaProg/20_1 - I2C MPU6050 - twi/objects/main.o
 .debug_line    0x0000000000000488      0x1ef /home/helipse/Dropbox/AdaProg/AdaProg/20_1 - I2C MPU6050 - twi/objects/two_wire.o
 .debug_line    0x0000000000000677      0x1ba /home/helipse/Dropbox/AdaProg/AdaProg/20_1 - I2C MPU6050 - twi/objects/i2c_mpu6050.o
 .debug_line    0x0000000000000831      0x18b /opt/avrada/avr/lib/gnat/avr_lib/atmega328p/lib/libavrada.a(avr-real_time-delays.o)
 .debug_line    0x00000000000009bc       0xf5 /opt/avrada/avr/lib/gnat/avr_lib/atmega328p/lib/libavrada.a(avr-real_time-clock_impl.o)
 .debug_line    0x0000000000000ab1      0x462 /opt/avrada/avr/lib/gnat/avr_lib/atmega328p/lib/libavrada.a(avr-uart.o)
 .debug_line    0x0000000000000f13       0xb0 /opt/avrada/avr/lib/gnat/avr_lib/atmega328p/lib/libavrada.a(avr-real_time-clock.o)
 .debug_line    0x0000000000000fc3      0x29a /opt/avrada/avr/lib/gnat/avr_lib/atmega328p/lib/libavrada.a(avr-timer0.o)
 .debug_line    0x000000000000125d      0x473 /opt/avrada/avr/lib/gnat/avr_lib/atmega328p/lib/libavrada.a(avr-real_time.o)
 .debug_line    0x00000000000016d0      0x1ac /opt/avrada/avr/lib/gnat/avr_lib/atmega328p/lib/libavrada.a(avr-int_img.o)
 .debug_line    0x000000000000187c      0x16c /opt/avrada/avr/lib/gnat/avr_lib/atmega328p/lib/libavrada.a(avr-sleep.o)
 .debug_line    0x00000000000019e8       0x66 /opt/avrada/lib/gcc/avr/4.7.0/avr5/libgcc.a(_usmulhisi3.o)
 .debug_line    0x0000000000001a4e       0x6a /opt/avrada/lib/gcc/avr/4.7.0/avr5/libgcc.a(_muluhisi3.o)
 .debug_line    0x0000000000001ab8       0x66 /opt/avrada/lib/gcc/avr/4.7.0/avr5/libgcc.a(_mulshisi3.o)
 .debug_line    0x0000000000001b1e       0x6f /opt/avrada/lib/gcc/avr/4.7.0/avr5/libgcc.a(_mulsi3.o)
 .debug_line    0x0000000000001b8d       0x6c /opt/avrada/lib/gcc/avr/4.7.0/avr5/libgcc.a(_udivmodqi4.o)
 .debug_line    0x0000000000001bf9       0x74 /opt/avrada/lib/gcc/avr/4.7.0/avr5/libgcc.a(_udivmodhi4.o)
 .debug_line    0x0000000000001c6d       0x73 /opt/avrada/lib/gcc/avr/4.7.0/avr5/libgcc.a(_divmodhi4.o)
 .debug_line    0x0000000000001ce0       0x7b /opt/avrada/lib/gcc/avr/4.7.0/avr5/libgcc.a(_divmodsi4.o)
 .debug_line    0x0000000000001d5b       0x62 /opt/avrada/lib/gcc/avr/4.7.0/avr5/libgcc.a(_exit.o)
 .debug_line    0x0000000000001dbd       0x6b /opt/avrada/lib/gcc/avr/4.7.0/avr5/libgcc.a(_copy_data.o)
 .debug_line    0x0000000000001e28       0x68 /opt/avrada/lib/gcc/avr/4.7.0/avr5/libgcc.a(_clear_bss.o)
 .debug_line    0x0000000000001e90       0x6c /opt/avrada/lib/gcc/avr/4.7.0/avr5/libgcc.a(_umulhisi3.o)
 .debug_line    0x0000000000001efc       0x82 /opt/avrada/lib/gcc/avr/4.7.0/avr5/libgcc.a(_udivmodsi4.o)

.debug_frame    0x0000000000000000     0x11e4
 *(.debug_frame)
 .debug_frame   0x0000000000000000       0x34 b~main.o
 .debug_frame   0x0000000000000034       0x34 /opt/avrada/lib/gcc/avr/4.7.0/rts/avr5/adalib/a-except.o
 .debug_frame   0x0000000000000068       0x34 /opt/avrada/lib/gcc/avr/4.7.0/rts/avr5/adalib/s-maccod.o
 .debug_frame   0x000000000000009c       0xa4 /opt/avrada/lib/gcc/avr/4.7.0/rts/avr5/adalib/s-stoele.o
 .debug_frame   0x0000000000000140       0x24 /opt/avrada/lib/gcc/avr/4.7.0/rts/avr5/adalib/s-unstyp.o
 .debug_frame   0x0000000000000164       0x34 /opt/avrada/lib/gcc/avr/4.7.0/rts/avr5/adalib/a-caldel.o
 .debug_frame   0x0000000000000198       0x34 /home/helipse/Dropbox/AdaProg/AdaProg/20_1 - I2C MPU6050 - twi/objects/main.o
 .debug_frame   0x00000000000001cc      0x108 /home/helipse/Dropbox/AdaProg/AdaProg/20_1 - I2C MPU6050 - twi/objects/two_wire.o
 .debug_frame   0x00000000000002d4      0x13c /home/helipse/Dropbox/AdaProg/AdaProg/20_1 - I2C MPU6050 - twi/objects/i2c_mpu6050.o
 .debug_frame   0x0000000000000410       0x90 /opt/avrada/avr/lib/gnat/avr_lib/atmega328p/lib/libavrada.a(avr-real_time-delays.o)
 .debug_frame   0x00000000000004a0       0x58 /opt/avrada/avr/lib/gnat/avr_lib/atmega328p/lib/libavrada.a(avr-real_time-clock_impl.o)
 .debug_frame   0x00000000000004f8      0x2e4 /opt/avrada/avr/lib/gnat/avr_lib/atmega328p/lib/libavrada.a(avr-uart.o)
 .debug_frame   0x00000000000007dc       0x34 /opt/avrada/avr/lib/gnat/avr_lib/atmega328p/lib/libavrada.a(avr-real_time-clock.o)
 .debug_frame   0x0000000000000810      0x134 /opt/avrada/avr/lib/gnat/avr_lib/atmega328p/lib/libavrada.a(avr-timer0.o)
 .debug_frame   0x0000000000000944      0x6f4 /opt/avrada/avr/lib/gnat/avr_lib/atmega328p/lib/libavrada.a(avr-real_time.o)
 .debug_frame   0x0000000000001038      0x148 /opt/avrada/avr/lib/gnat/avr_lib/atmega328p/lib/libavrada.a(avr-int_img.o)
 .debug_frame   0x0000000000001180       0x64 /opt/avrada/avr/lib/gnat/avr_lib/atmega328p/lib/libavrada.a(avr-sleep.o)

.debug_str      0x0000000000000000     0x3d3e
 *(.debug_str)
 .debug_str     0x0000000000000000      0x7e9 b~main.o
                                        0x805 (size before relaxing)
 .debug_str     0x00000000000007e9      0x13b /opt/avrada/lib/gcc/avr/4.7.0/rts/avr5/adalib/interfac.o
                                        0x149 (size before relaxing)
 .debug_str     0x0000000000000924      0x442 /opt/avrada/lib/gcc/avr/4.7.0/rts/avr5/adalib/system.o
                                        0x4b7 (size before relaxing)
 .debug_str     0x0000000000000d66      0x104 /opt/avrada/lib/gcc/avr/4.7.0/rts/avr5/adalib/a-except.o
                                        0x1ad (size before relaxing)
 .debug_str     0x0000000000000e6a      0x133 /opt/avrada/lib/gcc/avr/4.7.0/rts/avr5/adalib/s-maccod.o
                                        0x196 (size before relaxing)
 .debug_str     0x0000000000000f9d      0x1bd /opt/avrada/lib/gcc/avr/4.7.0/rts/avr5/adalib/s-stoele.o
                                        0x23c (size before relaxing)
 .debug_str     0x000000000000115a      0x19b /opt/avrada/lib/gcc/avr/4.7.0/rts/avr5/adalib/s-unstyp.o
                                        0x1fe (size before relaxing)
 .debug_str     0x00000000000012f5       0x1b /opt/avrada/lib/gcc/avr/4.7.0/rts/avr5/adalib/a-caldel.o
                                         0x9b (size before relaxing)
 .debug_str     0x0000000000001310      0x294 /home/helipse/Dropbox/AdaProg/AdaProg/20_1 - I2C MPU6050 - twi/objects/main.o
                                        0x377 (size before relaxing)
 .debug_str     0x00000000000015a4      0x440 /home/helipse/Dropbox/AdaProg/AdaProg/20_1 - I2C MPU6050 - twi/objects/two_wire.o
                                        0x537 (size before relaxing)
 .debug_str     0x00000000000019e4      0x472 /home/helipse/Dropbox/AdaProg/AdaProg/20_1 - I2C MPU6050 - twi/objects/i2c_mpu6050.o
                                        0x686 (size before relaxing)
 .debug_str     0x0000000000001e56      0x289 /opt/avrada/avr/lib/gnat/avr_lib/atmega328p/lib/libavrada.a(avr-real_time-delays.o)
                                        0x39f (size before relaxing)
 .debug_str     0x00000000000020df      0x111 /opt/avrada/avr/lib/gnat/avr_lib/atmega328p/lib/libavrada.a(avr-real_time-clock_impl.o)
                                        0x1fb (size before relaxing)
 .debug_str     0x00000000000021f0      0x92d /opt/avrada/avr/lib/gnat/avr_lib/atmega328p/lib/libavrada.a(avr-uart.o)
                                        0xbae (size before relaxing)
 .debug_str     0x0000000000002b1d       0x4c /opt/avrada/avr/lib/gnat/avr_lib/atmega328p/lib/libavrada.a(avr-real_time-clock.o)
                                        0x14d (size before relaxing)
 .debug_str     0x0000000000002b69      0x643 /opt/avrada/avr/lib/gnat/avr_lib/atmega328p/lib/libavrada.a(avr-timer0.o)
                                        0x7a6 (size before relaxing)
 .debug_str     0x00000000000031ac      0x79d /opt/avrada/avr/lib/gnat/avr_lib/atmega328p/lib/libavrada.a(avr-real_time.o)
                                        0xa12 (size before relaxing)
 .debug_str     0x0000000000003949      0x2b4 /opt/avrada/avr/lib/gnat/avr_lib/atmega328p/lib/libavrada.a(avr-int_img.o)
                                        0x4b3 (size before relaxing)
 .debug_str     0x0000000000003bfd      0x141 /opt/avrada/avr/lib/gnat/avr_lib/atmega328p/lib/libavrada.a(avr-sleep.o)
                                        0x363 (size before relaxing)

.debug_loc      0x0000000000000000     0x402e
 *(.debug_loc)
 .debug_loc     0x0000000000000000       0x90 /opt/avrada/lib/gcc/avr/4.7.0/rts/avr5/adalib/a-except.o
 .debug_loc     0x0000000000000090      0x17a /opt/avrada/lib/gcc/avr/4.7.0/rts/avr5/adalib/s-stoele.o
 .debug_loc     0x000000000000020a       0x5a /home/helipse/Dropbox/AdaProg/AdaProg/20_1 - I2C MPU6050 - twi/objects/main.o
 .debug_loc     0x0000000000000264      0x28a /home/helipse/Dropbox/AdaProg/AdaProg/20_1 - I2C MPU6050 - twi/objects/two_wire.o
 .debug_loc     0x00000000000004ee      0x39b /home/helipse/Dropbox/AdaProg/AdaProg/20_1 - I2C MPU6050 - twi/objects/i2c_mpu6050.o
 .debug_loc     0x0000000000000889      0x15f /opt/avrada/avr/lib/gnat/avr_lib/atmega328p/lib/libavrada.a(avr-real_time-delays.o)
 .debug_loc     0x00000000000009e8       0xbf /opt/avrada/avr/lib/gnat/avr_lib/atmega328p/lib/libavrada.a(avr-real_time-clock_impl.o)
 .debug_loc     0x0000000000000aa7      0xbe9 /opt/avrada/avr/lib/gnat/avr_lib/atmega328p/lib/libavrada.a(avr-uart.o)
 .debug_loc     0x0000000000001690       0x48 /opt/avrada/avr/lib/gnat/avr_lib/atmega328p/lib/libavrada.a(avr-real_time-clock.o)
 .debug_loc     0x00000000000016d8       0x42 /opt/avrada/avr/lib/gnat/avr_lib/atmega328p/lib/libavrada.a(avr-timer0.o)
 .debug_loc     0x000000000000171a     0x2151 /opt/avrada/avr/lib/gnat/avr_lib/atmega328p/lib/libavrada.a(avr-real_time.o)
 .debug_loc     0x000000000000386b      0x736 /opt/avrada/avr/lib/gnat/avr_lib/atmega328p/lib/libavrada.a(avr-int_img.o)
 .debug_loc     0x0000000000003fa1       0x8d /opt/avrada/avr/lib/gnat/avr_lib/atmega328p/lib/libavrada.a(avr-sleep.o)

.debug_macinfo
 *(.debug_macinfo)
OUTPUT(/home/helipse/Dropbox/AdaProg/AdaProg/20_1 - I2C MPU6050 - twi/main.elf elf32-avr)
LOAD linker stubs

.debug_ranges   0x0000000000000000      0x568
 .debug_ranges  0x0000000000000000       0x18 b~main.o
 .debug_ranges  0x0000000000000018       0x18 /opt/avrada/lib/gcc/avr/4.7.0/rts/avr5/adalib/a-except.o
 .debug_ranges  0x0000000000000030       0x50 /opt/avrada/lib/gcc/avr/4.7.0/rts/avr5/adalib/s-stoele.o
 .debug_ranges  0x0000000000000080       0x10 /home/helipse/Dropbox/AdaProg/AdaProg/20_1 - I2C MPU6050 - twi/objects/main.o
 .debug_ranges  0x0000000000000090       0x58 /home/helipse/Dropbox/AdaProg/AdaProg/20_1 - I2C MPU6050 - twi/objects/two_wire.o
 .debug_ranges  0x00000000000000e8       0x50 /home/helipse/Dropbox/AdaProg/AdaProg/20_1 - I2C MPU6050 - twi/objects/i2c_mpu6050.o
 .debug_ranges  0x0000000000000138       0x18 /opt/avrada/avr/lib/gnat/avr_lib/atmega328p/lib/libavrada.a(avr-real_time-delays.o)
 .debug_ranges  0x0000000000000150       0x18 /opt/avrada/avr/lib/gnat/avr_lib/atmega328p/lib/libavrada.a(avr-real_time-clock_impl.o)
 .debug_ranges  0x0000000000000168       0xf8 /opt/avrada/avr/lib/gnat/avr_lib/atmega328p/lib/libavrada.a(avr-uart.o)
 .debug_ranges  0x0000000000000260       0x10 /opt/avrada/avr/lib/gnat/avr_lib/atmega328p/lib/libavrada.a(avr-real_time-clock.o)
 .debug_ranges  0x0000000000000270       0x98 /opt/avrada/avr/lib/gnat/avr_lib/atmega328p/lib/libavrada.a(avr-timer0.o)
 .debug_ranges  0x0000000000000308      0x168 /opt/avrada/avr/lib/gnat/avr_lib/atmega328p/lib/libavrada.a(avr-real_time.o)
 .debug_ranges  0x0000000000000470       0xc8 /opt/avrada/avr/lib/gnat/avr_lib/atmega328p/lib/libavrada.a(avr-int_img.o)
 .debug_ranges  0x0000000000000538       0x30 /opt/avrada/avr/lib/gnat/avr_lib/atmega328p/lib/libavrada.a(avr-sleep.o)

Cross Reference Table

Symbol                                            File
__bad_interrupt                                   /opt/avrada/lib/gcc/avr/4.7.0/../../../../avr/lib/avr5/crtm328p.o
__bss_end                                         /opt/avrada/lib/gcc/avr/4.7.0/avr5/libgcc.a(_clear_bss.o)
__bss_start                                       /opt/avrada/lib/gcc/avr/4.7.0/avr5/libgcc.a(_clear_bss.o)
__data_end                                        /opt/avrada/lib/gcc/avr/4.7.0/avr5/libgcc.a(_copy_data.o)
__data_load_start                                 /opt/avrada/lib/gcc/avr/4.7.0/avr5/libgcc.a(_copy_data.o)
__data_start                                      /opt/avrada/lib/gcc/avr/4.7.0/avr5/libgcc.a(_copy_data.o)
__divmodhi4                                       /opt/avrada/lib/gcc/avr/4.7.0/avr5/libgcc.a(_divmodhi4.o)
                                                  /home/helipse/Dropbox/AdaProg/AdaProg/20_1 - I2C MPU6050 - twi/objects/main.o
__divmodsi4                                       /opt/avrada/lib/gcc/avr/4.7.0/avr5/libgcc.a(_divmodsi4.o)
                                                  /opt/avrada/avr/lib/gnat/avr_lib/atmega328p/lib/libavrada.a(avr-real_time.o)
__do_clear_bss                                    /opt/avrada/lib/gcc/avr/4.7.0/avr5/libgcc.a(_clear_bss.o)
                                                  /opt/avrada/avr/lib/gnat/avr_lib/atmega328p/lib/libavrada.a(avr-uart.o)
                                                  /opt/avrada/avr/lib/gnat/avr_lib/atmega328p/lib/libavrada.a(avr-real_time-clock_impl.o)
                                                  /home/helipse/Dropbox/AdaProg/AdaProg/20_1 - I2C MPU6050 - twi/objects/two_wire.o
__do_copy_data                                    /opt/avrada/lib/gcc/avr/4.7.0/avr5/libgcc.a(_copy_data.o)
                                                  /opt/avrada/avr/lib/gnat/avr_lib/atmega328p/lib/libavrada.a(avr-sleep.o)
                                                  /opt/avrada/avr/lib/gnat/avr_lib/atmega328p/lib/libavrada.a(avr-int_img.o)
                                                  /opt/avrada/avr/lib/gnat/avr_lib/atmega328p/lib/libavrada.a(avr-real_time.o)
                                                  /opt/avrada/avr/lib/gnat/avr_lib/atmega328p/lib/libavrada.a(avr-timer0.o)
                                                  /opt/avrada/avr/lib/gnat/avr_lib/atmega328p/lib/libavrada.a(avr-real_time-clock.o)
                                                  /opt/avrada/avr/lib/gnat/avr_lib/atmega328p/lib/libavrada.a(avr-uart.o)
                                                  /opt/avrada/avr/lib/gnat/avr_lib/atmega328p/lib/libavrada.a(avr-real_time-clock_impl.o)
                                                  /opt/avrada/avr/lib/gnat/avr_lib/atmega328p/lib/libavrada.a(avr-real_time-delays.o)
                                                  /home/helipse/Dropbox/AdaProg/AdaProg/20_1 - I2C MPU6050 - twi/objects/i2c_mpu6050.o
                                                  /home/helipse/Dropbox/AdaProg/AdaProg/20_1 - I2C MPU6050 - twi/objects/two_wire.o
                                                  /home/helipse/Dropbox/AdaProg/AdaProg/20_1 - I2C MPU6050 - twi/objects/main.o
                                                  /opt/avrada/lib/gcc/avr/4.7.0/rts/avr5/adalib/a-caldel.o
                                                  /opt/avrada/lib/gcc/avr/4.7.0/rts/avr5/adalib/s-unstyp.o
                                                  /opt/avrada/lib/gcc/avr/4.7.0/rts/avr5/adalib/s-stoele.o
                                                  /opt/avrada/lib/gcc/avr/4.7.0/rts/avr5/adalib/s-maccod.o
                                                  /opt/avrada/lib/gcc/avr/4.7.0/rts/avr5/adalib/a-except.o
                                                  /opt/avrada/lib/gcc/avr/4.7.0/rts/avr5/adalib/system.o
                                                  /opt/avrada/lib/gcc/avr/4.7.0/rts/avr5/adalib/interfac.o
                                                  /opt/avrada/lib/gcc/avr/4.7.0/rts/avr5/adalib/a-calend.o
                                                  /opt/avrada/lib/gcc/avr/4.7.0/rts/avr5/adalib/ada.o
                                                  b~main.o
__gnat_ada_main_program_name                      b~main.o
__gnat_last_chance_handler                        /opt/avrada/lib/gcc/avr/4.7.0/rts/avr5/adalib/a-except.o
                                                  /opt/avrada/avr/lib/gnat/avr_lib/atmega328p/lib/libavrada.a(avr-timer0.o)
__gnat_version                                    b~main.o
__heap_end                                        /opt/avrada/lib/gcc/avr/4.7.0/../../../../avr/lib/avr5/crtm328p.o
__init                                            /opt/avrada/lib/gcc/avr/4.7.0/../../../../avr/lib/avr5/crtm328p.o
__mulohisi3                                       /opt/avrada/lib/gcc/avr/4.7.0/avr5/libgcc.a(_mulshisi3.o)
                                                  /opt/avrada/avr/lib/gnat/avr_lib/atmega328p/lib/libavrada.a(avr-real_time.o)
__mulshisi3                                       /opt/avrada/lib/gcc/avr/4.7.0/avr5/libgcc.a(_mulshisi3.o)
                                                  /opt/avrada/avr/lib/gnat/avr_lib/atmega328p/lib/libavrada.a(avr-real_time.o)
__mulsi3                                          /opt/avrada/lib/gcc/avr/4.7.0/avr5/libgcc.a(_mulsi3.o)
                                                  /opt/avrada/avr/lib/gnat/avr_lib/atmega328p/lib/libavrada.a(avr-real_time.o)
__muluhisi3                                       /opt/avrada/lib/gcc/avr/4.7.0/avr5/libgcc.a(_muluhisi3.o)
                                                  /opt/avrada/lib/gcc/avr/4.7.0/avr5/libgcc.a(_mulsi3.o)
                                                  /opt/avrada/lib/gcc/avr/4.7.0/avr5/libgcc.a(_mulshisi3.o)
                                                  /opt/avrada/avr/lib/gnat/avr_lib/atmega328p/lib/libavrada.a(avr-real_time.o)
__stack                                           /opt/avrada/lib/gcc/avr/4.7.0/../../../../avr/lib/avr5/crtm328p.o
__udivmodhi4                                      /opt/avrada/lib/gcc/avr/4.7.0/avr5/libgcc.a(_udivmodhi4.o)
                                                  /opt/avrada/lib/gcc/avr/4.7.0/../../../../avr/lib/avr5/libc.a(itoa.o)
                                                  /opt/avrada/lib/gcc/avr/4.7.0/avr5/libgcc.a(_divmodhi4.o)
                                                  /opt/avrada/avr/lib/gnat/avr_lib/atmega328p/lib/libavrada.a(avr-int_img.o)
                                                  /opt/avrada/lib/gcc/avr/4.7.0/rts/avr5/adalib/s-stoele.o
__udivmodqi4                                      /opt/avrada/lib/gcc/avr/4.7.0/avr5/libgcc.a(_udivmodqi4.o)
                                                  /opt/avrada/avr/lib/gnat/avr_lib/atmega328p/lib/libavrada.a(avr-int_img.o)
__udivmodsi4                                      /opt/avrada/lib/gcc/avr/4.7.0/avr5/libgcc.a(_udivmodsi4.o)
                                                  /opt/avrada/lib/gcc/avr/4.7.0/avr5/libgcc.a(_divmodsi4.o)
__umulhisi3                                       /opt/avrada/lib/gcc/avr/4.7.0/avr5/libgcc.a(_umulhisi3.o)
                                                  /opt/avrada/lib/gcc/avr/4.7.0/avr5/libgcc.a(_muluhisi3.o)
                                                  /opt/avrada/lib/gcc/avr/4.7.0/avr5/libgcc.a(_usmulhisi3.o)
__usmulhisi3                                      /opt/avrada/lib/gcc/avr/4.7.0/avr5/libgcc.a(_usmulhisi3.o)
                                                  /opt/avrada/avr/lib/gnat/avr_lib/atmega328p/lib/libavrada.a(avr-real_time.o)
__usmulhisi3_tail                                 /opt/avrada/lib/gcc/avr/4.7.0/avr5/libgcc.a(_usmulhisi3.o)
__vector_1                                        /opt/avrada/lib/gcc/avr/4.7.0/../../../../avr/lib/avr5/crtm328p.o
__vector_10                                       /opt/avrada/lib/gcc/avr/4.7.0/../../../../avr/lib/avr5/crtm328p.o
__vector_11                                       /opt/avrada/lib/gcc/avr/4.7.0/../../../../avr/lib/avr5/crtm328p.o
__vector_12                                       /opt/avrada/lib/gcc/avr/4.7.0/../../../../avr/lib/avr5/crtm328p.o
__vector_13                                       /opt/avrada/lib/gcc/avr/4.7.0/../../../../avr/lib/avr5/crtm328p.o
__vector_14                                       /opt/avrada/avr/lib/gnat/avr_lib/atmega328p/lib/libavrada.a(avr-real_time-clock_impl.o)
                                                  /opt/avrada/lib/gcc/avr/4.7.0/../../../../avr/lib/avr5/crtm328p.o
__vector_15                                       /opt/avrada/lib/gcc/avr/4.7.0/../../../../avr/lib/avr5/crtm328p.o
__vector_16                                       /opt/avrada/lib/gcc/avr/4.7.0/../../../../avr/lib/avr5/crtm328p.o
__vector_17                                       /opt/avrada/lib/gcc/avr/4.7.0/../../../../avr/lib/avr5/crtm328p.o
__vector_18                                       /opt/avrada/avr/lib/gnat/avr_lib/atmega328p/lib/libavrada.a(avr-uart.o)
                                                  /opt/avrada/lib/gcc/avr/4.7.0/../../../../avr/lib/avr5/crtm328p.o
__vector_19                                       /opt/avrada/lib/gcc/avr/4.7.0/../../../../avr/lib/avr5/crtm328p.o
__vector_2                                        /opt/avrada/lib/gcc/avr/4.7.0/../../../../avr/lib/avr5/crtm328p.o
__vector_20                                       /opt/avrada/lib/gcc/avr/4.7.0/../../../../avr/lib/avr5/crtm328p.o
__vector_21                                       /opt/avrada/lib/gcc/avr/4.7.0/../../../../avr/lib/avr5/crtm328p.o
__vector_22                                       /opt/avrada/lib/gcc/avr/4.7.0/../../../../avr/lib/avr5/crtm328p.o
__vector_23                                       /opt/avrada/lib/gcc/avr/4.7.0/../../../../avr/lib/avr5/crtm328p.o
__vector_24                                       /home/helipse/Dropbox/AdaProg/AdaProg/20_1 - I2C MPU6050 - twi/objects/two_wire.o
                                                  /opt/avrada/lib/gcc/avr/4.7.0/../../../../avr/lib/avr5/crtm328p.o
__vector_25                                       /opt/avrada/lib/gcc/avr/4.7.0/../../../../avr/lib/avr5/crtm328p.o
__vector_3                                        /opt/avrada/lib/gcc/avr/4.7.0/../../../../avr/lib/avr5/crtm328p.o
__vector_4                                        /opt/avrada/lib/gcc/avr/4.7.0/../../../../avr/lib/avr5/crtm328p.o
__vector_5                                        /opt/avrada/lib/gcc/avr/4.7.0/../../../../avr/lib/avr5/crtm328p.o
__vector_6                                        /opt/avrada/lib/gcc/avr/4.7.0/../../../../avr/lib/avr5/crtm328p.o
__vector_7                                        /opt/avrada/lib/gcc/avr/4.7.0/../../../../avr/lib/avr5/crtm328p.o
__vector_8                                        /opt/avrada/lib/gcc/avr/4.7.0/../../../../avr/lib/avr5/crtm328p.o
__vector_9                                        /opt/avrada/lib/gcc/avr/4.7.0/../../../../avr/lib/avr5/crtm328p.o
__vector_default                                  /opt/avrada/lib/gcc/avr/4.7.0/../../../../avr/lib/avr5/crtm328p.o
__vectors                                         /opt/avrada/lib/gcc/avr/4.7.0/../../../../avr/lib/avr5/crtm328p.o
_ada_avr__real_time__clock                        /opt/avrada/avr/lib/gnat/avr_lib/atmega328p/lib/libavrada.a(avr-real_time-clock.o)
                                                  /opt/avrada/avr/lib/gnat/avr_lib/atmega328p/lib/libavrada.a(avr-real_time-delays.o)
_ada_main                                         /home/helipse/Dropbox/AdaProg/AdaProg/20_1 - I2C MPU6050 - twi/objects/main.o
                                                  b~main.o
_div                                              /opt/avrada/lib/gcc/avr/4.7.0/avr5/libgcc.a(_divmodhi4.o)
_exit                                             /opt/avrada/lib/gcc/avr/4.7.0/avr5/libgcc.a(_exit.o)
_hex_img::avr__int_img(void) __restrict           /opt/avrada/avr/lib/gnat/avr_lib/atmega328p/lib/libavrada.a(avr-int_img.o)
                                                  /opt/avrada/avr/lib/gnat/avr_lib/atmega328p/lib/libavrada.a(avr-uart.o)
adaS                                              b~main.o
ada_E                                             /opt/avrada/lib/gcc/avr/4.7.0/rts/avr5/adalib/ada.o
ada__calendarS                                    b~main.o
ada__calendar_E                                   /opt/avrada/lib/gcc/avr/4.7.0/rts/avr5/adalib/a-calend.o
ada__calendar__delaysS                            b~main.o
ada__calendar__delays_E                           /opt/avrada/lib/gcc/avr/4.7.0/rts/avr5/adalib/a-caldel.o
ada__calendar__delays__delay_for                  /opt/avrada/avr/lib/gnat/avr_lib/atmega328p/lib/libavrada.a(avr-real_time-delays.o)
                                                  /home/helipse/Dropbox/AdaProg/AdaProg/20_1 - I2C MPU6050 - twi/objects/main.o
ada__calendar__delays__delay_until                /opt/avrada/avr/lib/gnat/avr_lib/atmega328p/lib/libavrada.a(avr-real_time-delays.o)
ada__calendar__delays__timeIP                     /opt/avrada/lib/gcc/avr/4.7.0/rts/avr5/adalib/a-caldel.o
ada__exceptionsB                                  b~main.o
ada__exceptionsS                                  b~main.o
ada__exceptions_E                                 /opt/avrada/lib/gcc/avr/4.7.0/rts/avr5/adalib/a-except.o
ada__exceptions__null_id                          /opt/avrada/lib/gcc/avr/4.7.0/rts/avr5/adalib/a-except.o
ada__exceptions__raise_exception                  /opt/avrada/lib/gcc/avr/4.7.0/rts/avr5/adalib/a-except.o
ada__exceptions__reset                            /opt/avrada/lib/gcc/avr/4.7.0/rts/avr5/adalib/a-except.o
ada_main_E                                        b~main.o
adainit                                           b~main.o
avr(short, long,...)(...)(signed *)               b~main.o
avrB                                              b~main.o
avrS                                              b~main.o
avr__atmega328pS                                  b~main.o
avr__configS                                      b~main.o
avr__int_imgB                                     b~main.o
avr__int_imgS                                     b~main.o
avr__int_img_E                                    /opt/avrada/avr/lib/gnat/avr_lib/atmega328p/lib/libavrada.a(avr-int_img.o)
avr__int_img__nibble_hex_img                      /opt/avrada/avr/lib/gnat/avr_lib/atmega328p/lib/libavrada.a(avr-int_img.o)
avr__int_img__u16_img                             /opt/avrada/avr/lib/gnat/avr_lib/atmega328p/lib/libavrada.a(avr-int_img.o)
                                                  /opt/avrada/avr/lib/gnat/avr_lib/atmega328p/lib/libavrada.a(avr-uart.o)
avr__int_img__u16_img_right                       /opt/avrada/avr/lib/gnat/avr_lib/atmega328p/lib/libavrada.a(avr-int_img.o)
avr__int_img__u32_img                             /opt/avrada/avr/lib/gnat/avr_lib/atmega328p/lib/libavrada.a(avr-int_img.o)
                                                  /opt/avrada/avr/lib/gnat/avr_lib/atmega328p/lib/libavrada.a(avr-real_time.o)
avr__int_img__u8_img                              /opt/avrada/avr/lib/gnat/avr_lib/atmega328p/lib/libavrada.a(avr-int_img.o)
                                                  /opt/avrada/avr/lib/gnat/avr_lib/atmega328p/lib/libavrada.a(avr-uart.o)
avr__int_img__u8_img_99_right                     /opt/avrada/avr/lib/gnat/avr_lib/atmega328p/lib/libavrada.a(avr-int_img.o)
avr__int_img__u8_img_c                            /opt/avrada/avr/lib/gnat/avr_lib/atmega328p/lib/libavrada.a(avr-int_img.o)
avr__int_img__u8_img_right                        /opt/avrada/avr/lib/gnat/avr_lib/atmega328p/lib/libavrada.a(avr-int_img.o)
avr__interruptsB                                  b~main.o
avr__interruptsS                                  b~main.o
avr__mcuS                                         b~main.o
avr__programspaceB                                b~main.o
avr__programspaceS                                b~main.o
avr__real_timeB                                   b~main.o
avr__real_timeS                                   b~main.o
avr__real_time_E                                  /opt/avrada/avr/lib/gnat/avr_lib/atmega328p/lib/libavrada.a(avr-real_time.o)
avr__real_time__Oadd                              /opt/avrada/avr/lib/gnat/avr_lib/atmega328p/lib/libavrada.a(avr-real_time.o)
                                                  /opt/avrada/avr/lib/gnat/avr_lib/atmega328p/lib/libavrada.a(avr-real_time-delays.o)
avr__real_time__Oadd__2                           /opt/avrada/avr/lib/gnat/avr_lib/atmega328p/lib/libavrada.a(avr-real_time.o)
avr__real_time__Oge                               /opt/avrada/avr/lib/gnat/avr_lib/atmega328p/lib/libavrada.a(avr-real_time.o)
avr__real_time__Ogt                               /opt/avrada/avr/lib/gnat/avr_lib/atmega328p/lib/libavrada.a(avr-real_time.o)
                                                  /opt/avrada/avr/lib/gnat/avr_lib/atmega328p/lib/libavrada.a(avr-real_time-delays.o)
avr__real_time__Ole                               /opt/avrada/avr/lib/gnat/avr_lib/atmega328p/lib/libavrada.a(avr-real_time.o)
avr__real_time__Olt                               /opt/avrada/avr/lib/gnat/avr_lib/atmega328p/lib/libavrada.a(avr-real_time.o)
avr__real_time__Osubtract                         /opt/avrada/avr/lib/gnat/avr_lib/atmega328p/lib/libavrada.a(avr-real_time.o)
avr__real_time__Osubtract__2                      /opt/avrada/avr/lib/gnat/avr_lib/atmega328p/lib/libavrada.a(avr-real_time.o)
avr__real_time__clockB                            b~main.o
avr__real_time__clockS                            b~main.o
avr__real_time__clock_E                           /opt/avrada/avr/lib/gnat/avr_lib/atmega328p/lib/libavrada.a(avr-real_time-clock.o)
                                                  b~main.o
avr__real_time__clock_implB                       b~main.o
avr__real_time__clock_implS                       b~main.o
avr__real_time__clock_impl_E                      /opt/avrada/avr/lib/gnat/avr_lib/atmega328p/lib/libavrada.a(avr-real_time-clock_impl.o)
                                                  b~main.o
avr__real_time__clock_impl___elabb                /opt/avrada/avr/lib/gnat/avr_lib/atmega328p/lib/libavrada.a(avr-real_time-clock_impl.o)
                                                  b~main.o
avr__real_time__clock_impl__now                   /opt/avrada/avr/lib/gnat/avr_lib/atmega328p/lib/libavrada.a(avr-real_time-clock_impl.o)
                                                  /opt/avrada/avr/lib/gnat/avr_lib/atmega328p/lib/libavrada.a(avr-real_time-clock.o)
avr__real_time__date_image                        /opt/avrada/avr/lib/gnat/avr_lib/atmega328p/lib/libavrada.a(avr-real_time.o)
avr__real_time__date_image_short                  /opt/avrada/avr/lib/gnat/avr_lib/atmega328p/lib/libavrada.a(avr-real_time.o)
avr__real_time__day                               /opt/avrada/avr/lib/gnat/avr_lib/atmega328p/lib/libavrada.a(avr-real_time.o)
avr__real_time__day_nameN                         /opt/avrada/avr/lib/gnat/avr_lib/atmega328p/lib/libavrada.a(avr-real_time.o)
avr__real_time__day_nameS                         /opt/avrada/avr/lib/gnat/avr_lib/atmega328p/lib/libavrada.a(avr-real_time.o)
avr__real_time__day_of_week                       /opt/avrada/avr/lib/gnat/avr_lib/atmega328p/lib/libavrada.a(avr-real_time.o)
avr__real_time__delaysB                           b~main.o
avr__real_time__delaysS                           b~main.o
avr__real_time__delays_E                          /opt/avrada/avr/lib/gnat/avr_lib/atmega328p/lib/libavrada.a(avr-real_time-delays.o)
                                                  b~main.o
avr__real_time__fract_image                       /opt/avrada/avr/lib/gnat/avr_lib/atmega328p/lib/libavrada.a(avr-real_time.o)
avr__real_time__hour                              /opt/avrada/avr/lib/gnat/avr_lib/atmega328p/lib/libavrada.a(avr-real_time.o)
avr__real_time__hours                             /opt/avrada/avr/lib/gnat/avr_lib/atmega328p/lib/libavrada.a(avr-real_time.o)
avr__real_time__image                             /opt/avrada/avr/lib/gnat/avr_lib/atmega328p/lib/libavrada.a(avr-real_time.o)
avr__real_time__image__2                          /opt/avrada/avr/lib/gnat/avr_lib/atmega328p/lib/libavrada.a(avr-real_time.o)
avr__real_time__julian_date                       /opt/avrada/avr/lib/gnat/avr_lib/atmega328p/lib/libavrada.a(avr-real_time.o)
avr__real_time__julian_day                        /opt/avrada/avr/lib/gnat/avr_lib/atmega328p/lib/libavrada.a(avr-real_time.o)
avr__real_time__microseconds                      /opt/avrada/avr/lib/gnat/avr_lib/atmega328p/lib/libavrada.a(avr-real_time.o)
avr__real_time__millisec_image                    /opt/avrada/avr/lib/gnat/avr_lib/atmega328p/lib/libavrada.a(avr-real_time.o)
avr__real_time__millisec_image__2                 /opt/avrada/avr/lib/gnat/avr_lib/atmega328p/lib/libavrada.a(avr-real_time.o)
avr__real_time__milliseconds                      /opt/avrada/avr/lib/gnat/avr_lib/atmega328p/lib/libavrada.a(avr-real_time.o)
avr__real_time__minute                            /opt/avrada/avr/lib/gnat/avr_lib/atmega328p/lib/libavrada.a(avr-real_time.o)
avr__real_time__minutes                           /opt/avrada/avr/lib/gnat/avr_lib/atmega328p/lib/libavrada.a(avr-real_time.o)
avr__real_time__month                             /opt/avrada/avr/lib/gnat/avr_lib/atmega328p/lib/libavrada.a(avr-real_time.o)
avr__real_time__second                            /opt/avrada/avr/lib/gnat/avr_lib/atmega328p/lib/libavrada.a(avr-real_time.o)
avr__real_time__seconds                           /opt/avrada/avr/lib/gnat/avr_lib/atmega328p/lib/libavrada.a(avr-real_time.o)
avr__real_time__seconds__2                        /opt/avrada/avr/lib/gnat/avr_lib/atmega328p/lib/libavrada.a(avr-real_time.o)
avr__real_time__seconds_of                        /opt/avrada/avr/lib/gnat/avr_lib/atmega328p/lib/libavrada.a(avr-real_time.o)
avr__real_time__split                             /opt/avrada/avr/lib/gnat/avr_lib/atmega328p/lib/libavrada.a(avr-real_time.o)
avr__real_time__split__2                          /opt/avrada/avr/lib/gnat/avr_lib/atmega328p/lib/libavrada.a(avr-real_time.o)
avr__real_time__split__3                          /opt/avrada/avr/lib/gnat/avr_lib/atmega328p/lib/libavrada.a(avr-real_time.o)
avr__real_time__sub_second                        /opt/avrada/avr/lib/gnat/avr_lib/atmega328p/lib/libavrada.a(avr-real_time.o)
avr__real_time__sum_days_in_month                 /opt/avrada/avr/lib/gnat/avr_lib/atmega328p/lib/libavrada.a(avr-real_time.o)
avr__real_time__tick                              /opt/avrada/avr/lib/gnat/avr_lib/atmega328p/lib/libavrada.a(avr-real_time.o)
avr__real_time__timeIP                            /opt/avrada/avr/lib/gnat/avr_lib/atmega328p/lib/libavrada.a(avr-real_time.o)
avr__real_time__time_first                        /opt/avrada/avr/lib/gnat/avr_lib/atmega328p/lib/libavrada.a(avr-real_time.o)
avr__real_time__time_image                        /opt/avrada/avr/lib/gnat/avr_lib/atmega328p/lib/libavrada.a(avr-real_time.o)
avr__real_time__time_image_short                  /opt/avrada/avr/lib/gnat/avr_lib/atmega328p/lib/libavrada.a(avr-real_time.o)
avr__real_time__time_last                         /opt/avrada/avr/lib/gnat/avr_lib/atmega328p/lib/libavrada.a(avr-real_time.o)
avr__real_time__time_of                           /opt/avrada/avr/lib/gnat/avr_lib/atmega328p/lib/libavrada.a(avr-real_time.o)
avr__real_time__value                             /opt/avrada/avr/lib/gnat/avr_lib/atmega328p/lib/libavrada.a(avr-real_time.o)
avr__real_time__value__2                          /opt/avrada/avr/lib/gnat/avr_lib/atmega328p/lib/libavrada.a(avr-real_time.o)
avr__real_time__year                              /opt/avrada/avr/lib/gnat/avr_lib/atmega328p/lib/libavrada.a(avr-real_time.o)
avr__sleepB                                       b~main.o
avr__sleep_E                                      /opt/avrada/avr/lib/gnat/avr_lib/atmega328p/lib/libavrada.a(avr-sleep.o)
avr__sleep__disable                               /opt/avrada/avr/lib/gnat/avr_lib/atmega328p/lib/libavrada.a(avr-sleep.o)
avr__sleep__enable                                /opt/avrada/avr/lib/gnat/avr_lib/atmega328p/lib/libavrada.a(avr-sleep.o)
avr__sleep__go_sleeping                           /opt/avrada/avr/lib/gnat/avr_lib/atmega328p/lib/libavrada.a(avr-sleep.o)
avr__sleep__go_sleeping_if                        /opt/avrada/avr/lib/gnat/avr_lib/atmega328p/lib/libavrada.a(avr-sleep.o)
avr__sleep__set_mode                              /opt/avrada/avr/lib/gnat/avr_lib/atmega328p/lib/libavrada.a(avr-sleep.o)
                                                  /opt/avrada/avr/lib/gnat/avr_lib/atmega328p/lib/libavrada.a(avr-real_time-delays.o)
avr__sleep__sleep_ctrl_bits                       /opt/avrada/avr/lib/gnat/avr_lib/atmega328p/lib/libavrada.a(avr-sleep.o)
avr__sleep__sleep_mode_tN                         /opt/avrada/avr/lib/gnat/avr_lib/atmega328p/lib/libavrada.a(avr-sleep.o)
avr__sleep__sleep_mode_tS                         /opt/avrada/avr/lib/gnat/avr_lib/atmega328p/lib/libavrada.a(avr-sleep.o)
avr__stringsS                                     b~main.o
avr__timer0B                                      b~main.o
avr__timer0S                                      b~main.o
avr__timer0_E                                     /opt/avrada/avr/lib/gnat/avr_lib/atmega328p/lib/libavrada.a(avr-timer0.o)
avr__timer0__count                                /opt/avrada/avr/lib/gnat/avr_lib/atmega328p/lib/libavrada.a(avr-timer0.o)
avr__timer0__ctrl_reg                             /opt/avrada/avr/lib/gnat/avr_lib/atmega328p/lib/libavrada.a(avr-timer0.o)
avr__timer0__enable_interrupt_compare             /opt/avrada/avr/lib/gnat/avr_lib/atmega328p/lib/libavrada.a(avr-timer0.o)
avr__timer0__enable_interrupt_overflow            /opt/avrada/avr/lib/gnat/avr_lib/atmega328p/lib/libavrada.a(avr-timer0.o)
avr__timer0__init_ctc                             /opt/avrada/avr/lib/gnat/avr_lib/atmega328p/lib/libavrada.a(avr-timer0.o)
                                                  /opt/avrada/avr/lib/gnat/avr_lib/atmega328p/lib/libavrada.a(avr-real_time-clock_impl.o)
avr__timer0__init_normal                          /opt/avrada/avr/lib/gnat/avr_lib/atmega328p/lib/libavrada.a(avr-timer0.o)
avr__timer0__interrupt_mask                       /opt/avrada/avr/lib/gnat/avr_lib/atmega328p/lib/libavrada.a(avr-timer0.o)
avr__timer0__no_clock_source                      /opt/avrada/avr/lib/gnat/avr_lib/atmega328p/lib/libavrada.a(avr-timer0.o)
avr__timer0__no_prescaling                        /opt/avrada/avr/lib/gnat/avr_lib/atmega328p/lib/libavrada.a(avr-timer0.o)
avr__timer0__output_compare_reg                   /opt/avrada/avr/lib/gnat/avr_lib/atmega328p/lib/libavrada.a(avr-timer0.o)
avr__timer0__prescale_reg                         /opt/avrada/avr/lib/gnat/avr_lib/atmega328p/lib/libavrada.a(avr-timer0.o)
avr__timer0__scale_by_1024                        /opt/avrada/avr/lib/gnat/avr_lib/atmega328p/lib/libavrada.a(avr-timer0.o)
avr__timer0__scale_by_128                         /opt/avrada/avr/lib/gnat/avr_lib/atmega328p/lib/libavrada.a(avr-timer0.o)
avr__timer0__scale_by_256                         /opt/avrada/avr/lib/gnat/avr_lib/atmega328p/lib/libavrada.a(avr-timer0.o)
avr__timer0__scale_by_32                          /opt/avrada/avr/lib/gnat/avr_lib/atmega328p/lib/libavrada.a(avr-timer0.o)
avr__timer0__scale_by_64                          /opt/avrada/avr/lib/gnat/avr_lib/atmega328p/lib/libavrada.a(avr-timer0.o)
avr__timer0__scale_by_8                           /opt/avrada/avr/lib/gnat/avr_lib/atmega328p/lib/libavrada.a(avr-timer0.o)
avr__timer0__set_output_compare_mode_clear        /opt/avrada/avr/lib/gnat/avr_lib/atmega328p/lib/libavrada.a(avr-timer0.o)
avr__timer0__set_output_compare_mode_normal       /opt/avrada/avr/lib/gnat/avr_lib/atmega328p/lib/libavrada.a(avr-timer0.o)
avr__timer0__set_output_compare_mode_set          /opt/avrada/avr/lib/gnat/avr_lib/atmega328p/lib/libavrada.a(avr-timer0.o)
avr__timer0__set_output_compare_mode_toggle       /opt/avrada/avr/lib/gnat/avr_lib/atmega328p/lib/libavrada.a(avr-timer0.o)
avr__timer0__set_overflow_at                      /opt/avrada/avr/lib/gnat/avr_lib/atmega328p/lib/libavrada.a(avr-timer0.o)
avr__timer0__signal_compare                       /opt/avrada/avr/lib/gnat/avr_lib/atmega328p/lib/libavrada.a(avr-timer0.o)
avr__timer0__signal_overflow                      /opt/avrada/avr/lib/gnat/avr_lib/atmega328p/lib/libavrada.a(avr-timer0.o)
avr__timer0__stop                                 /opt/avrada/avr/lib/gnat/avr_lib/atmega328p/lib/libavrada.a(avr-timer0.o)
avr__uart(char, long double, long, float)         /opt/avrada/avr/lib/gnat/avr_lib/atmega328p/lib/libavrada.a(avr-uart.o)
                                                  /home/helipse/Dropbox/AdaProg/AdaProg/20_1 - I2C MPU6050 - twi/objects/main.o
avr__uartB                                        b~main.o
avr__uartS                                        b~main.o
avr__uart_E                                       /opt/avrada/avr/lib/gnat/avr_lib/atmega328p/lib/libavrada.a(avr-uart.o)
avr__uart__Oadd                                   /opt/avrada/avr/lib/gnat/avr_lib/atmega328p/lib/libavrada.a(avr-uart.o)
avr__uart__baud_115200_14_7mhz                    /opt/avrada/avr/lib/gnat/avr_lib/atmega328p/lib/libavrada.a(avr-uart.o)
avr__uart__baud_115200_16mhz                      /opt/avrada/avr/lib/gnat/avr_lib/atmega328p/lib/libavrada.a(avr-uart.o)
avr__uart__baud_115200_20mhz                      /opt/avrada/avr/lib/gnat/avr_lib/atmega328p/lib/libavrada.a(avr-uart.o)
avr__uart__baud_1200_1mhz                         /opt/avrada/avr/lib/gnat/avr_lib/atmega328p/lib/libavrada.a(avr-uart.o)
avr__uart__baud_19200_12mhz                       /opt/avrada/avr/lib/gnat/avr_lib/atmega328p/lib/libavrada.a(avr-uart.o)
avr__uart__baud_19200_16mhz                       /opt/avrada/avr/lib/gnat/avr_lib/atmega328p/lib/libavrada.a(avr-uart.o)
avr__uart__baud_19200_20mhz                       /opt/avrada/avr/lib/gnat/avr_lib/atmega328p/lib/libavrada.a(avr-uart.o)
avr__uart__baud_19200_4mhz                        /opt/avrada/avr/lib/gnat/avr_lib/atmega328p/lib/libavrada.a(avr-uart.o)
avr__uart__baud_19200_8mhz                        /opt/avrada/avr/lib/gnat/avr_lib/atmega328p/lib/libavrada.a(avr-uart.o)
avr__uart__baud_2400_4mhz                         /opt/avrada/avr/lib/gnat/avr_lib/atmega328p/lib/libavrada.a(avr-uart.o)
avr__uart__baud_38400_16mhz                       /opt/avrada/avr/lib/gnat/avr_lib/atmega328p/lib/libavrada.a(avr-uart.o)
avr__uart__baud_38400_20mhz                       /opt/avrada/avr/lib/gnat/avr_lib/atmega328p/lib/libavrada.a(avr-uart.o)
avr__uart__baud_38400_8mhz                        /opt/avrada/avr/lib/gnat/avr_lib/atmega328p/lib/libavrada.a(avr-uart.o)
avr__uart__baud_4800_12mhz                        /opt/avrada/avr/lib/gnat/avr_lib/atmega328p/lib/libavrada.a(avr-uart.o)
avr__uart__baud_4800_1mhz                         /opt/avrada/avr/lib/gnat/avr_lib/atmega328p/lib/libavrada.a(avr-uart.o)
avr__uart__baud_4800_4mhz                         /opt/avrada/avr/lib/gnat/avr_lib/atmega328p/lib/libavrada.a(avr-uart.o)
avr__uart__baud_4800_8mhz                         /opt/avrada/avr/lib/gnat/avr_lib/atmega328p/lib/libavrada.a(avr-uart.o)
avr__uart__baud_57600_12mhz                       /opt/avrada/avr/lib/gnat/avr_lib/atmega328p/lib/libavrada.a(avr-uart.o)
avr__uart__baud_57600_16mhz                       /opt/avrada/avr/lib/gnat/avr_lib/atmega328p/lib/libavrada.a(avr-uart.o)
avr__uart__baud_76800_16mhz                       /opt/avrada/avr/lib/gnat/avr_lib/atmega328p/lib/libavrada.a(avr-uart.o)
avr__uart__baud_76800_20mhz                       /opt/avrada/avr/lib/gnat/avr_lib/atmega328p/lib/libavrada.a(avr-uart.o)
avr__uart__baud_9600_12mhz                        /opt/avrada/avr/lib/gnat/avr_lib/atmega328p/lib/libavrada.a(avr-uart.o)
avr__uart__baud_9600_16mhz                        /opt/avrada/avr/lib/gnat/avr_lib/atmega328p/lib/libavrada.a(avr-uart.o)
avr__uart__baud_9600_20mhz                        /opt/avrada/avr/lib/gnat/avr_lib/atmega328p/lib/libavrada.a(avr-uart.o)
avr__uart__baud_9600_8mhz                         /opt/avrada/avr/lib/gnat/avr_lib/atmega328p/lib/libavrada.a(avr-uart.o)
avr__uart__get                                    /opt/avrada/avr/lib/gnat/avr_lib/atmega328p/lib/libavrada.a(avr-uart.o)
avr__uart__get_line                               /opt/avrada/avr/lib/gnat/avr_lib/atmega328p/lib/libavrada.a(avr-uart.o)
avr__uart__get_raw                                /opt/avrada/avr/lib/gnat/avr_lib/atmega328p/lib/libavrada.a(avr-uart.o)
avr__uart__get_raw__2                             /opt/avrada/avr/lib/gnat/avr_lib/atmega328p/lib/libavrada.a(avr-uart.o)
avr__uart__have_input                             /opt/avrada/avr/lib/gnat/avr_lib/atmega328p/lib/libavrada.a(avr-uart.o)
avr__uart__init                                   /opt/avrada/avr/lib/gnat/avr_lib/atmega328p/lib/libavrada.a(avr-uart.o)
                                                  /home/helipse/Dropbox/AdaProg/AdaProg/20_1 - I2C MPU6050 - twi/objects/main.o
avr__uart__init_common                            /opt/avrada/avr/lib/gnat/avr_lib/atmega328p/lib/libavrada.a(avr-uart.o)
avr__uart__init_interrupt_read                    /opt/avrada/avr/lib/gnat/avr_lib/atmega328p/lib/libavrada.a(avr-uart.o)
avr__uart__new_line                               /opt/avrada/avr/lib/gnat/avr_lib/atmega328p/lib/libavrada.a(avr-uart.o)
avr__uart__put                                    /opt/avrada/avr/lib/gnat/avr_lib/atmega328p/lib/libavrada.a(avr-uart.o)
avr__uart__put__2                                 /opt/avrada/avr/lib/gnat/avr_lib/atmega328p/lib/libavrada.a(avr-uart.o)
                                                  /home/helipse/Dropbox/AdaProg/AdaProg/20_1 - I2C MPU6050 - twi/objects/main.o
avr__uart__put__3                                 /opt/avrada/avr/lib/gnat/avr_lib/atmega328p/lib/libavrada.a(avr-uart.o)
avr__uart__put__5                                 /opt/avrada/avr/lib/gnat/avr_lib/atmega328p/lib/libavrada.a(avr-uart.o)
                                                  /home/helipse/Dropbox/AdaProg/AdaProg/20_1 - I2C MPU6050 - twi/objects/main.o
avr__uart__put__6                                 /opt/avrada/avr/lib/gnat/avr_lib/atmega328p/lib/libavrada.a(avr-uart.o)
                                                  /home/helipse/Dropbox/AdaProg/AdaProg/20_1 - I2C MPU6050 - twi/objects/main.o
avr__uart__put__7                                 /opt/avrada/avr/lib/gnat/avr_lib/atmega328p/lib/libavrada.a(avr-uart.o)
avr__uart__put__8                                 /opt/avrada/avr/lib/gnat/avr_lib/atmega328p/lib/libavrada.a(avr-uart.o)
avr__uart__put_c                                  /opt/avrada/avr/lib/gnat/avr_lib/atmega328p/lib/libavrada.a(avr-uart.o)
avr__uart__put_line                               /opt/avrada/avr/lib/gnat/avr_lib/atmega328p/lib/libavrada.a(avr-uart.o)
avr__uart__put_line__2                            /opt/avrada/avr/lib/gnat/avr_lib/atmega328p/lib/libavrada.a(avr-uart.o)
avr__uart__put_raw                                /opt/avrada/avr/lib/gnat/avr_lib/atmega328p/lib/libavrada.a(avr-uart.o)
avr__uart__receive_mode                           /opt/avrada/avr/lib/gnat/avr_lib/atmega328p/lib/libavrada.a(avr-uart.o)
avr__uart__receive_mode_tN                        /opt/avrada/avr/lib/gnat/avr_lib/atmega328p/lib/libavrada.a(avr-uart.o)
avr__uart__receive_mode_tS                        /opt/avrada/avr/lib/gnat/avr_lib/atmega328p/lib/libavrada.a(avr-uart.o)
avr__uart__rx_buf                                 /opt/avrada/avr/lib/gnat/avr_lib/atmega328p/lib/libavrada.a(avr-uart.o)
avr__uart__rx_inx                                 /opt/avrada/avr/lib/gnat/avr_lib/atmega328p/lib/libavrada.a(avr-uart.o)
avr__uart__rx_outx                                /opt/avrada/avr/lib/gnat/avr_lib/atmega328p/lib/libavrada.a(avr-uart.o)
avr__uart_configS                                 b~main.o
exit                                              /opt/avrada/lib/gcc/avr/4.7.0/avr5/libgcc.a(_exit.o)
                                                  /opt/avrada/lib/gcc/avr/4.7.0/../../../../avr/lib/avr5/crtm328p.o
i2c_mpu6050B                                      b~main.o
i2c_mpu6050S                                      b~main.o
i2c_mpu6050_E                                     /home/helipse/Dropbox/AdaProg/AdaProg/20_1 - I2C MPU6050 - twi/objects/i2c_mpu6050.o
                                                  b~main.o
i2c_mpu6050__mpu6050_getdeviceid                  /home/helipse/Dropbox/AdaProg/AdaProg/20_1 - I2C MPU6050 - twi/objects/i2c_mpu6050.o
                                                  /home/helipse/Dropbox/AdaProg/AdaProg/20_1 - I2C MPU6050 - twi/objects/main.o
i2c_mpu6050__mpu6050_getmotion6                   /home/helipse/Dropbox/AdaProg/AdaProg/20_1 - I2C MPU6050 - twi/objects/i2c_mpu6050.o
                                                  /home/helipse/Dropbox/AdaProg/AdaProg/20_1 - I2C MPU6050 - twi/objects/main.o
i2c_mpu6050__mpu6050_initialize                   /home/helipse/Dropbox/AdaProg/AdaProg/20_1 - I2C MPU6050 - twi/objects/i2c_mpu6050.o
                                                  /home/helipse/Dropbox/AdaProg/AdaProg/20_1 - I2C MPU6050 - twi/objects/main.o
i2c_mpu6050__mpu6050_setclocksource               /home/helipse/Dropbox/AdaProg/AdaProg/20_1 - I2C MPU6050 - twi/objects/i2c_mpu6050.o
i2c_mpu6050__mpu6050_setfullscaleaccelrange       /home/helipse/Dropbox/AdaProg/AdaProg/20_1 - I2C MPU6050 - twi/objects/i2c_mpu6050.o
i2c_mpu6050__mpu6050_setfullscalegyrorange        /home/helipse/Dropbox/AdaProg/AdaProg/20_1 - I2C MPU6050 - twi/objects/i2c_mpu6050.o
i2c_mpu6050__mpu6050_setsleepenable               /home/helipse/Dropbox/AdaProg/AdaProg/20_1 - I2C MPU6050 - twi/objects/i2c_mpu6050.o
i2c_mpu6050__mpu6050_testconnection               /home/helipse/Dropbox/AdaProg/AdaProg/20_1 - I2C MPU6050 - twi/objects/i2c_mpu6050.o
                                                  /home/helipse/Dropbox/AdaProg/AdaProg/20_1 - I2C MPU6050 - twi/objects/main.o
i2c_mpu6050__t_accelrangeN                        /home/helipse/Dropbox/AdaProg/AdaProg/20_1 - I2C MPU6050 - twi/objects/i2c_mpu6050.o
i2c_mpu6050__t_accelrangeS                        /home/helipse/Dropbox/AdaProg/AdaProg/20_1 - I2C MPU6050 - twi/objects/i2c_mpu6050.o
i2c_mpu6050__t_clocksourceN                       /home/helipse/Dropbox/AdaProg/AdaProg/20_1 - I2C MPU6050 - twi/objects/i2c_mpu6050.o
i2c_mpu6050__t_clocksourceS                       /home/helipse/Dropbox/AdaProg/AdaProg/20_1 - I2C MPU6050 - twi/objects/i2c_mpu6050.o
i2c_mpu6050__t_gyrorangeN                         /home/helipse/Dropbox/AdaProg/AdaProg/20_1 - I2C MPU6050 - twi/objects/i2c_mpu6050.o
i2c_mpu6050__t_gyrorangeS                         /home/helipse/Dropbox/AdaProg/AdaProg/20_1 - I2C MPU6050 - twi/objects/i2c_mpu6050.o
i2c_mpu6050__t_imu_dataIP                         /home/helipse/Dropbox/AdaProg/AdaProg/20_1 - I2C MPU6050 - twi/objects/i2c_mpu6050.o
interfacesS                                       b~main.o
interfaces_E                                      /opt/avrada/lib/gcc/avr/4.7.0/rts/avr5/adalib/interfac.o
itoa                                              /opt/avrada/lib/gcc/avr/4.7.0/../../../../avr/lib/avr5/libc.a(itoa.o)
                                                  /opt/avrada/avr/lib/gnat/avr_lib/atmega328p/lib/libavrada.a(avr-int_img.o)
main                                              b~main.o
                                                  /opt/avrada/lib/gcc/avr/4.7.0/../../../../avr/lib/avr5/crtm328p.o
mainB                                             b~main.o
strrev                                            /opt/avrada/lib/gcc/avr/4.7.0/../../../../avr/lib/avr5/libc.a(strrev.o)
                                                  /opt/avrada/lib/gcc/avr/4.7.0/../../../../avr/lib/avr5/libc.a(itoa.o)
systemS                                           b~main.o
system_E                                          /opt/avrada/lib/gcc/avr/4.7.0/rts/avr5/adalib/system.o
system__always_compatible_rep                     /opt/avrada/lib/gcc/avr/4.7.0/rts/avr5/adalib/system.o
system__backend_divide_checks                     /opt/avrada/lib/gcc/avr/4.7.0/rts/avr5/adalib/system.o
system__backend_overflow_checks                   /opt/avrada/lib/gcc/avr/4.7.0/rts/avr5/adalib/system.o
system__bit_orderN                                /opt/avrada/lib/gcc/avr/4.7.0/rts/avr5/adalib/system.o
system__bit_orderS                                /opt/avrada/lib/gcc/avr/4.7.0/rts/avr5/adalib/system.o
system__command_line_args                         /opt/avrada/lib/gcc/avr/4.7.0/rts/avr5/adalib/system.o
system__configurable_run_time                     /opt/avrada/lib/gcc/avr/4.7.0/rts/avr5/adalib/system.o
system__default_bit_order                         /opt/avrada/lib/gcc/avr/4.7.0/rts/avr5/adalib/system.o
system__default_priority                          /opt/avrada/lib/gcc/avr/4.7.0/rts/avr5/adalib/system.o
system__denorm                                    /opt/avrada/lib/gcc/avr/4.7.0/rts/avr5/adalib/system.o
system__duration_32_bits                          /opt/avrada/lib/gcc/avr/4.7.0/rts/avr5/adalib/system.o
system__exit_status_supported                     /opt/avrada/lib/gcc/avr/4.7.0/rts/avr5/adalib/system.o
system__fractional_fixed_ops                      /opt/avrada/lib/gcc/avr/4.7.0/rts/avr5/adalib/system.o
system__frontend_layout                           /opt/avrada/lib/gcc/avr/4.7.0/rts/avr5/adalib/system.o
system__gcc_zcx_support                           /opt/avrada/lib/gcc/avr/4.7.0/rts/avr5/adalib/system.o
system__machine_codeS                             b~main.o
system__machine_code_E                            /opt/avrada/lib/gcc/avr/4.7.0/rts/avr5/adalib/s-maccod.o
system__machine_code__asm_input_operand_listIP    /opt/avrada/lib/gcc/avr/4.7.0/rts/avr5/adalib/s-maccod.o
system__machine_code__asm_output_operand_listIP   /opt/avrada/lib/gcc/avr/4.7.0/rts/avr5/adalib/s-maccod.o
system__machine_code__no_input_operands           /opt/avrada/lib/gcc/avr/4.7.0/rts/avr5/adalib/s-maccod.o
system__machine_code__no_output_operands          /opt/avrada/lib/gcc/avr/4.7.0/rts/avr5/adalib/s-maccod.o
system__machine_overflows                         /opt/avrada/lib/gcc/avr/4.7.0/rts/avr5/adalib/system.o
system__machine_rounds                            /opt/avrada/lib/gcc/avr/4.7.0/rts/avr5/adalib/system.o
system__max_interrupt_priority                    /opt/avrada/lib/gcc/avr/4.7.0/rts/avr5/adalib/system.o
system__max_priority                              /opt/avrada/lib/gcc/avr/4.7.0/rts/avr5/adalib/system.o
system__nameN                                     /opt/avrada/lib/gcc/avr/4.7.0/rts/avr5/adalib/system.o
system__nameS                                     /opt/avrada/lib/gcc/avr/4.7.0/rts/avr5/adalib/system.o
system__null_address                              /opt/avrada/lib/gcc/avr/4.7.0/rts/avr5/adalib/system.o
system__preallocated_stacks                       /opt/avrada/lib/gcc/avr/4.7.0/rts/avr5/adalib/system.o
system__run_time_name                             /opt/avrada/lib/gcc/avr/4.7.0/rts/avr5/adalib/system.o
system__signed_zeros                              /opt/avrada/lib/gcc/avr/4.7.0/rts/avr5/adalib/system.o
system__stack_check_default                       /opt/avrada/lib/gcc/avr/4.7.0/rts/avr5/adalib/system.o
system__stack_check_limits                        /opt/avrada/lib/gcc/avr/4.7.0/rts/avr5/adalib/system.o
system__stack_check_probes                        /opt/avrada/lib/gcc/avr/4.7.0/rts/avr5/adalib/system.o
system__storage_elementsB                         b~main.o
system__storage_elementsS                         b~main.o
system__storage_elements_E                        /opt/avrada/lib/gcc/avr/4.7.0/rts/avr5/adalib/s-stoele.o
system__storage_elements__Oadd                    /opt/avrada/lib/gcc/avr/4.7.0/rts/avr5/adalib/s-stoele.o
system__storage_elements__Oadd__2                 /opt/avrada/lib/gcc/avr/4.7.0/rts/avr5/adalib/s-stoele.o
system__storage_elements__Omod                    /opt/avrada/lib/gcc/avr/4.7.0/rts/avr5/adalib/s-stoele.o
system__storage_elements__Osubtract               /opt/avrada/lib/gcc/avr/4.7.0/rts/avr5/adalib/s-stoele.o
system__storage_elements__Osubtract__2            /opt/avrada/lib/gcc/avr/4.7.0/rts/avr5/adalib/s-stoele.o
system__storage_elements__dummy_communication_blockIP /opt/avrada/lib/gcc/avr/4.7.0/rts/avr5/adalib/s-stoele.o
system__storage_elements__storage_arrayIP         /opt/avrada/lib/gcc/avr/4.7.0/rts/avr5/adalib/s-stoele.o
system__storage_elements__to_address              /opt/avrada/lib/gcc/avr/4.7.0/rts/avr5/adalib/s-stoele.o
system__storage_elements__to_integer              /opt/avrada/lib/gcc/avr/4.7.0/rts/avr5/adalib/s-stoele.o
system__support_aggregates                        /opt/avrada/lib/gcc/avr/4.7.0/rts/avr5/adalib/system.o
system__support_composite_assign                  /opt/avrada/lib/gcc/avr/4.7.0/rts/avr5/adalib/system.o
system__support_composite_compare                 /opt/avrada/lib/gcc/avr/4.7.0/rts/avr5/adalib/system.o
system__support_long_shifts                       /opt/avrada/lib/gcc/avr/4.7.0/rts/avr5/adalib/system.o
system__suppress_standard_library                 /opt/avrada/lib/gcc/avr/4.7.0/rts/avr5/adalib/system.o
system__system_name                               /opt/avrada/lib/gcc/avr/4.7.0/rts/avr5/adalib/system.o
system__unsigned_typesS                           b~main.o
system__unsigned_types_E                          /opt/avrada/lib/gcc/avr/4.7.0/rts/avr5/adalib/s-unstyp.o